###############################################################################
#
# IAR ELF Linker V8.50.1.245/W32 for ARM                  15/Jan/2021  07:46:46
# Copyright 2007-2020 IAR Systems AB.
#
#    Output file  =
#        C:\work\AtmelSoftPAck\atmel-software-package-2.17\examples\lcd\build\sam9x60-ek\ddram\Exe\lcd.out
#    Map file     =
#        C:\work\AtmelSoftPAck\atmel-software-package-2.17\examples\lcd\build\sam9x60-ek\ddram\List\lcd.map
#    Command line =
#        -f C:\Users\c40450\AppData\Local\Temp\EW3EE5.tmp
#        (C:\work\AtmelSoftPAck\atmel-software-package-2.17\examples\lcd\build\sam9x60-ek\ddram\Obj\aic5.o
#        C:\work\AtmelSoftPAck\atmel-software-package-2.17\examples\lcd\build\sam9x60-ek\ddram\Obj\board_console.o
#        C:\work\AtmelSoftPAck\atmel-software-package-2.17\examples\lcd\build\sam9x60-ek\ddram\Obj\board_lcd.o
#        C:\work\AtmelSoftPAck\atmel-software-package-2.17\examples\lcd\build\sam9x60-ek\ddram\Obj\board_led.o
#        C:\work\AtmelSoftPAck\atmel-software-package-2.17\examples\lcd\build\sam9x60-ek\ddram\Obj\board_sam9x60-ek.o
#        C:\work\AtmelSoftPAck\atmel-software-package-2.17\examples\lcd\build\sam9x60-ek\ddram\Obj\board_support.o
#        C:\work\AtmelSoftPAck\atmel-software-package-2.17\examples\lcd\build\sam9x60-ek\ddram\Obj\board_timer.o
#        C:\work\AtmelSoftPAck\atmel-software-package-2.17\examples\lcd\build\sam9x60-ek\ddram\Obj\bus.o
#        C:\work\AtmelSoftPAck\atmel-software-package-2.17\examples\lcd\build\sam9x60-ek\ddram\Obj\cache.o
#        C:\work\AtmelSoftPAck\atmel-software-package-2.17\examples\lcd\build\sam9x60-ek\ddram\Obj\callback.o
#        C:\work\AtmelSoftPAck\atmel-software-package-2.17\examples\lcd\build\sam9x60-ek\ddram\Obj\chip.o
#        C:\work\AtmelSoftPAck\atmel-software-package-2.17\examples\lcd\build\sam9x60-ek\ddram\Obj\chip_common.o
#        C:\work\AtmelSoftPAck\atmel-software-package-2.17\examples\lcd\build\sam9x60-ek\ddram\Obj\console.o
#        C:\work\AtmelSoftPAck\atmel-software-package-2.17\examples\lcd\build\sam9x60-ek\ddram\Obj\cstartup.o
#        C:\work\AtmelSoftPAck\atmel-software-package-2.17\examples\lcd\build\sam9x60-ek\ddram\Obj\dbgu.o
#        C:\work\AtmelSoftPAck\atmel-software-package-2.17\examples\lcd\build\sam9x60-ek\ddram\Obj\ddram.o
#        C:\work\AtmelSoftPAck\atmel-software-package-2.17\examples\lcd\build\sam9x60-ek\ddram\Obj\dma.o
#        C:\work\AtmelSoftPAck\atmel-software-package-2.17\examples\lcd\build\sam9x60-ek\ddram\Obj\dma_xdmac.o
#        C:\work\AtmelSoftPAck\atmel-software-package-2.17\examples\lcd\build\sam9x60-ek\ddram\Obj\fault_handlers.o
#        C:\work\AtmelSoftPAck\atmel-software-package-2.17\examples\lcd\build\sam9x60-ek\ddram\Obj\flexcom.o
#        C:\work\AtmelSoftPAck\atmel-software-package-2.17\examples\lcd\build\sam9x60-ek\ddram\Obj\font.o
#        C:\work\AtmelSoftPAck\atmel-software-package-2.17\examples\lcd\build\sam9x60-ek\ddram\Obj\intmath.o
#        C:\work\AtmelSoftPAck\atmel-software-package-2.17\examples\lcd\build\sam9x60-ek\ddram\Obj\irq.o
#        C:\work\AtmelSoftPAck\atmel-software-package-2.17\examples\lcd\build\sam9x60-ek\ddram\Obj\l1cache_cp15.o
#        C:\work\AtmelSoftPAck\atmel-software-package-2.17\examples\lcd\build\sam9x60-ek\ddram\Obj\lcd_draw.o
#        C:\work\AtmelSoftPAck\atmel-software-package-2.17\examples\lcd\build\sam9x60-ek\ddram\Obj\lcd_font.o
#        C:\work\AtmelSoftPAck\atmel-software-package-2.17\examples\lcd\build\sam9x60-ek\ddram\Obj\lcdc.o
#        C:\work\AtmelSoftPAck\atmel-software-package-2.17\examples\lcd\build\sam9x60-ek\ddram\Obj\led.o
#        C:\work\AtmelSoftPAck\atmel-software-package-2.17\examples\lcd\build\sam9x60-ek\ddram\Obj\main.o
#        C:\work\AtmelSoftPAck\atmel-software-package-2.17\examples\lcd\build\sam9x60-ek\ddram\Obj\matrix.o
#        C:\work\AtmelSoftPAck\atmel-software-package-2.17\examples\lcd\build\sam9x60-ek\ddram\Obj\mmu_cp15.o
#        C:\work\AtmelSoftPAck\atmel-software-package-2.17\examples\lcd\build\sam9x60-ek\ddram\Obj\mpddrc.o
#        C:\work\AtmelSoftPAck\atmel-software-package-2.17\examples\lcd\build\sam9x60-ek\ddram\Obj\mutex.o
#        C:\work\AtmelSoftPAck\atmel-software-package-2.17\examples\lcd\build\sam9x60-ek\ddram\Obj\otpc.o
#        C:\work\AtmelSoftPAck\atmel-software-package-2.17\examples\lcd\build\sam9x60-ek\ddram\Obj\pio3.o
#        C:\work\AtmelSoftPAck\atmel-software-package-2.17\examples\lcd\build\sam9x60-ek\ddram\Obj\pit.o
#        C:\work\AtmelSoftPAck\atmel-software-package-2.17\examples\lcd\build\sam9x60-ek\ddram\Obj\pmc.o
#        C:\work\AtmelSoftPAck\atmel-software-package-2.17\examples\lcd\build\sam9x60-ek\ddram\Obj\pwmc.o
#        C:\work\AtmelSoftPAck\atmel-software-package-2.17\examples\lcd\build\sam9x60-ek\ddram\Obj\rand.o
#        C:\work\AtmelSoftPAck\atmel-software-package-2.17\examples\lcd\build\sam9x60-ek\ddram\Obj\rstc.o
#        C:\work\AtmelSoftPAck\atmel-software-package-2.17\examples\lcd\build\sam9x60-ek\ddram\Obj\rtc.o
#        C:\work\AtmelSoftPAck\atmel-software-package-2.17\examples\lcd\build\sam9x60-ek\ddram\Obj\rtt.o
#        C:\work\AtmelSoftPAck\atmel-software-package-2.17\examples\lcd\build\sam9x60-ek\ddram\Obj\sdram.o
#        C:\work\AtmelSoftPAck\atmel-software-package-2.17\examples\lcd\build\sam9x60-ek\ddram\Obj\sdramc.o
#        C:\work\AtmelSoftPAck\atmel-software-package-2.17\examples\lcd\build\sam9x60-ek\ddram\Obj\seriald.o
#        C:\work\AtmelSoftPAck\atmel-software-package-2.17\examples\lcd\build\sam9x60-ek\ddram\Obj\shdwc.o
#        C:\work\AtmelSoftPAck\atmel-software-package-2.17\examples\lcd\build\sam9x60-ek\ddram\Obj\slowclock_sckc.o
#        C:\work\AtmelSoftPAck\atmel-software-package-2.17\examples\lcd\build\sam9x60-ek\ddram\Obj\smc.o
#        C:\work\AtmelSoftPAck\atmel-software-package-2.17\examples\lcd\build\sam9x60-ek\ddram\Obj\syscalls.o
#        C:\work\AtmelSoftPAck\atmel-software-package-2.17\examples\lcd\build\sam9x60-ek\ddram\Obj\tc.o
#        C:\work\AtmelSoftPAck\atmel-software-package-2.17\examples\lcd\build\sam9x60-ek\ddram\Obj\tcd.o
#        C:\work\AtmelSoftPAck\atmel-software-package-2.17\examples\lcd\build\sam9x60-ek\ddram\Obj\timer.o
#        C:\work\AtmelSoftPAck\atmel-software-package-2.17\examples\lcd\build\sam9x60-ek\ddram\Obj\trace.o
#        C:\work\AtmelSoftPAck\atmel-software-package-2.17\examples\lcd\build\sam9x60-ek\ddram\Obj\usart.o
#        C:\work\AtmelSoftPAck\atmel-software-package-2.17\examples\lcd\build\sam9x60-ek\ddram\Obj\usartd.o
#        C:\work\AtmelSoftPAck\atmel-software-package-2.17\examples\lcd\build\sam9x60-ek\ddram\Obj\wdt.o
#        C:\work\AtmelSoftPAck\atmel-software-package-2.17\examples\lcd\build\sam9x60-ek\ddram\Obj\xdmac.o
#        --redirect _Printf=_PrintfSmallNoMb --redirect _Scanf=_ScanfSmallNoMb
#        --no_out_extension -o
#        C:\work\AtmelSoftPAck\atmel-software-package-2.17\examples\lcd\build\sam9x60-ek\ddram\Exe\lcd.out
#        --map
#        C:\work\AtmelSoftPAck\atmel-software-package-2.17\examples\lcd\build\sam9x60-ek\ddram\List\lcd.map
#        --config
#        C:\work\AtmelSoftPAck\atmel-software-package-2.17\examples\lcd\..\..\target\sam9x60\toolchain\iar\ddram.icf
#        --entry __iar_program_start --vfe --text_out locale)
#
###############################################################################

*******************************************************************************
*** RUNTIME MODEL ATTRIBUTES
***

CppFlavor       = *
__SystemLibrary = DLib
__dlib_version  = 6


*******************************************************************************
*** HEAP SELECTION
***

The basic heap was selected because no calls to memory allocation
functions were found in the application outside of system library
functions, and there are calls to deallocation functions in the
application.


*******************************************************************************
*** PLACEMENT SUMMARY
***

"A0":  place at start of [from 0x30'0000 to 0x30'ffff] { section .vectors };
define block SRAM { section .region_sram };
"P1":  place in [from 0x30'0000 to 0x30'ffff] { block SRAM };
define block IRQ_STACK with size = 96, alignment = 8 { };
"P2":  place in [from 0x30'0000 to 0x30'ffff] { block IRQ_STACK };
define block RAMCODE_BLOCK { section .ramcode_section };
"P3":  place in [from 0x30'0000 to 0x30'ffff] { block RAMCODE_BLOCK };
define block RAMDATA_BLOCK { section .ramdata_section };
"P5":  place in [from 0x30'0000 to 0x30'ffff] { block RAMDATA_BLOCK };
define block RAMCODE_BLOCK_init { section .ramcode_section_init };
"P4":  place in [from 0x2000'0000 to 0x23ff'ffff] { block RAMCODE_BLOCK_init };
define block RAMDATA_BLOCK_init { section .ramdata_section_init };
"P6":  place in [from 0x2000'0000 to 0x23ff'ffff] { block RAMDATA_BLOCK_init };
"P7":  place in [from 0x2000'0000 to 0x23ff'ffff] { ro };
"P8":  place in [from 0x2000'0000 to 0x23ff'ffff] { rw };
define block CACHE_ALIGNED_CONST
   with alignment = 32 { section .region_cache_aligned_const };
"P9":  place in [from 0x2000'0000 to 0x23ff'ffff] { block CACHE_ALIGNED_CONST };
"P10": place in [from 0x2000'0000 to 0x23ff'ffff] { zi };
define block CACHE_ALIGNED
   with alignment = 32 { section .region_cache_aligned };
"P11": place in [from 0x2000'0000 to 0x23ff'ffff] { block CACHE_ALIGNED };
define block DDRAM { section .region_ddr };
"P12": place in [from 0x2000'0000 to 0x23ff'ffff] { block DDRAM };
define block HEAP with size = 512, alignment = 4 { };
"P13": place in [from 0x2000'0000 to 0x23ff'ffff] { block HEAP };
define block ABT_STACK with size = 64, alignment = 8 { };
"P14": place in [from 0x2000'0000 to 0x23ff'ffff] { block ABT_STACK };
define block UND_STACK with size = 64, alignment = 8 { };
"P15": place in [from 0x2000'0000 to 0x23ff'ffff] { block UND_STACK };
define block SYS_STACK with size = 64, alignment = 8 { };
"P16": place in [from 0x2000'0000 to 0x23ff'ffff] { block SYS_STACK };
define block CSTACK with size = 2K, alignment = 8 { };
"P17": place in [from 0x2000'0000 to 0x23ff'ffff] { block CSTACK };
"A1":  place at start of [from 0x2000'0000 to 0x23ff'ffff] {
          section .cstartup };
do not initialize { section .region_ddr };
do not initialize { section .region_cache_aligned };
initialize by copy with packing = copy, complex ranges { section .vectors };

No sections matched the following patterns:

  section .ramcode_section             in block RAMCODE_BLOCK
  section .ramcode_section_init        in block RAMCODE_BLOCK_init
  section .ramdata_section             in block RAMDATA_BLOCK
  section .ramdata_section_init        in block RAMDATA_BLOCK_init
  section .region_cache_aligned_const  in block CACHE_ALIGNED_CONST
  section .region_nocache              in block NO_CACHE
  section .region_sram                 in block SRAM


  Section                 Kind         Address       Size  Object
  -------                 ----         -------       ----  ------
"A0":                                                0x3c
  section .vectors-1                 0x30'0000       0x3c  <Init block>
    .vectors              inited     0x30'0000       0x3c  cstartup.o [1]
                                   - 0x30'003c       0x3c

"P1-P3|P5":                                          0x60
  IRQ_STACK                          0x30'0040       0x60  <Block>
    IRQ_STACK             uninit     0x30'0040       0x60  <Block tail>
                                   - 0x30'00a0       0x60

"A1":                                                0xc8
  .cstartup               ro code  0x2000'0000       0xc8  cstartup.o [1]
                                 - 0x2000'00c8       0xc8

"P4|P6-P17", part 1 of 3:                          0x506c
  SOFTPACK                ro code  0x2000'00c8     0x1138  pmc.o [1]
  .text                   ro code  0x2000'1200       0x38  assert.o [2]
  SOFTPACK                ro code  0x2000'1238      0x184  timer.o [1]
  .text                   ro code  0x2000'13bc       0x40  printf.o [2]
  .text                   ro code  0x2000'13fc        0x8  ABImemclr4.o [3]
  .text                   ro code  0x2000'1404      0x1a8  I32DivMod.o [3]
  SOFTPACK                ro code  0x2000'15ac       0x1c  slowclock_sckc.o [1]
  SOFTPACK                ro code  0x2000'15c8        0x8  chip.o [1]
  .text                   ro code  0x2000'15d0        0x8  abort.o [2]
  SOFTPACK                ro code  0x2000'15d8      0x1f8  tc.o [1]
  SOFTPACK                ro code  0x2000'17d0       0x44  chip_common.o [1]
  SOFTPACK                ro code  0x2000'1814      0x160  irq.o [1]
  .text                   ro code  0x2000'1974      0x841  xprintfsmall_nomb.o [2]
  .text                   ro code  0x2000'21b8       0x38  ABImemset48.o [3]
  .text                   ro code  0x2000'21f0        0x4  IntDivZer.o [3]
  .text                   ro code  0x2000'21f4       0x14  XXexit.o [3]
  SOFTPACK                ro code  0x2000'2208       0xb4  aic5.o [1]
  .text                   ro code  0x2000'22bc       0x20  strchr.o [3]
  .text                   ro code  0x2000'22dc       0x60  xfail_s.o [2]
  .text                   ro code  0x2000'233c       0x54  strlen.o [3]
  .text                   ro code  0x2000'2390       0x94  memchr.o [3]
  SOFTPACK                ro code  0x2000'2424      0x5ec  lcdc.o [1]
  SOFTPACK                ro code  0x2000'2a10       0x50  cache.o [1]
  .text                   ro code  0x2000'2a60       0xd4  ABImemcpy.o [3]
  SOFTPACK                ro code  0x2000'2b34      0x17c  l1cache_cp15.o [1]
  SOFTPACK                ro code  0x2000'2cb0      0x570  pio3.o [1]
  SOFTPACK                ro code  0x2000'3220      0x438  board_support.o [1]
  SOFTPACK                ro code  0x2000'3658       0x10  wdt.o [1]
  SOFTPACK                ro code  0x2000'3668       0x14  board_timer.o [1]
  SOFTPACK                ro code  0x2000'367c      0x29c  ddram.o [1]
  SOFTPACK                ro code  0x2000'3918       0x7c  mmu_cp15.o [1]
  SOFTPACK                ro code  0x2000'3994      0x36c  mpddrc.o [1]
  .rodata                 const    0x2000'3d00      0x208  pmc.o [1]
  .rodata                 const    0x2000'3f08      0x138  lcdc.o [1]
  SOFTPACK                ro code  0x2000'4040      0x134  dma.o [1]
  SOFTPACK                ro code  0x2000'4174       0x30  mutex.o [1]
  SOFTPACK                ro code  0x2000'41a4       0x7c  xdmac.o [1]
  SOFTPACK                ro code  0x2000'4220       0x30  callback.o [1]
  SOFTPACK                ro code  0x2000'4250      0x130  dbgu.o [1]
  .rodata                 const    0x2000'4380      0x110  pio3.o [1]
  .rodata                 const    0x2000'4490       0xf0  board_support.o [1]
  SOFTPACK                ro code  0x2000'4580       0xe8  main.o [1]
  SOFTPACK                ro code  0x2000'4668       0x9c  led.o [1]
  SOFTPACK                ro code  0x2000'4704       0xd0  dma_xdmac.o [1]
  .rodata                 const    0x2000'47d4       0xbc  tc.o [1]
  SOFTPACK                ro code  0x2000'4890       0xac  seriald.o [1]
  .rodata                 const    0x2000'493c       0x98  xdmac.o [1]
  SOFTPACK                ro code  0x2000'49d4       0x94  console.o [1]
  .rodata                 const    0x2000'4a68       0x90  pmc.o [1]
  SOFTPACK                ro code  0x2000'4af8       0x80  board_console.o [1]
  .rodata                 const    0x2000'4b78       0x70  pmc.o [1]
  .rodata                 const    0x2000'4be8       0x70  pmc.o [1]
  .text                   ro code  0x2000'4c58       0x64  cstartup.o [1]
  SOFTPACK                ro code  0x2000'4cbc       0x50  matrix.o [1]
  .rodata                 const    0x2000'4d0c       0x4c  ddram.o [1]
  .rodata                 const    0x2000'4d58       0x4c  l1cache_cp15.o [1]
  .rodata                 const    0x2000'4da4       0x48  dbgu.o [1]
  .rodata                 const    0x2000'4dec       0x48  mmu_cp15.o [1]
  .rodata                 const    0x2000'4e34       0x44  irq.o [1]
  SOFTPACK                ro code  0x2000'4e78       0x40  board_sam9x60-ek.o [1]
  SOFTPACK                ro code  0x2000'4eb8       0x38  board_lcd.o [1]
  SOFTPACK                ro code  0x2000'4ef0       0x10  board_led.o [1]
  .text                   ro code  0x2000'4f00       0x3c  zero_init3.o [3]
  Initializer bytes       const    0x2000'4f3c       0x3c  <for section .vectors-1>
  .text                   ro code  0x2000'4f78       0x30  copy_init3.o [3]
  .text                   ro code  0x2000'4fa8       0x28  data_init.o [3]
  .rodata                 const    0x2000'4fd0       0x24  seriald.o [1]
  .text                   ro code  0x2000'4ff4       0x24  xprout.o [2]
  SOFTPACK                ro code  0x2000'5018       0x18  syscalls.o [1]
  .iar.init_table         const    0x2000'5030       0x24  - Linker created -
  .rodata                 const    0x2000'5054       0x18  pio3.o [1]
  .rodata                 const    0x2000'506c       0x10  board_sam9x60-ek.o [1]
  SOFTPACK                ro code  0x2000'507c       0x10  fault_handlers.o [1]
  .rodata                 const    0x2000'508c        0x8  lcdc.o [1]
  .rodata                 const    0x2000'5094        0x0  zero_init3.o [3]
  .rodata                 const    0x2000'5094        0x0  copy_init3.o [3]
  .data                   rw data  0x2000'5094       0x60  main.o [1]
  .data                   rw data  0x2000'50f4       0x30  board_led.o [1]
  .data                   rw data  0x2000'5124        0xc  pmc.o [1]
  .data                   rw data  0x2000'5130        0x4  trace.o [1]
                                 - 0x2000'5134     0x506c

"P4|P6-P17", part 2 of 3:                           0x7f8
  .bss                    zero     0x2000'5134      0x598  irq.o [1]
  .bss                    zero     0x2000'56cc      0x1cc  dma.o [1]
  .bss                    zero     0x2000'5898       0x68  lcdc.o [1]
  .bss                    zero     0x2000'5900       0x10  console.o [1]
  .bss                    zero     0x2000'5910       0x10  timer.o [1]
  .bss                    zero     0x2000'5920        0x8  led.o [1]
  .bss                    zero     0x2000'5928        0x4  xfail_s.o [2]
                                 - 0x2000'592c      0x7f8

"P4|P6-P17", part 3 of 3:                       0x11'ef80
  CACHE_ALIGNED                    0x2000'5940  0x11'9870  <Block>
    .region_cache_aligned
                          uninit   0x2000'5940      0x410  dma.o [1]
    .region_cache_aligned
                          uninit   0x2000'5d50       0x60  lcdc.o [1]
    .region_cache_aligned
                          uninit   0x2000'5db0  0x11'9400  main.o [1]
  DDRAM                            0x2012'0000     0x4000  <Block>
    .region_ddr           uninit   0x2012'0000     0x4000  board_support.o [1]
  ABT_STACK                        0x2012'4000       0x40  <Block>
    ABT_STACK             uninit   0x2012'4000       0x40  <Block tail>
  UND_STACK                        0x2012'4040       0x40  <Block>
    UND_STACK             uninit   0x2012'4040       0x40  <Block tail>
  SYS_STACK                        0x2012'4080       0x40  <Block>
    SYS_STACK             uninit   0x2012'4080       0x40  <Block tail>
  CSTACK                           0x2012'40c0      0x800  <Block>
    CSTACK                uninit   0x2012'40c0      0x800  <Block tail>
                                 - 0x2012'48c0  0x11'ef80

Unused ranges:

         From           To        Size
         ----           --        ----
    0x30'003c    0x30'003f         0x4
    0x30'00a0    0x30'ffff      0xff60
  0x2000'592c  0x2000'593f        0x14
  0x2012'48c0  0x23ff'ffff  0x3ed'b740


*******************************************************************************
*** INIT TABLE
***

          Address      Size
          -------      ----
Zero (__iar_zero_init3)
    1 destination range, total size 0x7f8:
          0x2000'5134  0x7f8

Copy (__iar_copy_init3)
    1 source range, total size 0x3c:
          0x2000'4f3c   0x3c
    1 destination range, total size 0x3c:
            0x30'0000   0x3c



*******************************************************************************
*** MODULE SUMMARY
***

    Module               ro code  rw code  ro data    rw data
    ------               -------  -------  -------    -------
command line/config:
    ---------------------------------------------------------
    Total:

C:\work\AtmelSoftPAck\atmel-software-package-2.17\examples\lcd\build\sam9x60-ek\ddram\Obj: [1]
    aic5.o                   180
    board_console.o          128
    board_lcd.o               56
    board_led.o               16                           48
    board_sam9x60-ek.o        64                16
    board_support.o        1'080               240     16'384
    board_timer.o             20
    cache.o                   80
    callback.o                48
    chip.o                     8
    chip_common.o             68
    console.o                148                           16
    cstartup.o               300       60       60
    dbgu.o                   304                72
    ddram.o                  668                76
    dma.o                    308                        1'500
    dma_xdmac.o              208
    fault_handlers.o          16
    irq.o                    352                68      1'432
    l1cache_cp15.o           380                76
    lcdc.o                 1'516               320        200
    led.o                    156                            8
    main.o                   232                    1'152'096
    matrix.o                  80
    mmu_cp15.o               124                72
    mpddrc.o                 876
    mutex.o                   48
    pio3.o                 1'392               296
    pmc.o                  4'408               888         12
    seriald.o                172                36
    slowclock_sckc.o          28
    syscalls.o                24
    tc.o                     504               188
    timer.o                  388                           16
    trace.o                                                 4
    wdt.o                     16
    xdmac.o                  124               152
    ---------------------------------------------------------
    Total:                14'520       60    2'560  1'171'716

dl5E_aln.a: [2]
    abort.o                    8
    assert.o                  56
    printf.o                  64
    xfail_s.o                 96                            4
    xprintfsmall_nomb.o    2'113
    xprout.o                  36
    ---------------------------------------------------------
    Total:                 2'373                            4

rt5E_al.a: [3]
    ABImemclr4.o               8
    ABImemcpy.o              212
    ABImemset48.o             56
    I32DivMod.o              424
    IntDivZer.o                4
    XXexit.o                  20
    copy_init3.o              48
    data_init.o               40
    memchr.o                 148
    strchr.o                  32
    strlen.o                  84
    zero_init3.o              60
    ---------------------------------------------------------
    Total:                 1'136

    Gaps                       3
    Linker created                              36      2'336
-------------------------------------------------------------
    Grand Total:          18'032       60    2'596  1'174'056


*******************************************************************************
*** ENTRY LIST
***

Entry                       Address       Size  Type      Object
-----                       -------       ----  ----      ------
.iar.init_table$$Base   0x2000'5030              --   Gb  - Linker created -
.iar.init_table$$Limit  0x2000'5054              --   Gb  - Linker created -
ABT_STACK$$Base         0x2012'4000              --   Gb  - Linker created -
ABT_STACK$$Limit        0x2012'4040              --   Gb  - Linker created -
CACHE_ALIGNED$$Base     0x2000'5940              --   Gb  - Linker created -
CACHE_ALIGNED$$Limit    0x2011'f1b0              --   Gb  - Linker created -
CSTACK$$Base            0x2012'40c0              --   Gb  - Linker created -
CSTACK$$Limit           0x2012'48c0              --   Gb  - Linker created -
DDRAM$$Base             0x2012'0000              --   Gb  - Linker created -
DDRAM$$Limit            0x2012'4000              --   Gb  - Linker created -
IRQ_STACK$$Base           0x30'0040              --   Gb  - Linker created -
IRQ_STACK$$Limit          0x30'00a0              --   Gb  - Linker created -
Region$$Table$$Base     0x2000'5030              --   Gb  - Linker created -
Region$$Table$$Limit    0x2000'5054              --   Gb  - Linker created -
SYS_STACK$$Base         0x2012'4080              --   Gb  - Linker created -
SYS_STACK$$Limit        0x2012'40c0              --   Gb  - Linker created -
UND_STACK$$Base         0x2012'4040              --   Gb  - Linker created -
UND_STACK$$Limit        0x2012'4080              --   Gb  - Linker created -
_LitobSmallNoMb         0x2000'1f80      0x178  Code  Lc  xprintfsmall_nomb.o [2]
_PrintfSmallNoMb        0x2000'1974      0x608  Code  Gb  xprintfsmall_nomb.o [2]
_Prout                  0x2000'4ff4       0x24  Code  Gb  xprout.o [2]
_PutcharSmallNoMb       0x2000'20f8       0x40  Code  Lc  xprintfsmall_nomb.o [2]
_PutcharsSmallNoMb      0x2000'2138       0x58  Code  Lc  xprintfsmall_nomb.o [2]
__aeabi_assert          0x2000'1200       0x18  Code  Gb  assert.o [2]
__aeabi_idiv            0x2000'1404             Code  Gb  I32DivMod.o [3]
__aeabi_idiv0           0x2000'21f0             Code  Gb  IntDivZer.o [3]
__aeabi_idivmod         0x2000'1404             Code  Gb  I32DivMod.o [3]
__aeabi_memclr4         0x2000'13fc             Code  Gb  ABImemclr4.o [3]
__aeabi_memcpy          0x2000'2a60             Code  Gb  ABImemcpy.o [3]
__aeabi_memcpy4         0x2000'2a84             Code  Gb  ABImemcpy.o [3]
__aeabi_memcpy8         0x2000'2a84             Code  Gb  ABImemcpy.o [3]
__aeabi_uidiv           0x2000'1430             Code  Gb  I32DivMod.o [3]
__aeabi_uidivmod        0x2000'1430             Code  Gb  I32DivMod.o [3]
__exit                  0x2000'21f4             Code  Gb  XXexit.o [3]
__iar_Fail_s            0x2000'22dc       0x3c  Code  Gb  xfail_s.o [2]
__iar_Memchr            0x2000'2390             Code  Gb  memchr.o [3]
__iar_Memset4_word      0x2000'21b8             Code  Gb  ABImemset48.o [3]
__iar_Memset8_word      0x2000'21b8             Code  Gb  ABImemset48.o [3]
__iar_Strchr            0x2000'22bc             Code  Gb  strchr.o [3]
__iar_copy_init3        0x2000'4f79       0x30  Code  Gb  copy_init3.o [3]
__iar_data_init3        0x2000'4fa9       0x28  Code  Gb  data_init.o [3]
__iar_program_start     0x2000'0020             Code  Gb  cstartup.o [1]
__iar_zero_init3        0x2000'4f01       0x3c  Code  Gb  zero_init3.o [3]
_base_buffer            0x2000'5db0  0x11'9400  Data  Lc  main.o [1]
_clear_dma_desc         0x2000'2424       0x3c  Code  Lc  lcdc.o [1]
_default_irq_handler    0x2000'1814       0x4c  Code  Lc  irq.o [1]
_dma_ctrl               0x2000'56cc      0x1cc  Data  Lc  dma.o [1]
_dma_sg_pool            0x2000'5940      0x410  Data  Lc  dma.o [1]
_init_w972gg6kb         0x2000'367c      0x1b8  Code  Lc  ddram.o [1]
_pmc_configure_pll      0x2000'0138      0x1c0  Code  Lc  pmc.o [1]
_pmc_get_pll_clock      0x2000'0384       0xb0  Code  Lc  pmc.o [1]
_pmc_get_pll_config     0x2000'02f8       0x8c  Code  Lc  pmc.o [1]
_pmc_get_system_clock_bits
                        0x2000'00c8       0x70  Code  Lc  pmc.o [1]
_pmc_main_oscillators   0x2000'5124        0x8  Data  Lc  pmc.o [1]
_pmc_mck                0x2000'512c        0x4  Data  Lc  pmc.o [1]
_reset_vector             0x30'0000             Data  Gb  cstartup.o [1]
_send_ext_lmr_cmd       0x2000'3994       0x2c  Code  Lc  mpddrc.o [1]
_timer                  0x2000'5910       0x10  Data  Lc  timer.o [1]
_timer_get_tick         0x2000'1268       0x3c  Code  Lc  timer.o [1]
abort                   0x2000'15d0        0x8  Code  Gb  abort.o [2]
aic_enable              0x2000'2290       0x1c  Code  Gb  aic5.o [1]
aic_get_current_interrupt_source
                        0x2000'22ac       0x10  Code  Gb  aic5.o [1]
aic_initialize          0x2000'220c       0x84  Code  Gb  aic5.o [1]
base_dma_desc           0x2000'5d50       0x10  Data  Lc  lcdc.o [1]
board_cfg_clocks_for_preset::plla_configs
                        0x2000'44c0       0xc0  Data  Lc  board_support.o [1]
board_cfg_console       0x2000'4af8       0x60  Code  Gb  board_console.o [1]
board_cfg_console::rx_pin
                        0x2000'4b68       0x10  Data  Lc  board_console.o [1]
board_cfg_console::tx_pin
                        0x2000'4b58       0x10  Data  Lc  board_console.o [1]
board_cfg_lcd           0x2000'4eb8       0x1c  Code  Gb  board_lcd.o [1]
board_cfg_lcd::lcd_desc
                        0x2000'4ee4        0xc  Data  Lc  board_lcd.o [1]
board_cfg_lcd::pins_lcd
                        0x2000'4ed4       0x10  Data  Lc  board_lcd.o [1]
board_cfg_led           0x2000'4ef0       0x10  Code  Gb  board_led.o [1]
board_cfg_lowlevel      0x2000'3220      0x10c  Code  Gb  board_support.o [1]
board_cfg_mmu           0x2000'332c      0x314  Code  Gb  board_support.o [1]
board_cfg_timer         0x2000'3668       0x14  Code  Gb  board_timer.o [1]
board_init              0x2000'4e78       0x40  Code  Wk  board_sam9x60-ek.o [1]
cache_clean_region      0x2000'2a38       0x28  Code  Gb  cache.o [1]
cache_invalidate_region
                        0x2000'2a10       0x28  Code  Gb  cache.o [1]
callback_call           0x2000'4230       0x20  Code  Gb  callback.o [1]
callback_set            0x2000'4220       0x10  Code  Gb  callback.o [1]
console                 0x2000'5900       0x10  Data  Lc  console.o [1]
console_configure       0x2000'49d4       0x84  Code  Gb  console.o [1]
console_put_char        0x2000'4a58        0xc  Code  Gb  console.o [1]
data_abort_irq_handler  0x2000'5084        0x4  Code  Gb  fault_handlers.o [1]
dbgu_configure          0x2000'4250       0xb8  Code  Gb  dbgu.o [1]
dbgu_disable_it         0x2000'4358        0x8  Code  Gb  dbgu.o [1]
dbgu_enable_it          0x2000'4350        0x8  Code  Gb  dbgu.o [1]
dbgu_get_char           0x2000'4320       0x14  Code  Gb  dbgu.o [1]
dbgu_is_rx_ready        0x2000'4344        0xc  Code  Gb  dbgu.o [1]
dbgu_is_tx_empty        0x2000'4334       0x10  Code  Gb  dbgu.o [1]
dbgu_put_char           0x2000'430c       0x14  Code  Gb  dbgu.o [1]
dcache_clean_region     0x2000'2c3c       0x50  Code  Gb  l1cache_cp15.o [1]
dcache_enable           0x2000'2b78       0x3c  Code  Gb  l1cache_cp15.o [1]
dcache_invalidate       0x2000'2bb4       0x38  Code  Gb  l1cache_cp15.o [1]
dcache_invalidate_region
                        0x2000'2bec       0x50  Code  Gb  l1cache_cp15.o [1]
dcache_is_enabled       0x2000'2b60       0x18  Code  Gb  l1cache_cp15.o [1]
ddram_configure         0x2000'3878       0x38  Code  Gb  ddram.o [1]
ddram_init_descriptor   0x2000'3834       0x44  Code  Gb  ddram.o [1]
dma_initialize          0x2000'4040      0x128  Code  Gb  dma.o [1]
dma_irq_handler         0x2000'4704       0xd0  Code  Gb  dma_xdmac.o [1]
fiqHandler              0x2000'4c58             Code  Gb  cstartup.o [1]
get_peripheral_clock_matrix_div
                        0x2000'15c8        0x8  Code  Gb  chip.o [1]
get_tc_id_from_addr     0x2000'17d0       0x28  Code  Gb  chip_common.o [1]
get_xdmac_addr_from_id  0x2000'1800       0x14  Code  Gb  chip_common.o [1]
handlers                0x2000'5600       0xcc  Data  Lc  irq.o [1]
handlers_pool           0x2000'5134      0x4c8  Data  Lc  irq.o [1]
heo_dma_desc            0x2000'5d80       0x10  Data  Lc  lcdc.o [1]
heo_dma_u_desc          0x2000'5d90       0x10  Data  Lc  lcdc.o [1]
heo_dma_v_desc          0x2000'5da0       0x10  Data  Lc  lcdc.o [1]
icache_enable           0x2000'2b40       0x20  Code  Gb  l1cache_cp15.o [1]
icache_invalidate       0x2000'2b34        0xc  Code  Gb  l1cache_cp15.o [1]
irqHandler              0x2000'4c5c             Code  Gb  cstartup.o [1]
irq_add_handler         0x2000'18c4       0x90  Code  Gb  irq.o [1]
irq_enable              0x2000'195c        0x4  Code  Gb  irq.o [1]
irq_initialize          0x2000'1860       0x64  Code  Gb  irq.o [1]
lcdc_base               0x2000'58b0       0x14  Data  Lc  lcdc.o [1]
lcdc_canvas             0x2000'58a4        0xc  Data  Lc  lcdc.o [1]
lcdc_config             0x2000'5898        0xc  Data  Lc  lcdc.o [1]
lcdc_configure          0x2000'2460      0x108  Code  Gb  lcdc.o [1]
lcdc_heo                0x2000'58ec       0x14  Data  Lc  lcdc.o [1]
lcdc_layers             0x2000'3f08      0x138  Data  Lc  lcdc.o [1]
lcdc_off                0x2000'28a4      0x11c  Code  Gb  lcdc.o [1]
lcdc_on                 0x2000'266c      0x238  Code  Gb  lcdc.o [1]
lcdc_ovr1               0x2000'58c4       0x14  Data  Lc  lcdc.o [1]
lcdc_ovr2               0x2000'58d8       0x14  Data  Lc  lcdc.o [1]
lcdc_put_image          0x2000'25e0       0x48  Code  Gb  lcdc.o [1]
lcdc_put_image_rotated  0x2000'2568       0x78  Code  Gb  lcdc.o [1]
lcdc_set_backlight      0x2000'29c0       0x20  Code  Gb  lcdc.o [1]
lcdc_show_base          0x2000'2628       0x44  Code  Gb  lcdc.o [1]
led_clear               0x2000'46bc       0x44  Code  Gb  led.o [1]
led_configure           0x2000'4668       0x10  Code  Gb  led.o [1]
led_count               0x2000'5924        0x4  Data  Lc  led.o [1]
led_set                 0x2000'4678       0x44  Code  Gb  led.o [1]
main                    0x2000'4580       0xe8  Code  Gb  main.o [1]
matrix_remap_ram        0x2000'4cbc       0x40  Code  Gb  matrix.o [1]
memchr                  0x2000'2390             Code  Gb  memchr.o [3]
mmu_configure           0x2000'3918       0x40  Code  Gb  mmu_cp15.o [1]
mmu_enable              0x2000'3968       0x18  Code  Gb  mmu_cp15.o [1]
mmu_is_enabled          0x2000'395c        0xc  Code  Gb  mmu_cp15.o [1]
mpddrc_configure        0x2000'39c0      0x314  Code  Gb  mpddrc.o [1]
mutex_lock              0x2000'4174       0x24  Code  Gb  mutex.o [1]
mutex_unlock            0x2000'4198        0xc  Code  Gb  mutex.o [1]
next_free_handler       0x2000'55fc        0x4  Data  Lc  irq.o [1]
ovr1_dma_desc           0x2000'5d60       0x10  Data  Lc  lcdc.o [1]
ovr2_dma_desc           0x2000'5d70       0x10  Data  Lc  lcdc.o [1]
pin_sel_dbgu            0x2000'506c       0x10  Data  Lc  board_sam9x60-ek.o [1]
pins_leds               0x2000'50f4       0x30  Data  Lc  board_led.o [1]
pins_leds               0x2000'5920        0x4  Data  Lc  led.o [1]
pio_clear               0x2000'30e4       0x70  Code  Gb  pio3.o [1]
pio_configure           0x2000'2cb0      0x3c0  Code  Gb  pio3.o [1]
pio_reset_all_it        0x2000'3160       0x98  Code  Gb  pio3.o [1]
pio_set                 0x2000'3070       0x74  Code  Gb  pio3.o [1]
pmc_configure_gck       0x2000'0da4       0xe4  Code  Gb  pmc.o [1]
pmc_configure_peripheral
                        0x2000'0bcc       0x98  Code  Gb  pmc.o [1]
pmc_configure_plla      0x2000'0aa0        0x4  Code  Gb  pmc.o [1]
pmc_disable_gck         0x2000'1028       0x54  Code  Gb  pmc.o [1]
pmc_disable_peripheral  0x2000'0cb8       0x4c  Code  Gb  pmc.o [1]
pmc_disable_system_clock
                        0x2000'0b4c       0x74  Code  Gb  pmc.o [1]
pmc_enable_gck          0x2000'0e88      0x1a0  Code  Gb  pmc.o [1]
pmc_enable_peripheral   0x2000'0c64       0x50  Code  Gb  pmc.o [1]
pmc_enable_system_clock
                        0x2000'0ad8       0x74  Code  Gb  pmc.o [1]
pmc_get_gck_clock       0x2000'1084       0xe4  Code  Gb  pmc.o [1]
pmc_get_main_oscillator_freq
                        0x2000'0628       0x14  Code  Gb  pmc.o [1]
pmc_get_master_clock    0x2000'063c      0x118  Code  Gb  pmc.o [1]
pmc_get_peripheral_clock
                        0x2000'0d54       0x44  Code  Gb  pmc.o [1]
pmc_get_slow_clock      0x2000'0754        0x8  Code  Gb  pmc.o [1]
pmc_has_system_clock    0x2000'0aa4       0x34  Code  Gb  pmc.o [1]
pmc_is_gck_enabled      0x2000'1168       0x48  Code  Gb  pmc.o [1]
pmc_is_peripheral_enabled
                        0x2000'0d08       0x4c  Code  Gb  pmc.o [1]
pmc_select_external_osc
                        0x2000'075c      0x170  Code  Gb  pmc.o [1]
pmc_select_internal_osc
                        0x2000'08d8       0xa0  Code  Gb  pmc.o [1]
pmc_set_main_oscillator_freq
                        0x2000'0434      0x1f4  Code  Gb  pmc.o [1]
pmc_set_mck_divider     0x2000'0a50       0x38  Code  Gb  pmc.o [1]
pmc_set_mck_prescaler   0x2000'0a14       0x3c  Code  Gb  pmc.o [1]
pmc_switch_mck_to_main  0x2000'09c8       0x14  Code  Gb  pmc.o [1]
pmc_switch_mck_to_new_source
                        0x2000'0978       0x38  Code  Gb  pmc.o [1]
pmc_switch_mck_to_pll   0x2000'09b0       0x18  Code  Gb  pmc.o [1]
pmc_switch_mck_to_slck  0x2000'09fc       0x18  Code  Gb  pmc.o [1]
prefetch_abort_irq_handler
                        0x2000'5088        0x4  Code  Gb  fault_handlers.o [1]
printf                  0x2000'13bc       0x40  Code  Gb  printf.o [2]
putchar                 0x2000'5018       0x18  Code  Wk  syscalls.o [1]
sec_hand                0x2000'5928        0x4  Data  Lc  xfail_s.o [2]
seriald_configure       0x2000'4890       0x80  Code  Gb  seriald.o [1]
seriald_ops_dbgu        0x2000'4fd0       0x24  Data  Lc  seriald.o [1]
seriald_put_char        0x2000'4910       0x28  Code  Gb  seriald.o [1]
slowclock_get_clock     0x2000'15ac       0x1c  Code  Gb  slowclock_sckc.o [1]
software_interrupt_irq_handler
                        0x2000'5080        0x4  Code  Gb  fault_handlers.o [1]
spurious_handler        0x2000'2208        0x4  Code  Lc  aic5.o [1]
strchr                  0x2000'22bc             Code  Gb  strchr.o [3]
strlen                  0x2000'233c             Code  Gb  strlen.o [3]
tc_configure            0x2000'15d8       0x4c  Code  Gb  tc.o [1]
tc_enable_it            0x2000'1660       0x38  Code  Gb  tc.o [1]
tc_get_available_freq   0x2000'16cc       0x84  Code  Gb  tc.o [1]
tc_get_channel_freq     0x2000'1750       0x44  Code  Gb  tc.o [1]
tc_get_cv               0x2000'1794       0x38  Code  Gb  tc.o [1]
tc_get_status           0x2000'1698       0x34  Code  Gb  tc.o [1]
tc_start                0x2000'1624       0x3c  Code  Gb  tc.o [1]
test_colors             0x2000'5094       0x60  Data  Lc  main.o [1]
timer_configure         0x2000'12a4       0x9c  Code  Gb  timer.o [1]
timer_irq_handler       0x2000'123c        0x4  Code  Lc  timer.o [1]
timer_update_upper_tick_counter
                        0x2000'1238        0x4  Code  Lc  timer.o [1]
tlb                     0x2012'0000     0x4000  Data  Lc  board_support.o [1]
trace_level             0x2000'5130        0x4  Data  Gb  trace.o [1]
undefined_instruction_irq_handler
                        0x2000'507c        0x4  Code  Gb  fault_handlers.o [1]
usleep                  0x2000'1340       0x74  Code  Gb  timer.o [1]
wdt_disable             0x2000'3658       0x10  Code  Gb  wdt.o [1]
xdmac_get_channel_isr   0x2000'41e8       0x34  Code  Gb  xdmac.o [1]
xdmac_get_channel_it_mask
                        0x2000'41b4       0x34  Code  Gb  xdmac.o [1]
xdmac_get_global_channel_status
                        0x2000'41ac        0x8  Code  Gb  xdmac.o [1]
xdmac_get_global_isr    0x2000'41a4        0x8  Code  Gb  xdmac.o [1]


[1] = C:\work\AtmelSoftPAck\atmel-software-package-2.17\examples\lcd\build\sam9x60-ek\ddram\Obj
[2] = dl5E_aln.a
[3] = rt5E_al.a

     18'032 bytes of readonly  code memory
         60 bytes of readwrite code memory
      2'596 bytes of readonly  data memory
  1'174'056 bytes of readwrite data memory

Errors: none
Warnings: none
