###############################################################################
#
# IAR ELF Linker V8.50.1.245/W32 for ARM                  02/Nov/2020  09:54:17
# Copyright 2007-2020 IAR Systems AB.
#
#    Output file  =
#        C:\work\AtmelSoftPAck\atmel-software-package-2.17\examples\getting_started\build\sama5d2-xplained\sram\Exe\getting-started.out
#    Map file     =
#        C:\work\AtmelSoftPAck\atmel-software-package-2.17\examples\getting_started\build\sama5d2-xplained\sram\List\getting-started.map
#    Command line =
#        -f C:\Users\c40450\AppData\Local\Temp\EW2E4D.tmp
#        (C:\work\AtmelSoftPAck\atmel-software-package-2.17\examples\getting_started\build\sama5d2-xplained\sram\Obj\act8945a.o
#        C:\work\AtmelSoftPAck\atmel-software-package-2.17\examples\getting_started\build\sama5d2-xplained\sram\Obj\aic5.o
#        C:\work\AtmelSoftPAck\atmel-software-package-2.17\examples\getting_started\build\sama5d2-xplained\sram\Obj\board_console.o
#        C:\work\AtmelSoftPAck\atmel-software-package-2.17\examples\getting_started\build\sama5d2-xplained\sram\Obj\board_led.o
#        C:\work\AtmelSoftPAck\atmel-software-package-2.17\examples\getting_started\build\sama5d2-xplained\sram\Obj\board_sama5d2-xplained.o
#        C:\work\AtmelSoftPAck\atmel-software-package-2.17\examples\getting_started\build\sama5d2-xplained\sram\Obj\board_support.o
#        C:\work\AtmelSoftPAck\atmel-software-package-2.17\examples\getting_started\build\sama5d2-xplained\sram\Obj\board_timer.o
#        C:\work\AtmelSoftPAck\atmel-software-package-2.17\examples\getting_started\build\sama5d2-xplained\sram\Obj\board_twi.o
#        C:\work\AtmelSoftPAck\atmel-software-package-2.17\examples\getting_started\build\sama5d2-xplained\sram\Obj\bus.o
#        C:\work\AtmelSoftPAck\atmel-software-package-2.17\examples\getting_started\build\sama5d2-xplained\sram\Obj\cache.o
#        C:\work\AtmelSoftPAck\atmel-software-package-2.17\examples\getting_started\build\sama5d2-xplained\sram\Obj\callback.o
#        C:\work\AtmelSoftPAck\atmel-software-package-2.17\examples\getting_started\build\sama5d2-xplained\sram\Obj\chip.o
#        C:\work\AtmelSoftPAck\atmel-software-package-2.17\examples\getting_started\build\sama5d2-xplained\sram\Obj\chip_common.o
#        C:\work\AtmelSoftPAck\atmel-software-package-2.17\examples\getting_started\build\sama5d2-xplained\sram\Obj\console.o
#        C:\work\AtmelSoftPAck\atmel-software-package-2.17\examples\getting_started\build\sama5d2-xplained\sram\Obj\cstartup.o
#        C:\work\AtmelSoftPAck\atmel-software-package-2.17\examples\getting_started\build\sama5d2-xplained\sram\Obj\ddram.o
#        C:\work\AtmelSoftPAck\atmel-software-package-2.17\examples\getting_started\build\sama5d2-xplained\sram\Obj\dma.o
#        C:\work\AtmelSoftPAck\atmel-software-package-2.17\examples\getting_started\build\sama5d2-xplained\sram\Obj\dma_xdmac.o
#        C:\work\AtmelSoftPAck\atmel-software-package-2.17\examples\getting_started\build\sama5d2-xplained\sram\Obj\fault_handlers.o
#        C:\work\AtmelSoftPAck\atmel-software-package-2.17\examples\getting_started\build\sama5d2-xplained\sram\Obj\flexcom.o
#        C:\work\AtmelSoftPAck\atmel-software-package-2.17\examples\getting_started\build\sama5d2-xplained\sram\Obj\intmath.o
#        C:\work\AtmelSoftPAck\atmel-software-package-2.17\examples\getting_started\build\sama5d2-xplained\sram\Obj\irq.o
#        C:\work\AtmelSoftPAck\atmel-software-package-2.17\examples\getting_started\build\sama5d2-xplained\sram\Obj\l1cache_cp15.o
#        C:\work\AtmelSoftPAck\atmel-software-package-2.17\examples\getting_started\build\sama5d2-xplained\sram\Obj\l2cache_l2cc.o
#        C:\work\AtmelSoftPAck\atmel-software-package-2.17\examples\getting_started\build\sama5d2-xplained\sram\Obj\led.o
#        C:\work\AtmelSoftPAck\atmel-software-package-2.17\examples\getting_started\build\sama5d2-xplained\sram\Obj\main.o
#        C:\work\AtmelSoftPAck\atmel-software-package-2.17\examples\getting_started\build\sama5d2-xplained\sram\Obj\matrix.o
#        C:\work\AtmelSoftPAck\atmel-software-package-2.17\examples\getting_started\build\sama5d2-xplained\sram\Obj\mmu_cp15.o
#        C:\work\AtmelSoftPAck\atmel-software-package-2.17\examples\getting_started\build\sama5d2-xplained\sram\Obj\mpddrc.o
#        C:\work\AtmelSoftPAck\atmel-software-package-2.17\examples\getting_started\build\sama5d2-xplained\sram\Obj\mutex.o
#        C:\work\AtmelSoftPAck\atmel-software-package-2.17\examples\getting_started\build\sama5d2-xplained\sram\Obj\nfc.o
#        C:\work\AtmelSoftPAck\atmel-software-package-2.17\examples\getting_started\build\sama5d2-xplained\sram\Obj\pio4.o
#        C:\work\AtmelSoftPAck\atmel-software-package-2.17\examples\getting_started\build\sama5d2-xplained\sram\Obj\piobu.o
#        C:\work\AtmelSoftPAck\atmel-software-package-2.17\examples\getting_started\build\sama5d2-xplained\sram\Obj\pit.o
#        C:\work\AtmelSoftPAck\atmel-software-package-2.17\examples\getting_started\build\sama5d2-xplained\sram\Obj\pmc.o
#        C:\work\AtmelSoftPAck\atmel-software-package-2.17\examples\getting_started\build\sama5d2-xplained\sram\Obj\pwmc.o
#        C:\work\AtmelSoftPAck\atmel-software-package-2.17\examples\getting_started\build\sama5d2-xplained\sram\Obj\rand.o
#        C:\work\AtmelSoftPAck\atmel-software-package-2.17\examples\getting_started\build\sama5d2-xplained\sram\Obj\rstc.o
#        C:\work\AtmelSoftPAck\atmel-software-package-2.17\examples\getting_started\build\sama5d2-xplained\sram\Obj\rtc.o
#        C:\work\AtmelSoftPAck\atmel-software-package-2.17\examples\getting_started\build\sama5d2-xplained\sram\Obj\secumod.o
#        C:\work\AtmelSoftPAck\atmel-software-package-2.17\examples\getting_started\build\sama5d2-xplained\sram\Obj\seriald.o
#        C:\work\AtmelSoftPAck\atmel-software-package-2.17\examples\getting_started\build\sama5d2-xplained\sram\Obj\sfc.o
#        C:\work\AtmelSoftPAck\atmel-software-package-2.17\examples\getting_started\build\sama5d2-xplained\sram\Obj\sfrbu.o
#        C:\work\AtmelSoftPAck\atmel-software-package-2.17\examples\getting_started\build\sama5d2-xplained\sram\Obj\shdwc.o
#        C:\work\AtmelSoftPAck\atmel-software-package-2.17\examples\getting_started\build\sama5d2-xplained\sram\Obj\slowclock_sckc.o
#        C:\work\AtmelSoftPAck\atmel-software-package-2.17\examples\getting_started\build\sama5d2-xplained\sram\Obj\smc.o
#        C:\work\AtmelSoftPAck\atmel-software-package-2.17\examples\getting_started\build\sama5d2-xplained\sram\Obj\syscalls.o
#        C:\work\AtmelSoftPAck\atmel-software-package-2.17\examples\getting_started\build\sama5d2-xplained\sram\Obj\tc.o
#        C:\work\AtmelSoftPAck\atmel-software-package-2.17\examples\getting_started\build\sama5d2-xplained\sram\Obj\tcd.o
#        C:\work\AtmelSoftPAck\atmel-software-package-2.17\examples\getting_started\build\sama5d2-xplained\sram\Obj\timer.o
#        C:\work\AtmelSoftPAck\atmel-software-package-2.17\examples\getting_started\build\sama5d2-xplained\sram\Obj\trace.o
#        C:\work\AtmelSoftPAck\atmel-software-package-2.17\examples\getting_started\build\sama5d2-xplained\sram\Obj\twi.o
#        C:\work\AtmelSoftPAck\atmel-software-package-2.17\examples\getting_started\build\sama5d2-xplained\sram\Obj\twid.o
#        C:\work\AtmelSoftPAck\atmel-software-package-2.17\examples\getting_started\build\sama5d2-xplained\sram\Obj\uart.o
#        C:\work\AtmelSoftPAck\atmel-software-package-2.17\examples\getting_started\build\sama5d2-xplained\sram\Obj\usart.o
#        C:\work\AtmelSoftPAck\atmel-software-package-2.17\examples\getting_started\build\sama5d2-xplained\sram\Obj\usartd.o
#        C:\work\AtmelSoftPAck\atmel-software-package-2.17\examples\getting_started\build\sama5d2-xplained\sram\Obj\wdt.o
#        C:\work\AtmelSoftPAck\atmel-software-package-2.17\examples\getting_started\build\sama5d2-xplained\sram\Obj\xdmac.o
#        --redirect _Printf=_PrintfSmallNoMb --redirect _Scanf=_ScanfSmallNoMb
#        --no_out_extension -o
#        C:\work\AtmelSoftPAck\atmel-software-package-2.17\examples\getting_started\build\sama5d2-xplained\sram\Exe\getting-started.out
#        --map
#        C:\work\AtmelSoftPAck\atmel-software-package-2.17\examples\getting_started\build\sama5d2-xplained\sram\List\getting-started.map
#        --config
#        C:\work\AtmelSoftPAck\atmel-software-package-2.17\examples\getting_started\..\..\target\sama5d2\toolchain\iar\sram.icf
#        --entry __iar_program_start --vfe --text_out locale)
#
###############################################################################

*******************************************************************************
*** RUNTIME MODEL ATTRIBUTES
***

CppFlavor       = *
__SystemLibrary = DLib
__dlib_version  = 6


*******************************************************************************
*** HEAP SELECTION
***

The basic heap was selected because no calls to memory allocation
functions were found in the application outside of system library
functions, and there are calls to deallocation functions in the
application.


*******************************************************************************
*** PLACEMENT SUMMARY
***

"A0":  place at start of [from 0x20'0000 to 0x21'ffff] { section .vectors };
"P1":  place in [from 0x20'0000 to 0x21'ffff] { section .cstartup };
"P2":  place in [from 0x20'0000 to 0x21'ffff] { ro };
"P3":  place in [from 0x20'0000 to 0x21'ffff] { rw };
define block CACHE_ALIGNED_CONST
   with alignment = 32 { section .region_cache_aligned_const };
"P4":  place in [from 0x20'0000 to 0x21'ffff] { block CACHE_ALIGNED_CONST };
"P5":  place in [from 0x20'0000 to 0x21'ffff] { zi };
define block CACHE_ALIGNED
   with alignment = 32 { section .region_cache_aligned };
"P6":  place in [from 0x20'0000 to 0x21'ffff] { block CACHE_ALIGNED };
define block SRAM { section .region_sram };
"P7":  place in [from 0x20'0000 to 0x21'ffff] { block SRAM };
define block HEAP with size = 512, alignment = 4 { };
"P8":  place in [from 0x20'0000 to 0x21'ffff] { block HEAP };
define block IRQ_STACK with size = 96, alignment = 8 { };
"P9":  place in [from 0x20'0000 to 0x21'ffff] { block IRQ_STACK };
define block FIQ_STACK with size = 96, alignment = 8 { };
"P10": place in [from 0x20'0000 to 0x21'ffff] { block FIQ_STACK };
define block ABT_STACK with size = 64, alignment = 8 { };
"P11": place in [from 0x20'0000 to 0x21'ffff] { block ABT_STACK };
define block UND_STACK with size = 64, alignment = 8 { };
"P12": place in [from 0x20'0000 to 0x21'ffff] { block UND_STACK };
define block SYS_STACK with size = 64, alignment = 8 { };
"P13": place in [from 0x20'0000 to 0x21'ffff] { block SYS_STACK };
define block CSTACK with size = 2K, alignment = 8 { };
"P14": place in [from 0x20'0000 to 0x21'ffff] { block CSTACK };
do not initialize { section .region_cache_aligned };

No sections matched the following patterns:

  section .region_cache_aligned_const  in block CACHE_ALIGNED_CONST
  section .region_ddr                  in block DDRAM
  section .region_ddr_cache_aligned    in block DDR_CACHE_ALIGNED
  section .region_nocache              in block NO_CACHE
  section .region_sram                 in block SRAM


  Section                 Kind       Address    Size  Object
  -------                 ----       -------    ----  ------
"A0":                                           0x3c
  .vectors                ro code  0x20'0000    0x3c  cstartup.o [1]
                                 - 0x20'003c    0x3c

"P1-P14", part 1 of 3:                        0xaaac
  SOFTPACK                ro code  0x20'003c  0x10d8  twid.o [1]
  SOFTPACK                ro code  0x20'1114   0x2dc  timer.o [1]
  SOFTPACK                ro code  0x20'13f0   0x730  twi.o [1]
  .text                   ro code  0x20'1b20    0x2a  printf.o [2]
  .text                   ro code  0x20'1b4a    0x3a  zero_init3.o [4]
  SOFTPACK                ro code  0x20'1b84    0x88  cache.o [1]
  SOFTPACK                ro code  0x20'1c0c   0x8b0  dma.o [1]
  SOFTPACK                ro code  0x20'24bc    0x84  mutex.o [1]
  SOFTPACK                ro code  0x20'2540    0x54  callback.o [1]
  SOFTPACK                ro code  0x20'2594   0x158  irq.o [1]
  SOFTPACK                ro code  0x20'26ec   0x314  chip_common.o [1]
  .text                   ro code  0x20'2a00    0x1e  assert.o [2]
  SOFTPACK                ro code  0x20'2a20    0xbc  flexcom.o [1]
  SOFTPACK                ro code  0x20'2adc   0xf0c  pmc.o [1]
  SOFTPACK                ro code  0x20'39e8   0x33c  chip.o [1]
  SOFTPACK                ro code  0x20'3d24   0x440  tc.o [1]
  .text                   ro code  0x20'4164   0x130  I64DivMod.o [4]
  .text                   ro code  0x20'4294   0x1a8  I32DivMod.o [4]
  .text                   ro code  0x20'443c   0x510  xprintfsmall_nomb.o [2]
  SOFTPACK                ro code  0x20'494c   0x188  l1cache_cp15.o [1]
  SOFTPACK                ro code  0x20'4ad4   0x4bc  l2cache_l2cc.o [1]
  .text                   ro code  0x20'4f90     0x8  ABImemclr4.o [4]
  SOFTPACK                ro code  0x20'4f98   0x3ac  xdmac.o [1]
  SOFTPACK                ro code  0x20'5344   0x444  dma_xdmac.o [1]
  SOFTPACK                ro code  0x20'5788   0x188  aic5.o [1]
  Veneer                  ro code  0x20'5910     0x8  - Linker created -
  .text                   ro code  0x20'5918     0x6  abort.o [2]
  SOFTPACK                ro code  0x20'5920    0x28  usart.o [1]
  SOFTPACK                ro code  0x20'5948    0x1c  slowclock_sckc.o [1]
  SOFTPACK                ro code  0x20'5964   0x378  matrix.o [1]
  .text                   ro code  0x20'5cdc     0x4  I64DivZer.o [4]
  .text                   ro code  0x20'5ce0     0x4  IntDivZer.o [4]
  .text                   ro code  0x20'5ce4    0x20  strchr.o [4]
  .text                   ro code  0x20'5d04    0x2e  xfail_s.o [2]
  .text                   ro code  0x20'5d34    0x54  strlen.o [4]
  .text                   ro code  0x20'5d88    0x94  memchr.o [4]
  .text                   ro code  0x20'5e1c    0x38  ABImemset48.o [4]
  .text                   ro code  0x20'5e54    0x14  XXexit.o [4]
  Veneer                  ro code  0x20'5e68     0x8  - Linker created -
  SOFTPACK                ro code  0x20'5e70   0xb28  act8945a.o [1]
  SOFTPACK                ro code  0x20'6998   0x3c4  bus.o [1]
  SOFTPACK                ro code  0x20'6d5c   0x5f8  pio4.o [1]
  .text                   ro code  0x20'7354     0x8  ABImemclr.o [4]
  .text                   ro code  0x20'735c    0x6c  ABImemset.o [4]
  SOFTPACK                ro code  0x20'73c8   0x7cc  board_support.o [1]
  SOFTPACK                ro code  0x20'7b94    0x18  wdt.o [1]
  SOFTPACK                ro code  0x20'7bac    0x14  board_timer.o [1]
  SOFTPACK                ro code  0x20'7bc0   0x250  ddram.o [1]
  SOFTPACK                ro code  0x20'7e10    0x7c  mmu_cp15.o [1]
  SOFTPACK                ro code  0x20'7e8c   0x5d4  mpddrc.o [1]
  SOFTPACK                ro code  0x20'8460    0x28  sfrbu.o [1]
  SOFTPACK                ro code  0x20'8488   0x380  tcd.o [1]
  SOFTPACK                ro code  0x20'8808   0x280  main.o [1]
  SOFTPACK                ro code  0x20'8a88    0xf4  led.o [1]
  SOFTPACK                ro code  0x20'8b7c   0x200  console.o [1]
  SOFTPACK                ro code  0x20'8d7c   0x1f8  seriald.o [1]
  SOFTPACK                ro code  0x20'8f74    0x9c  uart.o [1]
  .rodata                 const    0x20'9010   0x160  act8945a.o [1]
  .rodata                 const    0x20'9170   0x114  main.o [1]
  .rodata                 const    0x20'9284   0x104  act8945a.o [1]
  .rodata                 const    0x20'9388    0xe8  chip.o [1]
  .cstartup               ro code  0x20'9470    0xe0  cstartup.o [1]
  .text                   ro code  0x20'9550    0x30  data_init.o [4]
  .text                   ro code  0x20'9580    0x28  fpinit.o [3]
  SOFTPACK                ro code  0x20'95a8    0x34  board_sama5d2-xplained.o [1]
  SOFTPACK                ro code  0x20'95dc    0x80  board_console.o [1]
  SOFTPACK                ro code  0x20'965c    0xbc  board_twi.o [1]
  SOFTPACK                ro code  0x20'9718    0x10  board_led.o [1]
  .rodata                 const    0x20'9728    0xd0  pmc.o [1]
  .rodata                 const    0x20'97f8    0xcc  console.o [1]
  .rodata                 const    0x20'98c4    0xc8  pio4.o [1]
  .rodata                 const    0x20'998c    0xbc  flexcom.o [1]
  .rodata                 const    0x20'9a48    0xbc  tc.o [1]
  .rodata                 const    0x20'9b04    0xb4  act8945a.o [1]
  .rodata                 const    0x20'9bb8    0xa8  twid.o [1]
  .text                   ro code  0x20'9c60    0xa4  cstartup.o [1]
  .rodata                 const    0x20'9d04    0x9c  l2cache_l2cc.o [1]
  .rodata                 const    0x20'9da0    0x98  xdmac.o [1]
  .rodata                 const    0x20'9e38    0x80  pmc.o [1]
  .rodata                 const    0x20'9eb8    0x78  chip.o [1]
  .rodata                 const    0x20'9f30    0x74  act8945a.o [1]
  .rodata                 const    0x20'9fa4    0x70  pmc.o [1]
  .rodata                 const    0x20'a014    0x6c  chip.o [1]
  .rodata                 const    0x20'a080    0x64  act8945a.o [1]
  .rodata                 const    0x20'a0e4    0x50  matrix.o [1]
  .rodata                 const    0x20'a134    0x50  twi.o [1]
  .rodata                 const    0x20'a184    0x4c  ddram.o [1]
  .rodata                 const    0x20'a1d0    0x4c  l1cache_cp15.o [1]
  .rodata                 const    0x20'a21c    0x4c  seriald.o [1]
  .rodata                 const    0x20'a268    0x4c  twid.o [1]
  .rodata                 const    0x20'a2b4    0x48  mmu_cp15.o [1]
  .rodata                 const    0x20'a2fc    0x44  irq.o [1]
  .rodata                 const    0x20'a340    0x44  twi.o [1]
  .rodata                 const    0x20'a384    0x2c  bus.o [1]
  .rodata                 const    0x20'a3b0    0x2c  twid.o [1]
  .rodata                 const    0x20'a3dc    0x28  board_support.o [1]
  .rodata                 const    0x20'a404    0x28  xprintfsmall_nomb.o [2]
  .rodata                 const    0x20'a42c    0x24  act8945a.o [1]
  .rodata                 const    0x20'a450    0x24  seriald.o [1]
  .iar.init_table         const    0x20'a474    0x10  - Linker created -
  .rodata                 const    0x20'a484    0x20  board_support.o [1]
  .rodata                 const    0x20'a4a4    0x20  pio4.o [1]
  .rodata                 const    0x20'a4c4    0x20  assert.o [2]
  .rodata                 const    0x20'a4e4    0x20  xfail_s.o [2]
  .rodata                 const    0x20'a504    0x18  act8945a.o [1]
  SOFTPACK                ro code  0x20'a51c    0x18  syscalls.o [1]
  .text                   ro code  0x20'a534    0x16  xprout.o [2]
  .rodata                 const    0x20'a54c    0x14  act8945a.o [1]
  .rodata                 const    0x20'a560    0x10  act8945a.o [1]
  .rodata                 const    0x20'a570    0x10  act8945a.o [1]
  .rodata                 const    0x20'a580    0x10  chip.o [1]
  .rodata                 const    0x20'a590    0x10  chip.o [1]
  .rodata                 const    0x20'a5a0    0x10  chip.o [1]
  .rodata                 const    0x20'a5b0    0x10  chip.o [1]
  SOFTPACK                ro code  0x20'a5c0    0x10  fault_handlers.o [1]
  .rodata                 const    0x20'a5d0     0xc  chip.o [1]
  .rodata                 const    0x20'a5dc     0xc  chip.o [1]
  .rodata                 const    0x20'a5e8     0xc  chip.o [1]
  .rodata                 const    0x20'a5f4     0xc  chip.o [1]
  .rodata                 const    0x20'a600     0xc  chip.o [1]
  .rodata                 const    0x20'a60c     0xc  chip.o [1]
  .rodata                 const    0x20'a618     0xc  chip.o [1]
  .rodata                 const    0x20'a624     0xc  chip.o [1]
  .rodata                 const    0x20'a630     0xc  chip.o [1]
  .rodata                 const    0x20'a63c     0xc  chip.o [1]
  .rodata                 const    0x20'a648     0xc  chip.o [1]
  .rodata                 const    0x20'a654     0x8  act8945a.o [1]
  .rodata                 const    0x20'a65c     0x8  act8945a.o [1]
  .rodata                 const    0x20'a664     0x8  act8945a.o [1]
  .rodata                 const    0x20'a66c     0x8  act8945a.o [1]
  .rodata                 const    0x20'a674     0x0  zero_init3.o [4]
  .data                   rw data  0x20'a674   0x39c  dma.o [1]
  .data                   rw data  0x20'aa10    0x40  board_support.o [1]
  .data                   rw data  0x20'aa50    0x38  main.o [1]
  .data                   rw data  0x20'aa88    0x30  board_led.o [1]
  .data                   rw data  0x20'aab8    0x20  act8945a.o [1]
  .data                   rw data  0x20'aad8     0xc  pmc.o [1]
  .data                   rw data  0x20'aae4     0x4  trace.o [1]
                                 - 0x20'aae8  0xaaac

"P1-P14", part 2 of 3:                        0x66a8
  .bss                    zero     0x20'c000  0x4000  board_support.o [1]
  .bss                    zero     0x21'0000   0x8a8  irq.o [1]
  .bss                    zero     0x21'08a8   0x6e8  bus.o [1]
  .bss                    zero     0x21'0f90   0x104  pio4.o [1]
  .bss                    zero     0x21'1094    0xc5  twid.o [1]
  .bss                    zero     0x21'115c    0x10  console.o [1]
  .bss                    zero     0x21'116c    0x10  timer.o [1]
  .bss                    zero     0x21'117c     0x8  led.o [1]
  .bss                    zero     0x21'1184     0x4  xfail_s.o [2]
  .bss                    zero     0x21'1188     0x8  tcd.o [1]
                                 - 0x21'1190  0x66a8

"P1-P14", part 3 of 3:                         0xd90
  CACHE_ALIGNED                    0x21'11a0   0x410  <Block>
    .region_cache_aligned
                          uninit   0x21'11a0   0x410  dma.o [1]
  IRQ_STACK                        0x21'15b0    0x60  <Block>
    IRQ_STACK             uninit   0x21'15b0    0x60  <Block tail>
  FIQ_STACK                        0x21'1610    0x60  <Block>
    FIQ_STACK             uninit   0x21'1610    0x60  <Block tail>
  ABT_STACK                        0x21'1670    0x40  <Block>
    ABT_STACK             uninit   0x21'1670    0x40  <Block tail>
  UND_STACK                        0x21'16b0    0x40  <Block>
    UND_STACK             uninit   0x21'16b0    0x40  <Block tail>
  SYS_STACK                        0x21'16f0    0x40  <Block>
    SYS_STACK             uninit   0x21'16f0    0x40  <Block tail>
  CSTACK                           0x21'1730   0x800  <Block>
    CSTACK                uninit   0x21'1730   0x800  <Block tail>
                                 - 0x21'1f30   0xd90

Unused ranges:

       From         To    Size
       ----         --    ----
  0x21'1190  0x21'119f    0x10
  0x21'1f30  0x21'ffff  0xe0d0


*******************************************************************************
*** INIT TABLE
***

          Address    Size
          -------    ----
Zero (__iar_zero_init3)
    1 destination range, total size 0x5190:
          0x20'c000  0x5190



*******************************************************************************
*** MODULE SUMMARY
***

    Module                    ro code  ro data  rw data
    ------                    -------  -------  -------
command line/config:
    ---------------------------------------------------
    Total:

C:\work\AtmelSoftPAck\atmel-software-package-2.17\examples\getting_started\build\sama5d2-xplained\sram\Obj: [1]
    act8945a.o                  2'856    1'152       32
    aic5.o                        392
    board_console.o               128
    board_led.o                    16                48
    board_sama5d2-xplained.o       52
    board_support.o             1'996       72   16'448
    board_timer.o                  20
    board_twi.o                   188
    bus.o                         964       44    1'768
    cache.o                       136
    callback.o                     84
    chip.o                        828      656
    chip_common.o                 788
    console.o                     512      204       16
    cstartup.o                    448
    ddram.o                       592       76
    dma.o                       2'224             1'964
    dma_xdmac.o                 1'092
    fault_handlers.o               16
    flexcom.o                     188      188
    irq.o                         344       68    2'216
    l1cache_cp15.o                392       76
    l2cache_l2cc.o              1'212      156
    led.o                         244                 8
    main.o                        640      276       56
    matrix.o                      888       80
    mmu_cp15.o                    124       72
    mpddrc.o                    1'492
    mutex.o                       132
    pio4.o                      1'528      232      260
    pmc.o                       3'852      448       12
    seriald.o                     504      112
    sfrbu.o                        40
    slowclock_sckc.o               28
    syscalls.o                     24
    tc.o                        1'088      188
    tcd.o                         896                 8
    timer.o                       732                16
    trace.o                                           4
    twi.o                       1'840      148
    twid.o                      4'312      288      197
    uart.o                        156
    usart.o                        40
    wdt.o                          24
    xdmac.o                       940      152
    ---------------------------------------------------
    Total:                     34'992    4'688   23'053

dl7Sx_tln.a: [2]
    abort.o                         6
    assert.o                       30       32
    printf.o                       42
    xfail_s.o                      46       32        4
    xprintfsmall_nomb.o         1'296       40
    xprout.o                       22
    ---------------------------------------------------
    Total:                      1'442      104        4

m7Sx_tlv.a: [3]
    fpinit.o                       40
    ---------------------------------------------------
    Total:                         40

rt7Sx_tl.a: [4]
    ABImemclr.o                     8
    ABImemclr4.o                    8
    ABImemset.o                   108
    ABImemset48.o                  56
    I32DivMod.o                   424
    I64DivMod.o                   304
    I64DivZer.o                     4
    IntDivZer.o                     4
    XXexit.o                       20
    data_init.o                    48
    memchr.o                      148
    strchr.o                       32
    strlen.o                       84
    zero_init3.o                   58
    ---------------------------------------------------
    Total:                      1'306

    Gaps                            6        2    5'403
    Linker created                 16       16    2'432
-------------------------------------------------------
    Grand Total:               37'802    4'810   30'892


*******************************************************************************
*** ENTRY LIST
***

Entry                     Address    Size  Type      Object
-----                     -------    ----  ----      ------
.iar.init_table$$Base   0x20'a474           --   Gb  - Linker created -
.iar.init_table$$Limit  0x20'a484           --   Gb  - Linker created -
ABT_STACK$$Base         0x21'1670           --   Gb  - Linker created -
ABT_STACK$$Limit        0x21'16b0           --   Gb  - Linker created -
CACHE_ALIGNED$$Base     0x21'11a0           --   Gb  - Linker created -
CACHE_ALIGNED$$Limit    0x21'15b0           --   Gb  - Linker created -
CSTACK$$Base            0x21'1730           --   Gb  - Linker created -
CSTACK$$Limit           0x21'1f30           --   Gb  - Linker created -
FIQ_STACK$$Base         0x21'1610           --   Gb  - Linker created -
FIQ_STACK$$Limit        0x21'1670           --   Gb  - Linker created -
IRQ_STACK$$Base         0x21'15b0           --   Gb  - Linker created -
IRQ_STACK$$Limit        0x21'1610           --   Gb  - Linker created -
Region$$Table$$Base     0x20'a474           --   Gb  - Linker created -
Region$$Table$$Limit    0x20'a484           --   Gb  - Linker created -
SYS_STACK$$Base         0x21'16f0           --   Gb  - Linker created -
SYS_STACK$$Limit        0x21'1730           --   Gb  - Linker created -
UND_STACK$$Base         0x21'16b0           --   Gb  - Linker created -
UND_STACK$$Limit        0x21'16f0           --   Gb  - Linker created -
_LitobSmallNoMb         0x20'481d    0xe2  Code  Lc  xprintfsmall_nomb.o [2]
_PrintfSmallNoMb        0x20'443d   0x3da  Code  Gb  xprintfsmall_nomb.o [2]
_Prout                  0x20'a535    0x16  Code  Gb  xprout.o [2]
_PutcharSmallNoMb       0x20'48ff    0x20  Code  Lc  xprintfsmall_nomb.o [2]
_PutcharsSmallNoMb      0x20'491f    0x2e  Code  Lc  xprintfsmall_nomb.o [2]
__aeabi_assert          0x20'2a01    0x1e  Code  Gb  assert.o [2]
__aeabi_idiv            0x20'4294          Code  Gb  I32DivMod.o [4]
__aeabi_idiv0           0x20'5ce0          Code  Gb  IntDivZer.o [4]
__aeabi_idivmod         0x20'4294          Code  Gb  I32DivMod.o [4]
__aeabi_ldiv0           0x20'5cdc          Code  Gb  I64DivZer.o [4]
__aeabi_memclr          0x20'7354          Code  Gb  ABImemclr.o [4]
__aeabi_memclr4         0x20'4f90          Code  Gb  ABImemclr4.o [4]
__aeabi_uidiv           0x20'42c0          Code  Gb  I32DivMod.o [4]
__aeabi_uidivmod        0x20'42c0          Code  Gb  I32DivMod.o [4]
__aeabi_uldivmod        0x20'4164          Code  Gb  I64DivMod.o [4]
__exit                  0x20'5e54          Code  Gb  XXexit.o [4]
__iar_Fail_s            0x20'5d05    0x2e  Code  Gb  xfail_s.o [2]
__iar_Memchr            0x20'5d88          Code  Gb  memchr.o [4]
__iar_Memset4_word      0x20'5e1c          Code  Gb  ABImemset48.o [4]
__iar_Memset8_word      0x20'5e1c          Code  Gb  ABImemset48.o [4]
__iar_Memset_word       0x20'735c          Code  Gb  ABImemset.o [4]
__iar_Strchr            0x20'5ce4          Code  Gb  strchr.o [4]
__iar_data_init3        0x20'9551    0x30  Code  Gb  data_init.o [4]
__iar_init_vfp          0x20'9594          Code  Gb  fpinit.o [3]
__iar_init_vfp_v6       0x20'9580          Code  Gb  fpinit.o [3]
__iar_program_start     0x20'9490          Code  Gb  cstartup.o [1]
__iar_zero_init3        0x20'1b4b    0x3a  Code  Gb  zero_init3.o [4]
_act8945a_irq_handler   0x20'5fac    0xc8  Code  Lc  act8945a.o [1]
_act8945a_lbo_handler   0x20'6074    0x50  Code  Lc  act8945a.o [1]
_act8945a_read_reg      0x20'5e70    0x68  Code  Lc  act8945a.o [1]
_act8945a_update_cached_registers
                        0x20'5f44    0x68  Code  Lc  act8945a.o [1]
_act8945a_write_reg     0x20'5ed8    0x6c  Code  Lc  act8945a.o [1]
_aic_initialize         0x20'579c    0x64  Code  Lc  aic5.o [1]
_bus                    0x21'08a8   0x6e8  Data  Lc  bus.o [1]
_bus_callback           0x20'6998    0x38  Code  Lc  bus.o [1]
_charging_states        0x20'aab8    0x10  Data  Lc  act8945a.o [1]
_check_rx_timeout       0x20'003c    0x6c  Code  Lc  twid.o [1]
_check_tx_timeout       0x20'00bc    0x6c  Code  Lc  twid.o [1]
_compute_ba_offset      0x20'7f88    0x50  Code  Lc  mpddrc.o [1]
_configure_lpddr2       0x20'8030   0x138  Code  Lc  mpddrc.o [1]
_default_irq_handler    0x20'2594    0x4c  Code  Lc  irq.o [1]
_dma_ctrl               0x20'a674   0x394  Data  Lc  dma.o [1]
_dma_sg_desc_free       0x20'1c0c    0x68  Code  Lc  dma.o [1]
_dma_sg_pool            0x21'11a0   0x410  Data  Lc  dma.o [1]
_exid_names             0x20'9eb8    0x78  Data  Lc  chip.o [1]
_h64_peripherals        0x20'3d14    0x10  Data  Lc  chip.o [1]
_handler_push::i        0x21'1090     0x4  Data  Lc  pio4.o [1]
_handlers               0x21'0f90   0x100  Data  Lc  pio4.o [1]
_iaddr_reg              0x20'a0b8     0x8  Data  Lc  act8945a.o [1]
_init_mt41k128m16       0x20'7bc0   0x18c  Code  Lc  ddram.o [1]
_ovp_setting            0x20'aac8    0x10  Data  Lc  act8945a.o [1]
_pio_get_instance       0x20'6d5c    0x34  Code  Lc  pio4.o [1]
_pio_handle_interrupt   0x20'6d90    0x5c  Code  Lc  pio4.o [1]
_pio_handler            0x20'6dec    0x78  Code  Lc  pio4.o [1]
_pmc_get_system_clock_bits
                        0x20'2adc    0x88  Code  Lc  pmc.o [1]
_pmc_main_oscillators   0x20'aad8     0x8  Data  Lc  pmc.o [1]
_pmc_mck                0x20'aae0     0x4  Data  Lc  pmc.o [1]
_reset_vector           0x20'0000          Data  Gb  cstartup.o [1]
_send_ddr_cmd           0x20'7fd8    0x28  Code  Lc  mpddrc.o [1]
_send_ext_lmr_cmd       0x20'8000    0x30  Code  Lc  mpddrc.o [1]
_set_ddr_timings        0x20'7e8c    0xfc  Code  Lc  mpddrc.o [1]
_tc_handler             0x20'888c    0x54  Code  Lc  main.o [1]
_tcd_counter_handler    0x20'84bc    0x40  Code  Lc  tcd.o [1]
_tcd_dma_transfer_callback
                        0x20'8488    0x34  Code  Lc  tcd.o [1]
_timer                  0x21'116c    0x10  Data  Lc  timer.o [1]
_timer_get_tick         0x20'1154    0x3c  Code  Lc  timer.o [1]
_twid_dma_read_callback
                        0x20'019c    0x84  Code  Lc  twid.o [1]
_twid_dma_write_callback
                        0x20'0220    0x5c  Code  Lc  twid.o [1]
_twid_handler           0x20'02a8   0x2b4  Code  Lc  twid.o [1]
_twid_transfer          0x20'055c   0x96c  Code  Lc  twid.o [1]
_twid_wait_twi_transfer
                        0x20'0128    0x6c  Code  Lc  twid.o [1]
_xdmac_peripherals      0x20'9388    0xe8  Data  Lc  chip.o [1]
abort                   0x20'5919     0x6  Code  Gb  abort.o [2]
act8945a                0x20'aa14    0x3c  Data  Lc  board_support.o [1]
act8945a_configure      0x20'60c4   0x15c  Code  Gb  act8945a.o [1]
act8945a_configure_apch_interrupt
                        0x20'6220   0x214  Code  Gb  act8945a.o [1]
act8945a_disable_all_apch_interrupts
                        0x20'6434   0x1d0  Code  Gb  act8945a.o [1]
act8945a_enable_regulator
                        0x20'673c   0x104  Code  Gb  act8945a.o [1]
act8945a_enable_regulator_fault_interrupt
                        0x20'6848   0x108  Code  Gb  act8945a.o [1]
act8945a_initialized    0x20'aa10     0x1  Data  Lc  board_support.o [1]
act8945a_set_regulator_voltage
                        0x20'6604   0x138  Code  Gb  act8945a.o [1]
adesc_index             0x21'1158     0x1  Data  Lc  twid.o [1]
aic_disable             0x20'58a0    0x54  Code  Gb  aic5.o [1]
aic_enable              0x20'584c    0x54  Code  Gb  aic5.o [1]
aic_get_current_interrupt_source
                        0x20'58f4     0xc  Code  Gb  aic5.o [1]
aic_initialize          0x20'5800    0x4c  Code  Gb  aic5.o [1]
arch_irq_disable        0x20'5790     0x8  Code  Lc  aic5.o [1]
arch_irq_disable        0x20'111c     0x8  Code  Lc  timer.o [1]
arch_irq_enable         0x20'5788     0x8  Code  Lc  aic5.o [1]
arch_irq_enable         0x20'1114     0x8  Code  Lc  timer.o [1]
async_desc              0x21'1094    0xc4  Data  Lc  twid.o [1]
board_cfg_clocks        0x20'73d0    0x7c  Code  Gb  board_support.o [1]
board_cfg_console       0x20'95dc    0x60  Code  Gb  board_console.o [1]
board_cfg_console::rx_pin
                        0x20'964c    0x10  Data  Lc  board_console.o [1]
board_cfg_console::tx_pin
                        0x20'963c    0x10  Data  Lc  board_console.o [1]
board_cfg_led           0x20'9718    0x10  Code  Gb  board_led.o [1]
board_cfg_lowlevel      0x20'744c    0x74  Code  Gb  board_support.o [1]
board_cfg_matrix_for_ddr
                        0x20'786c   0x280  Code  Gb  board_support.o [1]
board_cfg_mmu           0x20'74c0   0x3a4  Code  Gb  board_support.o [1]
board_cfg_pmic          0x20'7aec    0x80  Code  Gb  board_support.o [1]
board_cfg_timer         0x20'7bac    0x14  Code  Gb  board_timer.o [1]
board_cfg_twi_bus       0x20'965c    0x78  Code  Gb  board_twi.o [1]
board_cfg_twi_bus::pins_twi_bus0
                        0x20'96d8    0x20  Data  Lc  board_twi.o [1]
board_cfg_twi_bus::pins_twi_bus1
                        0x20'96f8    0x20  Data  Lc  board_twi.o [1]
board_init              0x20'95a8    0x34  Code  Wk  board_sama5d2-xplained.o [1]
bus_configure           0x20'69d0    0x9c  Code  Gb  bus.o [1]
bus_ioctl               0x20'6a6c   0x164  Code  Gb  bus.o [1]
bus_start_transaction   0x20'6cf0    0x28  Code  Gb  bus.o [1]
bus_stop_transaction    0x20'6d18    0x28  Code  Gb  bus.o [1]
bus_transfer            0x20'6bd0   0x120  Code  Gb  bus.o [1]
button_pins             0x20'8a78    0x10  Data  Lc  main.o [1]
cache_clean_region      0x20'1bc8    0x44  Code  Gb  cache.o [1]
cache_invalidate_region
                        0x20'1b84    0x44  Code  Gb  cache.o [1]
callback_call           0x20'2574    0x20  Code  Gb  callback.o [1]
callback_copy           0x20'2550    0x24  Code  Gb  callback.o [1]
callback_set            0x20'2540    0x10  Code  Gb  callback.o [1]
console                 0x21'115c    0x10  Data  Lc  console.o [1]
console_configure       0x20'8b7c    0x84  Code  Gb  console.o [1]
console_enable_rx_interrupt
                        0x20'8c14     0x8  Code  Gb  console.o [1]
console_example_info    0x20'8c1c    0xfc  Code  Gb  console.o [1]
console_handler         0x20'88e0    0x58  Code  Lc  main.o [1]
console_put_char        0x20'8c00     0x8  Code  Gb  console.o [1]
console_set_rx_handler  0x20'8c08     0xc  Code  Gb  console.o [1]
controllers             0x20'aa08     0x8  Data  Lc  dma.o [1]
data_abort_irq_handler  0x20'a5c8     0x4  Code  Gb  fault_handlers.o [1]
dcache_clean_region     0x20'4a64    0x4c  Code  Gb  l1cache_cp15.o [1]
dcache_enable           0x20'49a8    0x3c  Code  Gb  l1cache_cp15.o [1]
dcache_invalidate       0x20'49e4    0x34  Code  Gb  l1cache_cp15.o [1]
dcache_invalidate_region
                        0x20'4a18    0x4c  Code  Gb  l1cache_cp15.o [1]
dcache_is_enabled       0x20'4990    0x18  Code  Gb  l1cache_cp15.o [1]
ddram_configure         0x20'7d90    0x34  Code  Gb  ddram.o [1]
ddram_init_descriptor   0x20'7d4c    0x44  Code  Gb  ddram.o [1]
dma_allocate_channel    0x20'1de4   0x104  Code  Gb  dma.o [1]
dma_configure_transfer  0x20'2064   0x404  Code  Gb  dma.o [1]
dma_free_channel        0x20'1f50    0x48  Code  Gb  dma.o [1]
dma_initialize          0x20'1c74   0x13c  Code  Gb  dma.o [1]
dma_irq_handler         0x20'56b8    0xd0  Code  Gb  dma_xdmac.o [1]
dma_poll                0x20'1db0    0x34  Code  Gb  dma.o [1]
dma_prepare_channel     0x20'5344   0x124  Code  Gb  dma_xdmac.o [1]
dma_reset_channel       0x20'1ee8    0x68  Code  Gb  dma.o [1]
dma_set_callback        0x20'2480    0x3c  Code  Gb  dma.o [1]
dma_start_transfer      0x20'1f98    0x6c  Code  Gb  dma.o [1]
dma_stop_transfer       0x20'200c    0x4c  Code  Gb  dma.o [1]
fiqHandler              0x20'9c60          Code  Gb  cstartup.o [1]
flexcom_select          0x20'2a20    0xb0  Code  Gb  flexcom.o [1]
get_board_name          0x20'73c8     0x8  Code  Gb  board_support.o [1]
get_chip_name           0x20'3a38    0x58  Code  Gb  chip.o [1]
get_flexcom_addr_from_id
                        0x20'2738    0x5c  Code  Gb  chip_common.o [1]
get_flexcom_id_from_addr
                        0x20'26ec    0x4c  Code  Gb  chip_common.o [1]
get_peripheral_clock_matrix_div
                        0x20'3ac4    0x3c  Code  Gb  chip.o [1]
get_peripheral_dma_channel
                        0x20'3b00    0x60  Code  Gb  chip.o [1]
get_peripheral_fifo_depth
                        0x20'3c30    0xbc  Code  Gb  chip.o [1]
get_peripheral_matrix   0x20'3a90    0x34  Code  Gb  chip.o [1]
get_peripheral_xdma     0x20'39e8    0x50  Code  Lc  chip.o [1]
get_tc_id_from_addr     0x20'27d0    0x28  Code  Gb  chip_common.o [1]
get_twi_addr_from_id    0x20'2868    0x6c  Code  Gb  chip_common.o [1]
get_twi_id_from_addr    0x20'27f8    0x70  Code  Gb  chip_common.o [1]
get_uart_id_from_addr   0x20'28d4    0x68  Code  Gb  chip_common.o [1]
get_usart_addr_from_id  0x20'293c    0x4c  Code  Gb  chip_common.o [1]
get_xdmac_addr_from_id  0x20'29d8    0x20  Code  Gb  chip_common.o [1]
get_xdmac_id_from_addr  0x20'29b0    0x28  Code  Gb  chip_common.o [1]
handlers                0x21'076c   0x13c  Data  Lc  irq.o [1]
handlers_pool           0x21'0000   0x768  Data  Lc  irq.o [1]
icache_enable           0x20'496c    0x24  Code  Gb  l1cache_cp15.o [1]
icache_invalidate       0x20'494c    0x10  Code  Gb  l1cache_cp15.o [1]
icache_is_enabled       0x20'495c    0x10  Code  Gb  l1cache_cp15.o [1]
irqHandler              0x20'9ca4          Code  Gb  cstartup.o [1]
irq_add_handler         0x20'2638    0x90  Code  Gb  irq.o [1]
irq_disable             0x20'26d4     0x4  Code  Gb  irq.o [1]
irq_enable              0x20'26d0     0x4  Code  Gb  irq.o [1]
irq_initialize          0x20'25e0    0x58  Code  Gb  irq.o [1]
is_peripheral_on_dma_controller
                        0x20'3b60    0xb8  Code  Gb  chip.o [1]
l2cache_clean_region    0x20'4dd0    0x88  Code  Gb  l2cache_l2cc.o [1]
l2cache_invalidate_region
                        0x20'4d48    0x88  Code  Gb  l2cache_l2cc.o [1]
l2cache_is_enabled      0x20'4ad4    0x14  Code  Gb  l2cache_l2cc.o [1]
l2cache_set_exclusive   0x20'4ae8    0x38  Code  Gb  l2cache_l2cc.o [1]
l2cc_cfg                0x20'a494     0x4  Data  Lc  board_support.o [1]
l2cc_configure          0x20'4e58   0x108  Code  Gb  l2cache_l2cc.o [1]
l2cc_set_config         0x20'4b28   0x220  Code  Gb  l2cache_l2cc.o [1]
led_clear               0x20'8ad4    0x3c  Code  Gb  led.o [1]
led_configure           0x20'8a88    0x10  Code  Gb  led.o [1]
led_count               0x21'1180     0x4  Data  Lc  led.o [1]
led_set                 0x20'8a98    0x3c  Code  Gb  led.o [1]
led_status              0x20'aa50     0x4  Data  Gb  main.o [1]
led_toggle              0x20'8b20    0x58  Code  Gb  led.o [1]
main                    0x20'8940    0xf4  Code  Gb  main.o [1]
matrix_configure_slave_sec
                        0x20'59e8    0x18  Code  Gb  matrix.o [1]
matrix_is_peripheral_secured
                        0x20'5abc    0x24  Code  Gb  matrix.o [1]
matrix_master_priority_for_slave
                        0x20'5964    0x84  Code  Gb  matrix.o [1]
matrix_remap_ram        0x20'5aec    0x3c  Code  Gb  matrix.o [1]
matrix_remove_write_protection
                        0x20'5ae0     0xc  Code  Gb  matrix.o [1]
matrix_set_default_config
                        0x20'5b38   0x180  Code  Gb  matrix.o [1]
matrix_set_slave_region_size
                        0x20'5a48    0x74  Code  Gb  matrix.o [1]
matrix_set_slave_split_addr
                        0x20'5a00    0x48  Code  Gb  matrix.o [1]
memchr                  0x20'5d88          Code  Gb  memchr.o [4]
mmu_configure           0x20'7e10    0x40  Code  Gb  mmu_cp15.o [1]
mmu_enable              0x20'7e60    0x18  Code  Gb  mmu_cp15.o [1]
mmu_is_enabled          0x20'7e54     0xc  Code  Gb  mmu_cp15.o [1]
mpddrc_configure        0x20'8168   0x2c8  Code  Gb  mpddrc.o [1]
msleep                  0x20'1314    0x20  Code  Gb  timer.o [1]
mutex_is_locked         0x20'252c    0x14  Code  Gb  mutex.o [1]
mutex_lock              0x20'24bc    0x30  Code  Gb  mutex.o [1]
mutex_try_lock          0x20'24ec    0x30  Code  Gb  mutex.o [1]
mutex_unlock            0x20'251c    0x10  Code  Gb  mutex.o [1]
next_free_handler       0x21'0768     0x4  Data  Lc  irq.o [1]
pins_leds               0x20'aa88    0x30  Data  Lc  board_led.o [1]
pins_leds               0x21'117c     0x4  Data  Lc  led.o [1]
pio_add_handler_to_group
                        0x20'717c    0xc0  Code  Gb  pio4.o [1]
pio_clear               0x20'70cc    0x40  Code  Gb  pio4.o [1]
pio_configure           0x20'6e64   0x228  Code  Gb  pio4.o [1]
pio_disable_it          0x20'72c4    0x34  Code  Gb  pio4.o [1]
pio_enable_it           0x20'7290    0x34  Code  Gb  pio4.o [1]
pio_get_output_data_status
                        0x20'710c    0x44  Code  Gb  pio4.o [1]
pio_handler             0x20'8854    0x38  Code  Lc  main.o [1]
pio_reset_all_it        0x20'723c    0x54  Code  Gb  pio4.o [1]
pio_set                 0x20'708c    0x40  Code  Gb  pio4.o [1]
pio_set_debounce_filter
                        0x20'7150    0x2c  Code  Gb  pio4.o [1]
pmc_configure_gck       0x20'36b4    0xd0  Code  Gb  pmc.o [1]
pmc_configure_peripheral
                        0x20'34a0    0x94  Code  Gb  pmc.o [1]
pmc_configure_plla      0x20'33cc    0x54  Code  Gb  pmc.o [1]
pmc_disable_gck         0x20'37dc    0x4c  Code  Gb  pmc.o [1]
pmc_disable_peripheral  0x20'3580    0x44  Code  Gb  pmc.o [1]
pmc_disable_plla        0x20'3420    0x10  Code  Gb  pmc.o [1]
pmc_enable_external_osc
                        0x20'30a8    0xc8  Code  Gb  pmc.o [1]
pmc_enable_gck          0x20'3784    0x58  Code  Gb  pmc.o [1]
pmc_enable_internal_osc
                        0x20'3214    0x34  Code  Gb  pmc.o [1]
pmc_enable_peripheral   0x20'3534    0x4c  Code  Gb  pmc.o [1]
pmc_enable_system_clock
                        0x20'3430    0x68  Code  Gb  pmc.o [1]
pmc_get_audio_pmc_clock
                        0x20'3954    0x50  Code  Gb  pmc.o [1]
pmc_get_gck_clock       0x20'3828    0xe4  Code  Gb  pmc.o [1]
pmc_get_master_clock    0x20'2e14   0x100  Code  Gb  pmc.o [1]
pmc_get_peripheral_clock
                        0x20'360c    0x40  Code  Gb  pmc.o [1]
pmc_get_plla_clock      0x20'2f1c    0x58  Code  Gb  pmc.o [1]
pmc_get_processor_clock
                        0x20'2f74    0x40  Code  Gb  pmc.o [1]
pmc_get_slow_clock      0x20'2f14     0x8  Code  Gb  pmc.o [1]
pmc_get_upll_clock      0x20'3660    0x4c  Code  Gb  pmc.o [1]
pmc_is_gck_enabled      0x20'390c    0x40  Code  Gb  pmc.o [1]
pmc_is_peripheral_enabled
                        0x20'35c4    0x48  Code  Gb  pmc.o [1]
pmc_select_external_osc
                        0x20'2fb4    0xf4  Code  Gb  pmc.o [1]
pmc_select_internal_osc
                        0x20'3178    0x90  Code  Gb  pmc.o [1]
pmc_set_main_oscillator_freq
                        0x20'2b64   0x2b0  Code  Gb  pmc.o [1]
pmc_set_mck_divider     0x20'3384    0x30  Code  Gb  pmc.o [1]
pmc_set_mck_h32mxdiv    0x20'3344    0x40  Code  Gb  pmc.o [1]
pmc_set_mck_plladiv2    0x20'3304    0x40  Code  Gb  pmc.o [1]
pmc_set_mck_prescaler   0x20'32d0    0x34  Code  Gb  pmc.o [1]
pmc_switch_mck_to_new_source
                        0x20'3248    0x34  Code  Gb  pmc.o [1]
pmc_switch_mck_to_pll   0x20'327c    0x14  Code  Gb  pmc.o [1]
pmc_switch_mck_to_slck  0x20'32b0    0x20  Code  Gb  pmc.o [1]
prefetch_abort_irq_handler
                        0x20'a5cc     0x4  Code  Gb  fault_handlers.o [1]
printf                  0x20'1b21    0x2a  Code  Gb  printf.o [2]
process_button_evt      0x20'8808    0x4c  Code  Lc  main.o [1]
putchar                 0x20'a51c    0x18  Code  Wk  syscalls.o [1]
sec_hand                0x21'1184     0x4  Data  Lc  xfail_s.o [2]
seriald_configure       0x20'8db0    0x7c  Code  Gb  seriald.o [1]
seriald_enable_rx_interrupt
                        0x20'8f2c    0x48  Code  Gb  seriald.o [1]
seriald_get_char        0x20'8e98    0x44  Code  Gb  seriald.o [1]
seriald_handler         0x20'8d7c    0x34  Code  Lc  seriald.o [1]
seriald_is_rx_ready     0x20'8ee8    0x2c  Code  Gb  seriald.o [1]
seriald_ops_uart        0x20'a450    0x24  Data  Lc  seriald.o [1]
seriald_put_char        0x20'8e2c    0x28  Code  Gb  seriald.o [1]
seriald_put_string      0x20'8e54    0x44  Code  Gb  seriald.o [1]
seriald_set_rx_handler  0x20'8f14    0x18  Code  Gb  seriald.o [1]
sfrbu_disable_ddr_backup
                        0x20'8460    0x14  Code  Gb  sfrbu.o [1]
sfrbu_is_ddr_backup_enabled
                        0x20'8474    0x10  Code  Gb  sfrbu.o [1]
slowclock_get_clock     0x20'5948    0x18  Code  Gb  slowclock_sckc.o [1]
software_interrupt_irq_handler
                        0x20'a5c4     0x4  Code  Gb  fault_handlers.o [1]
spurious_handler        0x20'5798     0x4  Code  Lc  aic5.o [1]
strchr                  0x20'5ce4          Code  Gb  strchr.o [4]
strlen                  0x20'5d34          Code  Gb  strlen.o [4]
tc                      0x20'aa54    0x34  Data  Gb  main.o [1]
tc_configure            0x20'3d24    0x4c  Code  Gb  tc.o [1]
tc_enable_it            0x20'3de0    0x38  Code  Gb  tc.o [1]
tc_find_best_clock_source
                        0x20'3e18   0x10c  Code  Gb  tc.o [1]
tc_find_best_clock_source::tcclks
                        0x20'4150    0x14  Data  Lc  tc.o [1]
tc_get_available_freq   0x20'3f58    0x84  Code  Gb  tc.o [1]
tc_get_channel_freq     0x20'3fdc    0x44  Code  Gb  tc.o [1]
tc_get_cv               0x20'4118    0x34  Code  Gb  tc.o [1]
tc_get_ra_rb_rc         0x20'40b0    0x68  Code  Gb  tc.o [1]
tc_get_status           0x20'3f24    0x34  Code  Gb  tc.o [1]
tc_set_ra_rb_rc         0x20'4020    0x90  Code  Gb  tc.o [1]
tc_start                0x20'3d70    0x3c  Code  Gb  tc.o [1]
tc_stop                 0x20'3dac    0x34  Code  Gb  tc.o [1]
tcd_configure_counter   0x20'84fc    0xd8  Code  Gb  tcd.o [1]
tcd_start               0x20'85d4   0x1f0  Code  Gb  tcd.o [1]
tcd_stop                0x20'87d4    0x34  Code  Gb  tcd.o [1]
timer_configure         0x20'1190    0x9c  Code  Gb  timer.o [1]
timer_get_interval      0x20'122c    0x3c  Code  Gb  timer.o [1]
timer_irq_handler       0x20'1128     0x4  Code  Lc  timer.o [1]
timer_start_timeout     0x20'1268    0x44  Code  Gb  timer.o [1]
timer_timeout_reached   0x20'12ac    0x68  Code  Gb  timer.o [1]
timer_update_upper_tick_counter
                        0x20'1124     0x4  Code  Lc  timer.o [1]
timetick                0x21'1188     0x8  Data  Gb  tcd.o [1]
tlb                     0x20'c000  0x4000  Data  Lc  board_support.o [1]
trace_level             0x20'aae4     0x4  Data  Gb  trace.o [1]
twi_configure_master    0x20'13f0   0x110  Code  Gb  twi.o [1]
twi_disable_it          0x20'1784    0x2c  Code  Gb  twi.o [1]
twi_enable_it           0x20'1758    0x2c  Code  Gb  twi.o [1]
twi_fifo_configure      0x20'185c    0x4c  Code  Gb  twi.o [1]
twi_fifo_enable         0x20'18a8    0x3c  Code  Gb  twi.o [1]
twi_fifo_flush_rx       0x20'1a48    0x28  Code  Gb  twi.o [1]
twi_fifo_flush_tx       0x20'1a70    0x28  Code  Gb  twi.o [1]
twi_fifo_get_rx_size    0x20'1900    0x2c  Code  Gb  twi.o [1]
twi_fifo_get_tx_size    0x20'192c    0x2c  Code  Gb  twi.o [1]
twi_fifo_is_locked      0x20'1a98    0x2c  Code  Gb  twi.o [1]
twi_fifo_read           0x20'19d0    0x78  Code  Gb  twi.o [1]
twi_fifo_unlock         0x20'1ac4    0x28  Code  Gb  twi.o [1]
twi_fifo_write          0x20'1958    0x78  Code  Gb  twi.o [1]
twi_get_masked_status   0x20'17d8    0x30  Code  Gb  twi.o [1]
twi_get_status          0x20'17b0    0x28  Code  Gb  twi.o [1]
twi_init_read           0x20'1524    0xa8  Code  Gb  twi.o [1]
twi_init_write          0x20'1620    0xa4  Code  Gb  twi.o [1]
twi_is_byte_received    0x20'16c4    0x2c  Code  Gb  twi.o [1]
twi_is_byte_sent        0x20'16f4    0x28  Code  Gb  twi.o [1]
twi_is_transfer_complete
                        0x20'1724    0x2c  Code  Gb  twi.o [1]
twi_read_byte           0x20'15cc    0x28  Code  Gb  twi.o [1]
twi_send_start_condition
                        0x20'1834    0x28  Code  Gb  twi.o [1]
twi_send_stop_condition
                        0x20'1808    0x20  Code  Gb  twi.o [1]
twi_stop                0x20'1500    0x24  Code  Gb  twi.o [1]
twi_write_byte          0x20'15f4    0x2c  Code  Gb  twi.o [1]
twid_configure          0x20'0ed8   0x144  Code  Gb  twid.o [1]
twid_transfer           0x20'1044    0xa4  Code  Gb  twid.o [1]
uart_configure          0x20'8f74    0x44  Code  Gb  uart.o [1]
uart_disable_it         0x20'8fc0     0x8  Code  Gb  uart.o [1]
uart_enable_it          0x20'8fb8     0x8  Code  Gb  uart.o [1]
uart_get_char           0x20'8ff8    0x18  Code  Gb  uart.o [1]
uart_is_rx_ready        0x20'8fec     0xc  Code  Gb  uart.o [1]
uart_is_tx_empty        0x20'8fc8     0x8  Code  Gb  uart.o [1]
uart_put_char           0x20'8fd8    0x14  Code  Gb  uart.o [1]
undefined_instruction_irq_handler
                        0x20'a5c0     0x4  Code  Gb  fault_handlers.o [1]
usart_set_receiver_enabled
                        0x20'5930     0xc  Code  Gb  usart.o [1]
usart_set_transmitter_enabled
                        0x20'5920    0x10  Code  Gb  usart.o [1]
usleep                  0x20'1384    0x64  Code  Gb  timer.o [1]
wdt_disable             0x20'7b94     0xc  Code  Gb  wdt.o [1]
xdmac_disable_channel   0x20'4fec    0x38  Code  Gb  xdmac.o [1]
xdmac_disable_channel_it
                        0x20'5064    0x38  Code  Gb  xdmac.o [1]
xdmac_disable_global_it
                        0x20'4fa0     0x8  Code  Gb  xdmac.o [1]
xdmac_enable_channel    0x20'4fb0    0x3c  Code  Gb  xdmac.o [1]
xdmac_enable_channel_it
                        0x20'502c    0x38  Code  Gb  xdmac.o [1]
xdmac_enable_global_it  0x20'4f98     0x8  Code  Gb  xdmac.o [1]
xdmac_get_channel_isr   0x20'50d0    0x34  Code  Gb  xdmac.o [1]
xdmac_get_channel_it_mask
                        0x20'509c    0x34  Code  Gb  xdmac.o [1]
xdmac_get_global_channel_status
                        0x20'5024     0x8  Code  Gb  xdmac.o [1]
xdmac_get_global_isr    0x20'4fa8     0x8  Code  Gb  xdmac.o [1]
xdmac_set_block_control
                        0x20'5228    0x38  Code  Gb  xdmac.o [1]
xdmac_set_channel_config
                        0x20'5260    0x38  Code  Gb  xdmac.o [1]
xdmac_set_data_stride_mem_pattern
                        0x20'5298    0x38  Code  Gb  xdmac.o [1]
xdmac_set_descriptor_addr
                        0x20'5174    0x44  Code  Gb  xdmac.o [1]
xdmac_set_descriptor_control
                        0x20'51b8    0x38  Code  Gb  xdmac.o [1]
xdmac_set_dest_addr     0x20'513c    0x38  Code  Gb  xdmac.o [1]
xdmac_set_dest_microblock_stride
                        0x20'5308    0x38  Code  Gb  xdmac.o [1]
xdmac_set_microblock_control
                        0x20'51f0    0x38  Code  Gb  xdmac.o [1]
xdmac_set_src_addr      0x20'5104    0x38  Code  Gb  xdmac.o [1]
xdmac_set_src_microblock_stride
                        0x20'52d0    0x38  Code  Gb  xdmac.o [1]
xdmacd_configure_transfer
                        0x20'5468   0x250  Code  Gb  dma_xdmac.o [1]


[1] = C:\work\AtmelSoftPAck\atmel-software-package-2.17\examples\getting_started\build\sama5d2-xplained\sram\Obj
[2] = dl7Sx_tln.a
[3] = m7Sx_tlv.a
[4] = rt7Sx_tl.a

  37'802 bytes of readonly  code memory
   4'810 bytes of readonly  data memory
  30'892 bytes of readwrite data memory

Errors: none
Warnings: none
