###############################################################################
#
# IAR ELF Linker V8.50.1.245/W32 for ARM                  06/May/2020  06:12:26
# Copyright 2007-2020 IAR Systems AB.
#
#    Output file  =
#        C:\work\AtmelSoftPAck\atmel-software-package-2.17\examples\coremark\build\sama5d27-som1-ek\sram\Exe\getting-started.out
#    Map file     =
#        C:\work\AtmelSoftPAck\atmel-software-package-2.17\examples\coremark\build\sama5d27-som1-ek\sram\List\getting-started.map
#    Command line =
#        -f C:\Users\c40450\AppData\Local\Temp\EW4D93.tmp
#        (C:\work\AtmelSoftPAck\atmel-software-package-2.17\examples\coremark\build\sama5d27-som1-ek\sram\Obj\2K.o
#        C:\work\AtmelSoftPAck\atmel-software-package-2.17\examples\coremark\build\sama5d27-som1-ek\sram\Obj\aic5.o
#        C:\work\AtmelSoftPAck\atmel-software-package-2.17\examples\coremark\build\sama5d27-som1-ek\sram\Obj\board_console.o
#        C:\work\AtmelSoftPAck\atmel-software-package-2.17\examples\coremark\build\sama5d27-som1-ek\sram\Obj\board_led.o
#        C:\work\AtmelSoftPAck\atmel-software-package-2.17\examples\coremark\build\sama5d27-som1-ek\sram\Obj\board_sama5d27-som1-ek.o
#        C:\work\AtmelSoftPAck\atmel-software-package-2.17\examples\coremark\build\sama5d27-som1-ek\sram\Obj\board_support.o
#        C:\work\AtmelSoftPAck\atmel-software-package-2.17\examples\coremark\build\sama5d27-som1-ek\sram\Obj\board_timer.o
#        C:\work\AtmelSoftPAck\atmel-software-package-2.17\examples\coremark\build\sama5d27-som1-ek\sram\Obj\bus.o
#        C:\work\AtmelSoftPAck\atmel-software-package-2.17\examples\coremark\build\sama5d27-som1-ek\sram\Obj\cache.o
#        C:\work\AtmelSoftPAck\atmel-software-package-2.17\examples\coremark\build\sama5d27-som1-ek\sram\Obj\callback.o
#        C:\work\AtmelSoftPAck\atmel-software-package-2.17\examples\coremark\build\sama5d27-som1-ek\sram\Obj\chip.o
#        C:\work\AtmelSoftPAck\atmel-software-package-2.17\examples\coremark\build\sama5d27-som1-ek\sram\Obj\chip_common.o
#        C:\work\AtmelSoftPAck\atmel-software-package-2.17\examples\coremark\build\sama5d27-som1-ek\sram\Obj\console.o
#        C:\work\AtmelSoftPAck\atmel-software-package-2.17\examples\coremark\build\sama5d27-som1-ek\sram\Obj\cstartup.o
#        C:\work\AtmelSoftPAck\atmel-software-package-2.17\examples\coremark\build\sama5d27-som1-ek\sram\Obj\ddram.o
#        C:\work\AtmelSoftPAck\atmel-software-package-2.17\examples\coremark\build\sama5d27-som1-ek\sram\Obj\dma.o
#        C:\work\AtmelSoftPAck\atmel-software-package-2.17\examples\coremark\build\sama5d27-som1-ek\sram\Obj\dma_xdmac.o
#        C:\work\AtmelSoftPAck\atmel-software-package-2.17\examples\coremark\build\sama5d27-som1-ek\sram\Obj\fault_handlers.o
#        C:\work\AtmelSoftPAck\atmel-software-package-2.17\examples\coremark\build\sama5d27-som1-ek\sram\Obj\fft_radix2.o
#        C:\work\AtmelSoftPAck\atmel-software-package-2.17\examples\coremark\build\sama5d27-som1-ek\sram\Obj\flexcom.o
#        C:\work\AtmelSoftPAck\atmel-software-package-2.17\examples\coremark\build\sama5d27-som1-ek\sram\Obj\intmath.o
#        C:\work\AtmelSoftPAck\atmel-software-package-2.17\examples\coremark\build\sama5d27-som1-ek\sram\Obj\irq.o
#        C:\work\AtmelSoftPAck\atmel-software-package-2.17\examples\coremark\build\sama5d27-som1-ek\sram\Obj\l1cache_cp15.o
#        C:\work\AtmelSoftPAck\atmel-software-package-2.17\examples\coremark\build\sama5d27-som1-ek\sram\Obj\l2cache_l2cc.o
#        C:\work\AtmelSoftPAck\atmel-software-package-2.17\examples\coremark\build\sama5d27-som1-ek\sram\Obj\led.o
#        C:\work\AtmelSoftPAck\atmel-software-package-2.17\examples\coremark\build\sama5d27-som1-ek\sram\Obj\main.o
#        C:\work\AtmelSoftPAck\atmel-software-package-2.17\examples\coremark\build\sama5d27-som1-ek\sram\Obj\matrix.o
#        C:\work\AtmelSoftPAck\atmel-software-package-2.17\examples\coremark\build\sama5d27-som1-ek\sram\Obj\mmu_cp15.o
#        C:\work\AtmelSoftPAck\atmel-software-package-2.17\examples\coremark\build\sama5d27-som1-ek\sram\Obj\mpddrc.o
#        C:\work\AtmelSoftPAck\atmel-software-package-2.17\examples\coremark\build\sama5d27-som1-ek\sram\Obj\mutex.o
#        C:\work\AtmelSoftPAck\atmel-software-package-2.17\examples\coremark\build\sama5d27-som1-ek\sram\Obj\nfc.o
#        C:\work\AtmelSoftPAck\atmel-software-package-2.17\examples\coremark\build\sama5d27-som1-ek\sram\Obj\pio4.o
#        C:\work\AtmelSoftPAck\atmel-software-package-2.17\examples\coremark\build\sama5d27-som1-ek\sram\Obj\piobu.o
#        C:\work\AtmelSoftPAck\atmel-software-package-2.17\examples\coremark\build\sama5d27-som1-ek\sram\Obj\pit.o
#        C:\work\AtmelSoftPAck\atmel-software-package-2.17\examples\coremark\build\sama5d27-som1-ek\sram\Obj\pmc.o
#        C:\work\AtmelSoftPAck\atmel-software-package-2.17\examples\coremark\build\sama5d27-som1-ek\sram\Obj\pwmc.o
#        C:\work\AtmelSoftPAck\atmel-software-package-2.17\examples\coremark\build\sama5d27-som1-ek\sram\Obj\rand.o
#        C:\work\AtmelSoftPAck\atmel-software-package-2.17\examples\coremark\build\sama5d27-som1-ek\sram\Obj\rstc.o
#        C:\work\AtmelSoftPAck\atmel-software-package-2.17\examples\coremark\build\sama5d27-som1-ek\sram\Obj\rtc.o
#        C:\work\AtmelSoftPAck\atmel-software-package-2.17\examples\coremark\build\sama5d27-som1-ek\sram\Obj\secumod.o
#        C:\work\AtmelSoftPAck\atmel-software-package-2.17\examples\coremark\build\sama5d27-som1-ek\sram\Obj\seriald.o
#        C:\work\AtmelSoftPAck\atmel-software-package-2.17\examples\coremark\build\sama5d27-som1-ek\sram\Obj\sfc.o
#        C:\work\AtmelSoftPAck\atmel-software-package-2.17\examples\coremark\build\sama5d27-som1-ek\sram\Obj\sfrbu.o
#        C:\work\AtmelSoftPAck\atmel-software-package-2.17\examples\coremark\build\sama5d27-som1-ek\sram\Obj\shdwc.o
#        C:\work\AtmelSoftPAck\atmel-software-package-2.17\examples\coremark\build\sama5d27-som1-ek\sram\Obj\slowclock_sckc.o
#        C:\work\AtmelSoftPAck\atmel-software-package-2.17\examples\coremark\build\sama5d27-som1-ek\sram\Obj\smc.o
#        C:\work\AtmelSoftPAck\atmel-software-package-2.17\examples\coremark\build\sama5d27-som1-ek\sram\Obj\syscalls.o
#        C:\work\AtmelSoftPAck\atmel-software-package-2.17\examples\coremark\build\sama5d27-som1-ek\sram\Obj\tc.o
#        C:\work\AtmelSoftPAck\atmel-software-package-2.17\examples\coremark\build\sama5d27-som1-ek\sram\Obj\tcd.o
#        C:\work\AtmelSoftPAck\atmel-software-package-2.17\examples\coremark\build\sama5d27-som1-ek\sram\Obj\th_rand.o
#        C:\work\AtmelSoftPAck\atmel-software-package-2.17\examples\coremark\build\sama5d27-som1-ek\sram\Obj\timer.o
#        C:\work\AtmelSoftPAck\atmel-software-package-2.17\examples\coremark\build\sama5d27-som1-ek\sram\Obj\trace.o
#        C:\work\AtmelSoftPAck\atmel-software-package-2.17\examples\coremark\build\sama5d27-som1-ek\sram\Obj\uart.o
#        C:\work\AtmelSoftPAck\atmel-software-package-2.17\examples\coremark\build\sama5d27-som1-ek\sram\Obj\usart.o
#        C:\work\AtmelSoftPAck\atmel-software-package-2.17\examples\coremark\build\sama5d27-som1-ek\sram\Obj\usartd.o
#        C:\work\AtmelSoftPAck\atmel-software-package-2.17\examples\coremark\build\sama5d27-som1-ek\sram\Obj\wdt.o
#        C:\work\AtmelSoftPAck\atmel-software-package-2.17\examples\coremark\build\sama5d27-som1-ek\sram\Obj\xdmac.o
#        --redirect _Printf=_PrintfFullNoMb --redirect _Scanf=_ScanfSmallNoMb
#        --no_out_extension -o
#        C:\work\AtmelSoftPAck\atmel-software-package-2.17\examples\coremark\build\sama5d27-som1-ek\sram\Exe\getting-started.out
#        --map
#        C:\work\AtmelSoftPAck\atmel-software-package-2.17\examples\coremark\build\sama5d27-som1-ek\sram\List\getting-started.map
#        --config
#        C:\work\AtmelSoftPAck\atmel-software-package-2.17\examples\coremark\..\..\target\sama5d2\toolchain\iar\sram.icf
#        --entry __iar_program_start --vfe --text_out locale)
#
###############################################################################

*******************************************************************************
*** RUNTIME MODEL ATTRIBUTES
***

CppFlavor       = *
__Heap_Handler  = DLMalloc
__SystemLibrary = DLib
__dlib_version  = 6


*******************************************************************************
*** HEAP SELECTION
***

The advanced heap was selected because the application calls memory
allocation functions outside of system library functions, and there
are calls to deallocation functions in the application.


*******************************************************************************
*** PLACEMENT SUMMARY
***

"A0":  place at start of [from 0x20'0000 to 0x21'ffff] { section .vectors };
"P1":  place in [from 0x20'0000 to 0x21'ffff] { section .cstartup };
"P2":  place in [from 0x20'0000 to 0x21'ffff] { ro };
"P3":  place in [from 0x20'0000 to 0x21'ffff] { rw };
define block CACHE_ALIGNED_CONST
   with alignment = 32 { section .region_cache_aligned_const };
"P4":  place in [from 0x20'0000 to 0x21'ffff] { block CACHE_ALIGNED_CONST };
"P5":  place in [from 0x20'0000 to 0x21'ffff] { zi };
define block CACHE_ALIGNED
   with alignment = 32 { section .region_cache_aligned };
"P6":  place in [from 0x20'0000 to 0x21'ffff] { block CACHE_ALIGNED };
define block SRAM { section .region_sram };
"P7":  place in [from 0x20'0000 to 0x21'ffff] { block SRAM };
define block HEAP with size = 512, alignment = 4 { };
"P8":  place in [from 0x20'0000 to 0x21'ffff] { block HEAP };
define block IRQ_STACK with size = 96, alignment = 8 { };
"P9":  place in [from 0x20'0000 to 0x21'ffff] { block IRQ_STACK };
define block FIQ_STACK with size = 96, alignment = 8 { };
"P10": place in [from 0x20'0000 to 0x21'ffff] { block FIQ_STACK };
define block ABT_STACK with size = 64, alignment = 8 { };
"P11": place in [from 0x20'0000 to 0x21'ffff] { block ABT_STACK };
define block UND_STACK with size = 64, alignment = 8 { };
"P12": place in [from 0x20'0000 to 0x21'ffff] { block UND_STACK };
define block SYS_STACK with size = 64, alignment = 8 { };
"P13": place in [from 0x20'0000 to 0x21'ffff] { block SYS_STACK };
define block CSTACK with size = 2K, alignment = 8 { };
"P14": place in [from 0x20'0000 to 0x21'ffff] { block CSTACK };
do not initialize { section .region_cache_aligned };

No sections matched the following patterns:

  section .region_cache_aligned_const  in block CACHE_ALIGNED_CONST
  section .region_ddr                  in block DDRAM
  section .region_ddr_cache_aligned    in block DDR_CACHE_ALIGNED
  section .region_nocache              in block NO_CACHE
  section .region_sram                 in block SRAM


  Section                 Kind       Address    Size  Object
  -------                 ----       -------    ----  ------
"A0":                                           0x3c
  .vectors                ro code  0x20'0000    0x3c  cstartup.o [1]
                                 - 0x20'003c    0x3c

"P1-P14", part 1 of 3:                        0xf50c
  .rodata                 const    0x20'003c  0x6000  2K.o [1]
  .text                   ro code  0x20'603c  0x14ec  dlmalloc.o [2]
  Veneer                  ro code  0x20'7528     0x8  - Linker created -
  .text                   ro code  0x20'7530     0x6  abort.o [2]
  .text                   ro code  0x20'7536    0x30  xgetmemchunk.o [2]
  .text                   ro code  0x20'7566    0x3a  zero_init3.o [4]
  .text                   ro code  0x20'75a0   0x1a8  I32DivMod.o [4]
  .text                   ro code  0x20'7748     0x8  ABImemclr.o [4]
  .text                   ro code  0x20'7750    0x14  XXexit.o [4]
  .text                   ro code  0x20'7764     0x4  IntDivZer.o [4]
  .text                   ro code  0x20'7768    0x74  ABImemset.o [4]
  SOFTPACK                ro code  0x20'77dc  0x11c0  pmc.o [1]
  SOFTPACK                ro code  0x20'899c    0x50  slowclock_sckc.o [1]
  .text                   ro code  0x20'89ec    0x1e  assert.o [2]
  .text                   ro code  0x20'8a0a    0x2a  printf.o [2]
  SOFTPACK                ro code  0x20'8a34   0x10c  chip.o [1]
  .text                   ro code  0x20'8b40   0x130  I64DivMod.o [4]
  .text                   ro code  0x20'8c70  0x102c  xprintffull_nomb.o [2]
  .text                   ro code  0x20'9c9c     0x4  I64DivZer.o [4]
  .text                   ro code  0x20'9ca0    0x20  strchr.o [4]
  .text                   ro code  0x20'9cc0    0x2e  xfail_s.o [2]
  .text                   ro code  0x20'9cf0    0x54  strlen.o [4]
  .text                   ro code  0x20'9d44    0x94  memchr.o [4]
  .text                   ro code  0x20'9dd8    0xd4  ABImemcpy.o [4]
  .text                   ro code  0x20'9eac    0x70  frexp.o [3]
  .text                   ro code  0x20'9f1c    0x2e  DblCmpLe.o [3]
  .text                   ro code  0x20'9f4c    0x2e  DblCmpGe.o [3]
  .text                   ro code  0x20'9f7c   0x104  ldexp.o [3]
  .text                   ro code  0x20'a080     0xe  DblToS32.o [3]
  .text                   ro code  0x20'a08e     0xe  S32ToDbl.o [3]
  .text                   ro code  0x20'a09c    0x12  DblSub.o [3]
  .text                   ro code  0x20'a0ae    0x12  DblDiv.o [3]
  .text                   ro code  0x20'a0c0     0xe  DblToU32.o [3]
  .text                   ro code  0x20'a0ce     0xe  U32ToDbl.o [3]
  .text                   ro code  0x20'a0dc    0x12  DblMul.o [3]
  SOFTPACK                ro code  0x20'a0f0   0xec4  th_rand.o [1]
  .text                   ro code  0x20'afb4     0x4  heaptramp0.o [2]
  .text                   ro code  0x20'afb8    0x58  S64ToFlt.o [3]
  .text                   ro code  0x20'b010     0x8  abs.o [2]
  SOFTPACK                ro code  0x20'b018   0x76c  fft_radix2.o [1]
  .text                   ro code  0x20'b784   0x22e  cos_sin32.o [3]
  SOFTPACK                ro code  0x20'b9b4    0x6c  2K.o [1]
  SOFTPACK                ro code  0x20'ba20   0x608  mpddrc.o [1]
  SOFTPACK                ro code  0x20'c028    0x28  sfrbu.o [1]
  SOFTPACK                ro code  0x20'c050   0x240  timer.o [1]
  SOFTPACK                ro code  0x20'c290   0x238  tc.o [1]
  SOFTPACK                ro code  0x20'c4c8    0xf4  chip_common.o [1]
  SOFTPACK                ro code  0x20'c5bc   0x1a0  irq.o [1]
  SOFTPACK                ro code  0x20'c75c   0x15c  aic5.o [1]
  SOFTPACK                ro code  0x20'c8b8   0x488  matrix.o [1]
  SOFTPACK                ro code  0x20'cd40   0x1dc  l1cache_cp15.o [1]
  SOFTPACK                ro code  0x20'cf1c    0x90  cache.o [1]
  SOFTPACK                ro code  0x20'cfac   0x13c  l2cache_l2cc.o [1]
  SOFTPACK                ro code  0x20'd0e8   0x434  board_support.o [1]
  SOFTPACK                ro code  0x20'd51c    0x14  wdt.o [1]
  SOFTPACK                ro code  0x20'd530   0x2fc  pio4.o [1]
  SOFTPACK                ro code  0x20'd82c    0x1c  board_timer.o [1]
  SOFTPACK                ro code  0x20'd848    0xac  mmu_cp15.o [1]
  SOFTPACK                ro code  0x20'd8f4   0x2a0  ddram.o [1]
  SOFTPACK                ro code  0x20'db94   0x234  console.o [1]
  SOFTPACK                ro code  0x20'ddc8   0x148  seriald.o [1]
  SOFTPACK                ro code  0x20'df10   0x18c  dma.o [1]
  SOFTPACK                ro code  0x20'e09c    0x88  mutex.o [1]
  SOFTPACK                ro code  0x20'e124    0xa0  xdmac.o [1]
  SOFTPACK                ro code  0x20'e1c4    0x50  callback.o [1]
  SOFTPACK                ro code  0x20'e214   0x128  dma_xdmac.o [1]
  .cstartup               ro code  0x20'e33c    0xe0  cstartup.o [1]
  .text                   ro code  0x20'e41c    0x30  data_init.o [4]
  .text                   ro code  0x20'e44c    0x28  fpinit.o [3]
  SOFTPACK                ro code  0x20'e474    0x3c  board_sama5d27-som1-ek.o [1]
  SOFTPACK                ro code  0x20'e4b0    0x90  main.o [1]
  SOFTPACK                ro code  0x20'e540    0xa8  board_console.o [1]
  SOFTPACK                ro code  0x20'e5e8    0x18  board_led.o [1]
  SOFTPACK                ro code  0x20'e600    0x5c  pit.o [1]
  SOFTPACK                ro code  0x20'e65c    0x34  led.o [1]
  SOFTPACK                ro code  0x20'e690    0xdc  uart.o [1]
  .text                   ro code  0x20'e76c    0xa4  cstartup.o [1]
  .rodata                 const    0x20'e810    0x78  chip.o [1]
  .rodata                 const    0x20'e888    0x70  pmc.o [1]
  .rodata                 const    0x20'e8f8    0x68  xprintffull_nomb.o [2]
  .rodata                 const    0x20'e960    0x5c  fft_radix2.o [1]
  .rodata                 const    0x20'e9bc    0x50  matrix.o [1]
  .rodata                 const    0x20'ea0c    0x50  xdmac.o [1]
  .rodata                 const    0x20'ea5c    0x4c  ddram.o [1]
  .rodata                 const    0x20'eaa8    0x4c  l1cache_cp15.o [1]
  .rodata                 const    0x20'eaf4    0x4c  l2cache_l2cc.o [1]
  .rodata                 const    0x20'eb40    0x4c  pmc.o [1]
  .rodata                 const    0x20'eb8c    0x4c  tc.o [1]
  .rodata                 const    0x20'ebd8    0x48  mmu_cp15.o [1]
  .rodata                 const    0x20'ec20    0x48  pio4.o [1]
  .rodata                 const    0x20'ec68    0x48  xdmac.o [1]
  .rodata                 const    0x20'ecb0    0x44  irq.o [1]
  .rodata                 const    0x20'ecf4    0x44  tc.o [1]
  .rodata                 const    0x20'ed38    0x3c  fft_radix2.o [1]
  .rodata                 const    0x20'ed74    0x24  pio4.o [1]
  .rodata                 const    0x20'ed98    0x24  pio4.o [1]
  .rodata                 const    0x20'edbc    0x24  seriald.o [1]
  .iar.init_table         const    0x20'ede0    0x10  - Linker created -
  .rodata                 const    0x20'edf0    0x20  ddram.o [1]
  .rodata                 const    0x20'ee10    0x20  fft_radix2.o [1]
  .rodata                 const    0x20'ee30    0x20  main.o [1]
  .rodata                 const    0x20'ee50    0x20  mpddrc.o [1]
  .rodata                 const    0x20'ee70    0x20  pio4.o [1]
  .rodata                 const    0x20'ee90    0x20  pmc.o [1]
  .rodata                 const    0x20'eeb0    0x20  pmc.o [1]
  .rodata                 const    0x20'eed0    0x20  assert.o [2]
  .rodata                 const    0x20'eef0    0x20  xfail_s.o [2]
  .rodata                 const    0x20'ef10    0x1c  console.o [1]
  .rodata                 const    0x20'ef2c    0x1c  ddram.o [1]
  .rodata                 const    0x20'ef48    0x1c  main.o [1]
  .rodata                 const    0x20'ef64    0x1c  pmc.o [1]
  .rodata                 const    0x20'ef80    0x1c  pmc.o [1]
  SOFTPACK                ro code  0x20'ef9c    0x1c  syscalls.o [1]
  .rodata                 const    0x20'efb8    0x18  console.o [1]
  .rodata                 const    0x20'efd0    0x18  ddram.o [1]
  .rodata                 const    0x20'efe8    0x18  pio4.o [1]
  .text                   ro code  0x20'f000    0x16  xprout.o [2]
  .rodata                 const    0x20'f018    0x14  board_support.o [1]
  .rodata                 const    0x20'f02c    0x14  console.o [1]
  .rodata                 const    0x20'f040    0x14  irq.o [1]
  .rodata                 const    0x20'f054    0x14  l1cache_cp15.o [1]
  .rodata                 const    0x20'f068    0x14  mmu_cp15.o [1]
  .rodata                 const    0x20'f07c    0x10  board_console.o [1]
  .rodata                 const    0x20'f08c    0x10  board_console.o [1]
  .rodata                 const    0x20'f09c    0x10  chip.o [1]
  .rodata                 const    0x20'f0ac    0x10  chip.o [1]
  .rodata                 const    0x20'f0bc    0x10  chip.o [1]
  .rodata                 const    0x20'f0cc    0x10  chip.o [1]
  .rodata                 const    0x20'f0dc    0x10  chip.o [1]
  .rodata                 const    0x20'f0ec    0x10  console.o [1]
  .rodata                 const    0x20'f0fc    0x10  console.o [1]
  .rodata                 const    0x20'f10c    0x10  console.o [1]
  .rodata                 const    0x20'f11c    0x10  console.o [1]
  .rodata                 const    0x20'f12c    0x10  console.o [1]
  .rodata                 const    0x20'f13c    0x10  main.o [1]
  .rodata                 const    0x20'f14c    0x10  matrix.o [1]
  SOFTPACK                ro code  0x20'f15c    0x10  fault_handlers.o [1]
  .rodata                 const    0x20'f16c     0xc  board_support.o [1]
  .rodata                 const    0x20'f178     0xc  chip.o [1]
  .rodata                 const    0x20'f184     0xc  chip.o [1]
  .rodata                 const    0x20'f190     0xc  chip.o [1]
  .rodata                 const    0x20'f19c     0xc  chip.o [1]
  .rodata                 const    0x20'f1a8     0xc  chip.o [1]
  .rodata                 const    0x20'f1b4     0xc  chip.o [1]
  .rodata                 const    0x20'f1c0     0xc  chip.o [1]
  .rodata                 const    0x20'f1cc     0xc  chip.o [1]
  .rodata                 const    0x20'f1d8     0xc  chip.o [1]
  .rodata                 const    0x20'f1e4     0xc  chip.o [1]
  .rodata                 const    0x20'f1f0     0xc  chip.o [1]
  .rodata                 const    0x20'f1fc     0xc  console.o [1]
  .rodata                 const    0x20'f208     0xc  console.o [1]
  .rodata                 const    0x20'f214     0xc  console.o [1]
  .rodata                 const    0x20'f220     0xc  console.o [1]
  .rodata                 const    0x20'f22c     0xc  l1cache_cp15.o [1]
  .rodata                 const    0x20'f238     0xc  l2cache_l2cc.o [1]
  .rodata                 const    0x20'f244     0xc  matrix.o [1]
  .rodata                 const    0x20'f250     0xc  pio4.o [1]
  .rodata                 const    0x20'f25c     0xc  pmc.o [1]
  .rodata                 const    0x20'f268     0x8  chip.o [1]
  .rodata                 const    0x20'f270     0x8  console.o [1]
  .rodata                 const    0x20'f278     0x8  console.o [1]
  .rodata                 const    0x20'f280     0x8  console.o [1]
  .rodata                 const    0x20'f288     0x8  pmc.o [1]
  .rodata                 const    0x20'f290     0x0  zero_init3.o [4]
  .data                   rw data  0x20'f290   0x240  th_rand.o [1]
  .data                   rw data  0x20'f4d0    0x30  board_led.o [1]
  .data                   rw data  0x20'f500     0xc  2K.o [1]
  .data                   rw data  0x20'f50c     0xc  2K.o [1]
  .data                   rw data  0x20'f518     0xc  2K.o [1]
  .data                   rw data  0x20'f524     0xc  fft_radix2.o [1]
  .data                   rw data  0x20'f530     0x8  dma.o [1]
  .data                   rw data  0x20'f538     0x8  pmc.o [1]
  .data                   rw data  0x20'f540     0x4  board_support.o [1]
  .data                   rw data  0x20'f544     0x4  trace.o [1]
                                 - 0x20'f548  0xf50c

"P1-P14", part 2 of 3:                        0x5a9c
  .bss                    zero     0x21'0000  0x4000  board_support.o [1]
  .bss                    zero     0x21'4000   0x768  irq.o [1]
  .bss                    zero     0x21'4768   0x394  dma.o [1]
  .bss                    zero     0x21'4afc   0x1d8  dlmalloc.o [2]
  .bss                    zero     0x21'4cd4   0x180  fft_radix2.o [1]
  .bss                    zero     0x21'4e54   0x13c  irq.o [1]
  .bss                    zero     0x21'4f90    0x18  dlmalloc.o [2]
  .bss                    zero     0x21'4fa8    0x10  console.o [1]
  .bss                    zero     0x21'4fb8    0x10  timer.o [1]
  .bss                    zero     0x21'4fc8     0x4  irq.o [1]
  .bss                    zero     0x21'4fcc     0x4  led.o [1]
  .bss                    zero     0x21'4fd0     0x4  led.o [1]
  .bss                    zero     0x21'4fd4     0x4  main.o [1]
  .bss                    zero     0x21'4fd8     0x4  pmc.o [1]
  .bss                    zero     0x21'4fdc     0x4  xfail_s.o [2]
  .bss                    zero     0x21'4fe0     0x4  xgetmemchunk.o [2]
                                 - 0x21'4fe4  0x5a9c

"P1-P14", part 3 of 3:                         0xf90
  CACHE_ALIGNED                    0x21'5000   0x410  <Block>
    .region_cache_aligned
                          uninit   0x21'5000   0x410  dma.o [1]
  HEAP                             0x21'5410   0x200  <Block>
    HEAP                  uninit   0x21'5410   0x200  <Block tail>
  IRQ_STACK                        0x21'5610    0x60  <Block>
    IRQ_STACK             uninit   0x21'5610    0x60  <Block tail>
  FIQ_STACK                        0x21'5670    0x60  <Block>
    FIQ_STACK             uninit   0x21'5670    0x60  <Block tail>
  ABT_STACK                        0x21'56d0    0x40  <Block>
    ABT_STACK             uninit   0x21'56d0    0x40  <Block tail>
  UND_STACK                        0x21'5710    0x40  <Block>
    UND_STACK             uninit   0x21'5710    0x40  <Block tail>
  SYS_STACK                        0x21'5750    0x40  <Block>
    SYS_STACK             uninit   0x21'5750    0x40  <Block tail>
  CSTACK                           0x21'5790   0x800  <Block>
    CSTACK                uninit   0x21'5790   0x800  <Block tail>
                                 - 0x21'5f90   0xf90

Unused ranges:

       From         To    Size
       ----         --    ----
  0x21'4fe4  0x21'4fff    0x1c
  0x21'5f90  0x21'ffff  0xa070


*******************************************************************************
*** INIT TABLE
***

          Address    Size
          -------    ----
Zero (__iar_zero_init3)
    1 destination range, total size 0x4fe4:
          0x21'0000  0x4fe4



*******************************************************************************
*** MODULE SUMMARY
***

    Module                    ro code  ro data  rw data
    ------                    -------  -------  -------
command line/config:
    ---------------------------------------------------
    Total:

C:\work\AtmelSoftPAck\atmel-software-package-2.17\examples\coremark\build\sama5d27-som1-ek\sram\Obj: [1]
    2K.o                          108   24'576       36
    aic5.o                        348
    board_console.o               168       32
    board_led.o                    24                48
    board_sama5d27-som1-ek.o       60
    board_support.o             1'076       32   16'388
    board_timer.o                  28
    cache.o                       144
    callback.o                     80
    chip.o                        268      340
    chip_common.o                 244
    console.o                     564      224       16
    cstartup.o                    448
    ddram.o                       672      160
    dma.o                         396             1'964
    dma_xdmac.o                   296
    fault_handlers.o               16
    fft_radix2.o                1'900      184      396
    irq.o                         416       88    2'216
    l1cache_cp15.o                476      108
    l2cache_l2cc.o                316       88
    led.o                          52                 8
    main.o                        144       76        4
    matrix.o                    1'160      108
    mmu_cp15.o                    172       92
    mpddrc.o                    1'544       32
    mutex.o                       136
    pio4.o                        764      212
    pit.o                          92
    pmc.o                       4'544      328       12
    seriald.o                     328       36
    sfrbu.o                        40
    slowclock_sckc.o               80
    syscalls.o                     28
    tc.o                          568      144
    th_rand.o                   3'780               576
    timer.o                       576                16
    trace.o                                           4
    uart.o                        220
    wdt.o                          20
    xdmac.o                       160      152
    ---------------------------------------------------
    Total:                     22'456   27'012   21'684

dl7Sx_tln.a: [2]
    abort.o                         6
    abs.o                           8
    assert.o                       30       32
    dlmalloc.o                  5'356               496
    heaptramp0.o                    4
    printf.o                       42
    xfail_s.o                      46       32        4
    xgetmemchunk.o                 48                 4
    xprintffull_nomb.o          4'140      104
    xprout.o                       22
    ---------------------------------------------------
    Total:                      9'702      168      504

m7Sx_tlv.a: [3]
    DblCmpGe.o                     46
    DblCmpLe.o                     46
    DblDiv.o                       18
    DblMul.o                       18
    DblSub.o                       18
    DblToS32.o                     14
    DblToU32.o                     14
    S32ToDbl.o                     14
    S64ToFlt.o                     88
    U32ToDbl.o                     14
    cos_sin32.o                   558
    fpinit.o                       40
    frexp.o                       112
    ldexp.o                       260
    ---------------------------------------------------
    Total:                      1'260

rt7Sx_tl.a: [4]
    ABImemclr.o                     8
    ABImemcpy.o                   212
    ABImemset.o                   116
    I32DivMod.o                   424
    I64DivMod.o                   304
    I64DivZer.o                     4
    IntDivZer.o                     4
    XXexit.o                       20
    data_init.o                    48
    memchr.o                      148
    strchr.o                       32
    strlen.o                       84
    zero_init3.o                   58
    ---------------------------------------------------
    Total:                      1'462

    Gaps                           10        2    2'744
    Linker created                  8       16    2'944
-------------------------------------------------------
    Grand Total:               34'898   27'198   27'876


*******************************************************************************
*** ENTRY LIST
***

Entry                     Address    Size  Type      Object
-----                     -------    ----  ----      ------
.iar.init_table$$Base   0x20'ede0           --   Gb  - Linker created -
.iar.init_table$$Limit  0x20'edf0           --   Gb  - Linker created -
ABT_STACK$$Base         0x21'56d0           --   Gb  - Linker created -
ABT_STACK$$Limit        0x21'5710           --   Gb  - Linker created -
CACHE_ALIGNED$$Base     0x21'5000           --   Gb  - Linker created -
CACHE_ALIGNED$$Limit    0x21'5410           --   Gb  - Linker created -
CSTACK$$Base            0x21'5790           --   Gb  - Linker created -
CSTACK$$Limit           0x21'5f90           --   Gb  - Linker created -
FFT_bitreverse          0x20'b6c8    0xbc  Code  Lc  fft_radix2.o [1]
FFT_transform_internal  0x20'b4b4   0x214  Code  Lc  fft_radix2.o [1]
FIQ_STACK$$Base         0x21'5670           --   Gb  - Linker created -
FIQ_STACK$$Limit        0x21'56d0           --   Gb  - Linker created -
HEAP$$Base              0x21'5410           --   Gb  - Linker created -
HEAP$$Limit             0x21'5610           --   Gb  - Linker created -
IRQ_STACK$$Base         0x21'5610           --   Gb  - Linker created -
IRQ_STACK$$Limit        0x21'5670           --   Gb  - Linker created -
Region$$Table$$Base     0x20'ede0           --   Gb  - Linker created -
Region$$Table$$Limit    0x20'edf0           --   Gb  - Linker created -
SYS_STACK$$Base         0x21'5750           --   Gb  - Linker created -
SYS_STACK$$Limit        0x21'5790           --   Gb  - Linker created -
UND_STACK$$Base         0x21'5710           --   Gb  - Linker created -
UND_STACK$$Limit        0x21'5750           --   Gb  - Linker created -
_LitobFullNoMb          0x20'9afb   0x10a  Code  Lc  xprintffull_nomb.o [2]
_PrintfFullNoMb         0x20'8c71   0xe84  Code  Gb  xprintffull_nomb.o [2]
_Prout                  0x20'f001    0x16  Code  Gb  xprout.o [2]
_PutcharFullNoMb        0x20'9c4f    0x20  Code  Lc  xprintffull_nomb.o [2]
_PutcharsFullNoMb       0x20'9c6f    0x2e  Code  Lc  xprintffull_nomb.o [2]
__aeabi_assert          0x20'89ed    0x1e  Code  Gb  assert.o [2]
__aeabi_cdcmple         0x20'9f1d          Code  Gb  DblCmpLe.o [3]
__aeabi_cdrcmple        0x20'9f4d          Code  Gb  DblCmpGe.o [3]
__aeabi_d2iz            0x20'a081     0xe  Code  Gb  DblToS32.o [3]
__aeabi_d2uiz           0x20'a0c1     0xe  Code  Gb  DblToU32.o [3]
__aeabi_ddiv            0x20'a0af    0x12  Code  Gb  DblDiv.o [3]
__aeabi_dmul            0x20'a0dd    0x12  Code  Gb  DblMul.o [3]
__aeabi_dsub            0x20'a09d    0x12  Code  Gb  DblSub.o [3]
__aeabi_i2d             0x20'a08f     0xe  Code  Gb  S32ToDbl.o [3]
__aeabi_idiv            0x20'75a0          Code  Gb  I32DivMod.o [4]
__aeabi_idiv0           0x20'7764          Code  Gb  IntDivZer.o [4]
__aeabi_idivmod         0x20'75a0          Code  Gb  I32DivMod.o [4]
__aeabi_l2f             0x20'afb9          Code  Gb  S64ToFlt.o [3]
__aeabi_ldiv0           0x20'9c9c          Code  Gb  I64DivZer.o [4]
__aeabi_memclr          0x20'7748          Code  Gb  ABImemclr.o [4]
__aeabi_memcpy          0x20'9dd8          Code  Gb  ABImemcpy.o [4]
__aeabi_memcpy4         0x20'9dfc          Code  Gb  ABImemcpy.o [4]
__aeabi_memcpy8         0x20'9dfc          Code  Gb  ABImemcpy.o [4]
__aeabi_memset          0x20'7768          Code  Gb  ABImemset.o [4]
__aeabi_ui2d            0x20'a0cf     0xe  Code  Gb  U32ToDbl.o [3]
__aeabi_uidiv           0x20'75cc          Code  Gb  I32DivMod.o [4]
__aeabi_uidivmod        0x20'75cc          Code  Gb  I32DivMod.o [4]
__aeabi_uldivmod        0x20'8b40          Code  Gb  I64DivMod.o [4]
__data_GetMemChunk      0x20'7537    0x30  Code  Gb  xgetmemchunk.o [2]
__data_GetMemChunk::start
                        0x21'4fe0     0x4  Data  Lc  xgetmemchunk.o [2]
__exit                  0x20'7750          Code  Gb  XXexit.o [4]
__iar_Fail_s            0x20'9cc1    0x2e  Code  Gb  xfail_s.o [2]
__iar_Memchr            0x20'9d44          Code  Gb  memchr.o [4]
__iar_Memset            0x20'7768          Code  Gb  ABImemset.o [4]
__iar_Memset_word       0x20'7770          Code  Gb  ABImemset.o [4]
__iar_Sin32             0x20'b785   0x22a  Code  Lc  cos_sin32.o [3]
__iar_Strchr            0x20'9ca0          Code  Gb  strchr.o [4]
__iar_data_init3        0x20'e41d    0x30  Code  Gb  data_init.o [4]
__iar_dlcalloc          0x20'74e1    0x48  Code  Gb  dlmalloc.o [2]
__iar_dlfree            0x20'6fbb   0x526  Code  Gb  dlmalloc.o [2]
__iar_dlmalloc          0x20'60d1   0xeea  Code  Gb  dlmalloc.o [2]
__iar_frexp             0x20'9eb9          Code  Gb  frexp.o [3]
__iar_frexpl            0x20'9eb9          Code  Gb  frexp.o [3]
__iar_init_vfp          0x20'e460          Code  Gb  fpinit.o [3]
__iar_init_vfp_v6       0x20'e44c          Code  Gb  fpinit.o [3]
__iar_ldexp64           0x20'9f91          Code  Gb  ldexp.o [3]
__iar_program_start     0x20'e35c          Code  Gb  cstartup.o [1]
__iar_scalbln64         0x20'9f91          Code  Gb  ldexp.o [3]
__iar_scalbn64          0x20'9f91          Code  Gb  ldexp.o [3]
__iar_sin32             0x20'b9af     0x4  Code  Gb  cos_sin32.o [3]
__iar_sin_medium32      0x20'b9af     0x4  Code  Gb  cos_sin32.o [3]
__iar_sin_mediumf       0x20'b9af     0x4  Code  Gb  cos_sin32.o [3]
__iar_softfp___iar_frexp64
                        0x20'9ead          Code  Gb  frexp.o [3]
__iar_softfp___iar_ldexp64
                        0x20'9f7d          Code  Gb  ldexp.o [3]
__iar_softfp___iar_scalbln64
                        0x20'9f7d          Code  Gb  ldexp.o [3]
__iar_softfp___iar_scalbn64
                        0x20'9f7d          Code  Gb  ldexp.o [3]
__iar_softfp_frexp      0x20'9ead          Code  Gb  frexp.o [3]
__iar_softfp_frexpl     0x20'9ead          Code  Gb  frexp.o [3]
__iar_softfp_ldexp      0x20'9f7d          Code  Gb  ldexp.o [3]
__iar_softfp_ldexpl     0x20'9f7d          Code  Gb  ldexp.o [3]
__iar_softfp_scalbln    0x20'9f7d          Code  Gb  ldexp.o [3]
__iar_softfp_scalblnl   0x20'9f7d          Code  Gb  ldexp.o [3]
__iar_softfp_scalbn     0x20'9f7d          Code  Gb  ldexp.o [3]
__iar_softfp_scalbnl    0x20'9f7d          Code  Gb  ldexp.o [3]
__iar_zero_init3        0x20'7567    0x3a  Code  Gb  zero_init3.o [4]
_aic_initialize         0x20'c770    0x68  Code  Lc  aic5.o [1]
_alloc_handler          0x20'c618    0x4c  Code  Lc  irq.o [1]
_compute_ba_offset      0x20'bb28    0x78  Code  Lc  mpddrc.o [1]
_configure_ddr2         0x20'bcd0    0xe8  Code  Lc  mpddrc.o [1]
_configure_ddr3         0x20'bc40    0x90  Code  Lc  mpddrc.o [1]
_configure_lpddr2       0x20'bdb8    0xb8  Code  Lc  mpddrc.o [1]
_default_irq_handler    0x20'c664    0x54  Code  Lc  irq.o [1]
_dma_ctrl               0x21'4768   0x394  Data  Lc  dma.o [1]
_dma_sg_init            0x20'df10    0x9c  Code  Lc  dma.o [1]
_dma_sg_pool            0x21'5000   0x410  Data  Lc  dma.o [1]
_exid_names             0x20'e810    0x78  Data  Lc  chip.o [1]
_get_aic_instance       0x20'c7d8    0x50  Code  Lc  aic5.o [1]
_gm_                    0x21'4afc   0x1d8  Data  Lc  dlmalloc.o [2]
_h64_peripherals        0x20'f0dc    0x10  Data  Lc  chip.o [1]
_init_w971gg6sb         0x20'd8f4   0x20c  Code  Lc  ddram.o [1]
_initialize_handlers_pool
                        0x20'c5bc    0x5c  Code  Lc  irq.o [1]
_pio_get_instance       0x20'd530    0x38  Code  Lc  pio4.o [1]
_pmc_compute_mck        0x20'77e4   0x134  Code  Lc  pmc.o [1]
_pmc_get_system_clock_bits
                        0x20'7918   0x120  Code  Lc  pmc.o [1]
_pmc_main_oscillators   0x20'f538     0x8  Data  Lc  pmc.o [1]
_pmc_mck                0x21'4fd8     0x4  Data  Lc  pmc.o [1]
_pmc_measure_main_osc_freq
                        0x20'7a38    0x84  Code  Lc  pmc.o [1]
_reset_vector           0x20'0000          Data  Gb  cstartup.o [1]
_send_ddr_cmd           0x20'bba0    0x30  Code  Lc  mpddrc.o [1]
_send_ext_lmr_cmd       0x20'bbd0    0x38  Code  Lc  mpddrc.o [1]
_send_lpddr2_cmd        0x20'bc08    0x38  Code  Lc  mpddrc.o [1]
_set_ddr_timings        0x20'ba28   0x100  Code  Lc  mpddrc.o [1]
_timer                  0x21'4fb8    0x10  Data  Lc  timer.o [1]
_timer_get_tick         0x20'c0b4    0x38  Code  Lc  timer.o [1]
abort                   0x20'7531     0x6  Code  Gb  abort.o [2]
abs                     0x20'b011     0x8  Code  Gb  abs.o [2]
acc_summary             0x20'f290   0x240  Data  Gb  th_rand.o [1]
acc_summary_info        0x20'aee4    0x70  Code  Gb  th_rand.o [1]
aic_enable              0x20'c878    0x24  Code  Gb  aic5.o [1]
aic_get_current_interrupt_source
                        0x20'c89c     0xc  Code  Gb  aic5.o [1]
aic_initialize          0x20'c828    0x50  Code  Gb  aic5.o [1]
arch_irq_disable        0x20'c764     0x8  Code  Lc  aic5.o [1]
arch_irq_disable        0x20'c058     0x8  Code  Lc  timer.o [1]
arch_irq_enable         0x20'c75c     0x8  Code  Lc  aic5.o [1]
arch_irq_enable         0x20'c050     0x8  Code  Lc  timer.o [1]
bignum_abs              0x20'ab74    0x3c  Code  Gb  th_rand.o [1]
bignum_add              0x20'a9c4    0x88  Code  Gb  th_rand.o [1]
bignum_convert          0x20'ab14    0x60  Code  Gb  th_rand.o [1]
bignum_diff             0x20'ac34    0x38  Code  Gb  th_rand.o [1]
bignum_diff_sp          0x20'accc   0x1c0  Code  Gb  th_rand.o [1]
bignum_msb              0x20'abe4    0x50  Code  Gb  th_rand.o [1]
bignum_neg              0x20'ac6c    0x60  Code  Gb  th_rand.o [1]
bignum_shl              0x20'aa84    0x90  Code  Gb  th_rand.o [1]
bignum_sub              0x20'aa4c    0x38  Code  Gb  th_rand.o [1]
bignum_zero             0x20'a9a0    0x24  Code  Gb  th_rand.o [1]
bmark_clean_radix2      0x20'b444    0x4c  Code  Gb  fft_radix2.o [1]
board_cfg_clocks        0x20'd100    0x74  Code  Gb  board_support.o [1]
board_cfg_console       0x20'e540    0xa8  Code  Gb  board_console.o [1]
board_cfg_ddram         0x20'd4f4    0x28  Code  Gb  board_support.o [1]
board_cfg_led           0x20'e5e8    0x18  Code  Gb  board_led.o [1]
board_cfg_lowlevel      0x20'd174    0x6c  Code  Gb  board_support.o [1]
board_cfg_matrix_default
                        0x20'd0e8     0xc  Code  Lc  board_support.o [1]
board_cfg_matrix_for_ddr
                        0x20'd46c    0x88  Code  Gb  board_support.o [1]
board_cfg_mmu           0x20'd1e0   0x264  Code  Gb  board_support.o [1]
board_cfg_timer         0x20'd82c    0x1c  Code  Gb  board_timer.o [1]
board_init              0x20'e474    0x3c  Code  Wk  board_sama5d27-som1-ek.o [1]
board_name              0x20'f540     0x4  Data  Lc  board_support.o [1]
cache_clean_region      0x20'cf64    0x48  Code  Gb  cache.o [1]
cache_invalidate_region
                        0x20'cf1c    0x48  Code  Gb  cache.o [1]
calculate_twiddles      0x20'b05c   0x19c  Code  Lc  fft_radix2.o [1]
callback_call           0x20'e1d8    0x3c  Code  Gb  callback.o [1]
callback_set            0x20'e1c4    0x14  Code  Gb  callback.o [1]
console                 0x21'4fa8    0x10  Data  Lc  console.o [1]
console_clear_screen    0x20'dd68    0x10  Code  Gb  console.o [1]
console_configure       0x20'db94    0x90  Code  Gb  console.o [1]
console_example_info    0x20'dc58   0x10c  Code  Gb  console.o [1]
console_put_char        0x20'dc24    0x1c  Code  Gb  console.o [1]
console_put_string      0x20'dc40    0x18  Code  Gb  console.o [1]
console_reset_cursor    0x20'dd78    0x10  Code  Gb  console.o [1]
controllers             0x20'f530     0x8  Data  Lc  dma.o [1]
count_msb               0x20'abb0    0x34  Code  Gb  th_rand.o [1]
cp15_dcache_clean_mva   0x20'cd7c     0x8  Code  Lc  l1cache_cp15.o [1]
cp15_dcache_invalidate_mva
                        0x20'cd74     0x8  Code  Lc  l1cache_cp15.o [1]
cp15_dcache_invalidate_setway
                        0x20'cd6c     0x8  Code  Lc  l1cache_cp15.o [1]
cp15_icache_invalidate  0x20'cd60     0xc  Code  Lc  l1cache_cp15.o [1]
cp15_read_sctlr         0x20'cd50     0x8  Code  Lc  l1cache_cp15.o [1]
cp15_read_sctlr         0x20'd858     0x8  Code  Lc  mmu_cp15.o [1]
cp15_write_dacr         0x20'd870     0x8  Code  Lc  mmu_cp15.o [1]
cp15_write_sctlr        0x20'cd58     0x8  Code  Lc  l1cache_cp15.o [1]
cp15_write_sctlr        0x20'd860     0x8  Code  Lc  mmu_cp15.o [1]
cp15_write_ttbr0        0x20'd868     0x8  Code  Lc  mmu_cp15.o [1]
cpu_idle                0x20'e0a4     0xc  Code  Lc  mutex.o [1]
data_abort_irq_handler  0x20'f164     0x4  Code  Gb  fault_handlers.o [1]
dcache_clean_region     0x20'cec4    0x4c  Code  Gb  l1cache_cp15.o [1]
dcache_enable           0x20'cdf4    0x40  Code  Gb  l1cache_cp15.o [1]
dcache_invalidate       0x20'ce34    0x44  Code  Gb  l1cache_cp15.o [1]
dcache_invalidate_region
                        0x20'ce78    0x4c  Code  Gb  l1cache_cp15.o [1]
dcache_is_enabled       0x20'cdcc    0x28  Code  Gb  l1cache_cp15.o [1]
ddram_configure         0x20'db48    0x34  Code  Gb  ddram.o [1]
ddram_init_descriptor   0x20'db00    0x48  Code  Gb  ddram.o [1]
define_params_radix2    0x20'b1f8   0x138  Code  Gb  fft_radix2.o [1]
dma_initialize          0x20'dfac    0xe0  Code  Gb  dma.o [1]
dma_irq_handler         0x20'e214   0x128  Code  Gb  dma_xdmac.o [1]
dmb                     0x20'ba20     0x8  Code  Lc  mpddrc.o [1]
dmb                     0x20'e09c     0x8  Code  Lc  mutex.o [1]
do_test                 0x20'e4b0    0x44  Code  Gb  main.o [1]
dsb                     0x20'cd40     0x8  Code  Lc  l1cache_cp15.o [1]
dsb                     0x20'd848     0x8  Code  Lc  mmu_cp15.o [1]
dsb                     0x20'77dc     0x8  Code  Lc  pmc.o [1]
fini                    0x21'4fd4     0x4  Data  Gb  main.o [1]
fiqHandler              0x20'e76c          Code  Gb  cstartup.o [1]
fp_iaccurate_bits_sp    0x20'af68    0x4c  Code  Gb  th_rand.o [1]
free                    0x20'afb5     0x4  Code  Gb  heaptramp0.o [2]
fromint_f32_vector      0x20'a778   0x228  Code  Gb  th_rand.o [1]
get_board_name          0x20'd0f4     0xc  Code  Gb  board_support.o [1]
get_chip_name           0x20'8a34    0x68  Code  Gb  chip.o [1]
get_peripheral_clock_matrix_div
                        0x20'8adc    0x4c  Code  Gb  chip.o [1]
get_peripheral_matrix   0x20'8a9c    0x40  Code  Gb  chip.o [1]
get_tc_id_from_addr     0x20'c4c8    0x3c  Code  Gb  chip_common.o [1]
get_uart_id_from_addr   0x20'c504    0x84  Code  Gb  chip_common.o [1]
get_xdmac_addr_from_id  0x20'c588    0x34  Code  Gb  chip_common.o [1]
handlers                0x21'4e54   0x13c  Data  Lc  irq.o [1]
handlers_pool           0x21'4000   0x768  Data  Lc  irq.o [1]
icache_enable           0x20'cda8    0x24  Code  Gb  l1cache_cp15.o [1]
icache_invalidate       0x20'cd84    0x10  Code  Gb  l1cache_cp15.o [1]
icache_is_enabled       0x20'cd94    0x14  Code  Gb  l1cache_cp15.o [1]
init_mparams            0x20'6057    0x40  Code  Lc  dlmalloc.o [2]
init_preset_0           0x20'b9b4    0x6c  Code  Gb  2K.o [1]
init_top                0x20'6097    0x3a  Code  Lc  dlmalloc.o [2]
int_log2                0x20'b018    0x44  Code  Lc  fft_radix2.o [1]
intparts_zero           0x20'f524     0xc  Data  Gb  fft_radix2.o [1]
irqHandler              0x20'e7b0          Code  Gb  cstartup.o [1]
irq_add_handler         0x20'c6cc    0x68  Code  Gb  irq.o [1]
irq_enable              0x20'c748    0x14  Code  Gb  irq.o [1]
irq_initialize          0x20'c6b8    0x14  Code  Gb  irq.o [1]
isaac                   0x20'a104    0xdc  Code  Lc  th_rand.o [1]
isb                     0x20'cd48     0x8  Code  Lc  l1cache_cp15.o [1]
isb                     0x20'd850     0x8  Code  Lc  mmu_cp15.o [1]
l2cache_clean_region    0x20'd084    0x5c  Code  Gb  l2cache_l2cc.o [1]
l2cache_invalidate_region
                        0x20'd028    0x5c  Code  Gb  l2cache_l2cc.o [1]
l2cache_is_enabled      0x20'cfac    0x14  Code  Gb  l2cache_l2cc.o [1]
l2cc_clean_pal          0x20'cff4    0x34  Code  Gb  l2cache_l2cc.o [1]
l2cc_invalidate_pal     0x20'cfc0    0x34  Code  Gb  l2cache_l2cc.o [1]
ldexp                   0x20'9f91          Code  Gb  ldexp.o [3]
ldexpl                  0x20'9f91          Code  Gb  ldexp.o [3]
led_configure           0x20'e65c    0x2c  Code  Gb  led.o [1]
led_count               0x21'4fd0     0x4  Data  Lc  led.o [1]
load_sp                 0x20'a5e4    0xb0  Code  Gb  th_rand.o [1]
main                    0x20'e4f4    0x3c  Code  Gb  main.o [1]
matrix_configure_master
                        0x20'c8b8    0x14  Code  Gb  matrix.o [1]
matrix_configure_slave  0x20'c8cc    0x18  Code  Gb  matrix.o [1]
matrix_configure_slave_sec
                        0x20'c9c0    0x40  Code  Gb  matrix.o [1]
matrix_is_peripheral_secured
                        0x20'cb30    0x38  Code  Gb  matrix.o [1]
matrix_master_priority_for_slave
                        0x20'c8e4    0xdc  Code  Gb  matrix.o [1]
matrix_remap_ram        0x20'cb84    0x4c  Code  Gb  matrix.o [1]
matrix_remove_write_protection
                        0x20'cb68     0xc  Code  Gb  matrix.o [1]
matrix_set_default_config
                        0x20'cbd0   0x170  Code  Gb  matrix.o [1]
matrix_set_slave_region_size
                        0x20'ca7c    0xb4  Code  Gb  matrix.o [1]
matrix_set_slave_split_addr
                        0x20'ca00    0x7c  Code  Gb  matrix.o [1]
memchr                  0x20'9d44          Code  Gb  memchr.o [4]
mmu_configure           0x20'd878    0x44  Code  Gb  mmu_cp15.o [1]
mmu_enable              0x20'd8d4    0x20  Code  Gb  mmu_cp15.o [1]
mmu_is_enabled          0x20'd8c4    0x10  Code  Gb  mmu_cp15.o [1]
mparams                 0x21'4f90    0x18  Data  Lc  dlmalloc.o [2]
mpddrc_configure        0x20'be70   0x164  Code  Gb  mpddrc.o [1]
mpddrc_issue_low_power_command
                        0x20'bfd4    0x30  Code  Gb  mpddrc.o [1]
mutex_lock              0x20'e0b0    0x24  Code  Gb  mutex.o [1]
mutex_try_lock          0x20'e0d4    0x38  Code  Gb  mutex.o [1]
mutex_unlock            0x20'e10c    0x18  Code  Gb  mutex.o [1]
next_free_handler       0x21'4fc8     0x4  Data  Lc  irq.o [1]
pins_leds               0x20'f4d0    0x30  Data  Lc  board_led.o [1]
pins_leds               0x21'4fcc     0x4  Data  Lc  led.o [1]
pio_configure           0x20'd568   0x278  Code  Gb  pio4.o [1]
pio_reset_all_it        0x20'd7e0    0x30  Code  Gb  pio4.o [1]
pit_disable             0x20'e634    0x14  Code  Gb  pit.o [1]
pit_enable              0x20'e620    0x14  Code  Gb  pit.o [1]
pit_get_pivr            0x20'e648     0xc  Code  Gb  pit.o [1]
pit_set_piv             0x20'e600    0x20  Code  Gb  pit.o [1]
pmc_configure_gck       0x20'85fc    0xd4  Code  Gb  pmc.o [1]
pmc_configure_peripheral
                        0x20'83d0    0x9c  Code  Gb  pmc.o [1]
pmc_configure_plla      0x20'82dc    0x5c  Code  Gb  pmc.o [1]
pmc_disable_external_osc
                        0x20'8014    0x30  Code  Gb  pmc.o [1]
pmc_disable_gck         0x20'8730    0x4c  Code  Gb  pmc.o [1]
pmc_disable_internal_osc
                        0x20'80cc    0x20  Code  Gb  pmc.o [1]
pmc_disable_peripheral  0x20'84bc    0x44  Code  Gb  pmc.o [1]
pmc_disable_plla        0x20'8338    0x14  Code  Gb  pmc.o [1]
pmc_enable_external_osc
                        0x20'7f08   0x10c  Code  Gb  pmc.o [1]
pmc_enable_gck          0x20'86d0    0x5c  Code  Gb  pmc.o [1]
pmc_enable_internal_osc
                        0x20'8094    0x38  Code  Gb  pmc.o [1]
pmc_enable_peripheral   0x20'8470    0x4c  Code  Gb  pmc.o [1]
pmc_enable_system_clock
                        0x20'834c    0x80  Code  Gb  pmc.o [1]
pmc_get_audio_pmc_clock
                        0x20'8908    0x64  Code  Gb  pmc.o [1]
pmc_get_gck_clock       0x20'8784   0x140  Code  Gb  pmc.o [1]
pmc_get_main_clock      0x20'7d18    0x28  Code  Gb  pmc.o [1]
pmc_get_master_clock    0x20'7ce8    0x20  Code  Gb  pmc.o [1]
pmc_get_peripheral_clock
                        0x20'8548    0x40  Code  Gb  pmc.o [1]
pmc_get_plla_clock      0x20'7d40    0x58  Code  Gb  pmc.o [1]
pmc_get_processor_clock
                        0x20'7d98    0x5c  Code  Gb  pmc.o [1]
pmc_get_slow_clock      0x20'7d08    0x10  Code  Gb  pmc.o [1]
pmc_get_upll_clock      0x20'85a0    0x5c  Code  Gb  pmc.o [1]
pmc_is_gck_enabled      0x20'88c4    0x40  Code  Gb  pmc.o [1]
pmc_is_peripheral_enabled
                        0x20'8500    0x48  Code  Gb  pmc.o [1]
pmc_select_external_osc
                        0x20'7df4   0x114  Code  Gb  pmc.o [1]
pmc_select_internal_osc
                        0x20'8044    0x50  Code  Gb  pmc.o [1]
pmc_set_main_oscillator_freq
                        0x20'7abc   0x22c  Code  Gb  pmc.o [1]
pmc_set_mck_divider     0x20'828c    0x50  Code  Gb  pmc.o [1]
pmc_set_mck_h32mxdiv    0x20'823c    0x50  Code  Gb  pmc.o [1]
pmc_set_mck_plladiv2    0x20'81ec    0x50  Code  Gb  pmc.o [1]
pmc_set_mck_prescaler   0x20'819c    0x50  Code  Gb  pmc.o [1]
pmc_switch_mck_to_new_source
                        0x20'80ec    0x4c  Code  Gb  pmc.o [1]
pmc_switch_mck_to_pll   0x20'8138    0x34  Code  Gb  pmc.o [1]
pmc_switch_mck_to_slck  0x20'816c    0x30  Code  Gb  pmc.o [1]
precise_random_f32      0x20'a694    0xe4  Code  Gb  th_rand.o [1]
prefetch_abort_irq_handler
                        0x20'f168     0x4  Code  Gb  fault_handlers.o [1]
presets_radix2          0x21'4cd4   0x180  Data  Gb  fft_radix2.o [1]
printf                  0x20'8a0b    0x2a  Code  Gb  printf.o [2]
putchar                 0x20'ef9c    0x1c  Code  Wk  syscalls.o [1]
rand_fini               0x20'a0f0    0x14  Code  Gb  th_rand.o [1]
rand_init               0x20'a1e0   0x26c  Code  Gb  th_rand.o [1]
rand_intparts_init      0x20'a4c8    0x5c  Code  Gb  th_rand.o [1]
random_u16              0x20'a4ac    0x1c  Code  Gb  th_rand.o [1]
random_u32              0x20'a44c    0x60  Code  Gb  th_rand.o [1]
ref_avg                 0x20'f500     0xc  Data  Lc  2K.o [1]
ref_data_0              0x20'003c  0x6000  Data  Lc  2K.o [1]
ref_max                 0x20'f50c     0xc  Data  Lc  2K.o [1]
ref_min                 0x20'f518     0xc  Data  Lc  2K.o [1]
scalbln                 0x20'9f91          Code  Gb  ldexp.o [3]
scalblnl                0x20'9f91          Code  Gb  ldexp.o [3]
scalbn                  0x20'9f91          Code  Gb  ldexp.o [3]
scalbnl                 0x20'9f91          Code  Gb  ldexp.o [3]
scale                   0x20'9c05    0x4a  Code  Lc  xprintffull_nomb.o [2]
sec_hand                0x21'4fdc     0x4  Data  Lc  xfail_s.o [2]
segment_holding         0x20'603d    0x1a  Code  Lc  dlmalloc.o [2]
seriald_configure       0x20'ddc8    0xb4  Code  Gb  seriald.o [1]
seriald_ops_uart        0x20'edbc    0x24  Data  Lc  seriald.o [1]
seriald_put_char        0x20'de7c    0x40  Code  Gb  seriald.o [1]
seriald_put_string      0x20'debc    0x50  Code  Gb  seriald.o [1]
sfrbu_disable_ddr_backup
                        0x20'c028    0x14  Code  Gb  sfrbu.o [1]
sfrbu_is_ddr_backup_enabled
                        0x20'c03c    0x10  Code  Gb  sfrbu.o [1]
sinf                    0x20'b9af     0x4  Code  Gb  cos_sin32.o [3]
slowclock_get_clock     0x20'89c0    0x2c  Code  Gb  slowclock_sckc.o [1]
slowclock_is_internal   0x20'899c    0x20  Code  Gb  slowclock_sckc.o [1]
software_interrupt_irq_handler
                        0x20'f160     0x4  Code  Gb  fault_handlers.o [1]
spurious_handler        0x20'c76c     0x4  Code  Lc  aic5.o [1]
store_sp                0x20'a524    0xc0  Code  Gb  th_rand.o [1]
strchr                  0x20'9ca0          Code  Gb  strchr.o [4]
strlen                  0x20'9cf0          Code  Gb  strlen.o [4]
svals                   0x20'ae8c    0x58  Code  Gb  th_rand.o [1]
t_run_test_radix2       0x20'b330   0x114  Code  Gb  fft_radix2.o [1]
tc_configure            0x20'c290    0x50  Code  Gb  tc.o [1]
tc_enable_it            0x20'c320    0x3c  Code  Gb  tc.o [1]
tc_get_available_freq   0x20'c394    0xa8  Code  Gb  tc.o [1]
tc_get_channel_freq     0x20'c43c    0x4c  Code  Gb  tc.o [1]
tc_get_cv               0x20'c488    0x38  Code  Gb  tc.o [1]
tc_get_status           0x20'c35c    0x38  Code  Gb  tc.o [1]
tc_start                0x20'c2e0    0x40  Code  Gb  tc.o [1]
timer_configure         0x20'c0ec    0xbc  Code  Gb  timer.o [1]
timer_get_upper_tick_counter
                        0x20'c08c    0x14  Code  Lc  timer.o [1]
timer_irq_handler       0x20'c0a0    0x14  Code  Lc  timer.o [1]
timer_update_upper_tick_counter
                        0x20'c060    0x2c  Code  Lc  timer.o [1]
tlb                     0x21'0000  0x4000  Data  Lc  board_support.o [1]
trace_level             0x20'f544     0x4  Data  Gb  trace.o [1]
uart_configure          0x20'e690    0x50  Code  Gb  uart.o [1]
uart_disable_it         0x20'e6e8     0x8  Code  Gb  uart.o [1]
uart_enable_it          0x20'e6e0     0x8  Code  Gb  uart.o [1]
uart_get_char           0x20'e748    0x24  Code  Gb  uart.o [1]
uart_is_rx_ready        0x20'e73c     0xc  Code  Gb  uart.o [1]
uart_is_tx_empty        0x20'e700    0x10  Code  Gb  uart.o [1]
uart_is_tx_ready        0x20'e6f0    0x10  Code  Gb  uart.o [1]
uart_put_char           0x20'e710    0x2c  Code  Gb  uart.o [1]
undefined_instruction_irq_handler
                        0x20'f15c     0x4  Code  Gb  fault_handlers.o [1]
usleep                  0x20'c1a8    0xe4  Code  Gb  timer.o [1]
wdt_disable             0x20'd51c    0x10  Code  Gb  wdt.o [1]
xdmac_get_channel_isr   0x20'e178    0x44  Code  Gb  xdmac.o [1]
xdmac_get_channel_it_mask
                        0x20'e134    0x44  Code  Gb  xdmac.o [1]
xdmac_get_global_channel_status
                        0x20'e12c     0x8  Code  Gb  xdmac.o [1]
xdmac_get_global_isr    0x20'e124     0x8  Code  Gb  xdmac.o [1]


[1] = C:\work\AtmelSoftPAck\atmel-software-package-2.17\examples\coremark\build\sama5d27-som1-ek\sram\Obj
[2] = dl7Sx_tln.a
[3] = m7Sx_tlv.a
[4] = rt7Sx_tl.a

  34'898 bytes of readonly  code memory
  27'198 bytes of readonly  data memory
  27'876 bytes of readwrite data memory

Errors: none
Warnings: none
