###############################################################################
#
# IAR ELF Linker V8.50.1.245/W32 for ARM                  26/May/2020  15:07:53
# Copyright 2007-2020 IAR Systems AB.
#
#    Output file  =
#        C:\work\AtmelSoftPAck\atmel-software-package-2.17\examples\pwm\build\sama5d27-som1-ek\sram\Exe\pwm.out
#    Map file     =
#        C:\work\AtmelSoftPAck\atmel-software-package-2.17\examples\pwm\build\sama5d27-som1-ek\sram\List\pwm.map
#    Command line =
#        -f C:\Users\c40450\AppData\Local\Temp\EW1752.tmp
#        (C:\work\AtmelSoftPAck\atmel-software-package-2.17\examples\pwm\build\sama5d27-som1-ek\sram\Obj\aic5.o
#        C:\work\AtmelSoftPAck\atmel-software-package-2.17\examples\pwm\build\sama5d27-som1-ek\sram\Obj\board_console.o
#        C:\work\AtmelSoftPAck\atmel-software-package-2.17\examples\pwm\build\sama5d27-som1-ek\sram\Obj\board_led.o
#        C:\work\AtmelSoftPAck\atmel-software-package-2.17\examples\pwm\build\sama5d27-som1-ek\sram\Obj\board_sama5d27-som1-ek.o
#        C:\work\AtmelSoftPAck\atmel-software-package-2.17\examples\pwm\build\sama5d27-som1-ek\sram\Obj\board_support.o
#        C:\work\AtmelSoftPAck\atmel-software-package-2.17\examples\pwm\build\sama5d27-som1-ek\sram\Obj\board_timer.o
#        C:\work\AtmelSoftPAck\atmel-software-package-2.17\examples\pwm\build\sama5d27-som1-ek\sram\Obj\bus.o
#        C:\work\AtmelSoftPAck\atmel-software-package-2.17\examples\pwm\build\sama5d27-som1-ek\sram\Obj\cache.o
#        C:\work\AtmelSoftPAck\atmel-software-package-2.17\examples\pwm\build\sama5d27-som1-ek\sram\Obj\callback.o
#        C:\work\AtmelSoftPAck\atmel-software-package-2.17\examples\pwm\build\sama5d27-som1-ek\sram\Obj\chip.o
#        C:\work\AtmelSoftPAck\atmel-software-package-2.17\examples\pwm\build\sama5d27-som1-ek\sram\Obj\chip_common.o
#        C:\work\AtmelSoftPAck\atmel-software-package-2.17\examples\pwm\build\sama5d27-som1-ek\sram\Obj\console.o
#        C:\work\AtmelSoftPAck\atmel-software-package-2.17\examples\pwm\build\sama5d27-som1-ek\sram\Obj\cstartup.o
#        C:\work\AtmelSoftPAck\atmel-software-package-2.17\examples\pwm\build\sama5d27-som1-ek\sram\Obj\ddram.o
#        C:\work\AtmelSoftPAck\atmel-software-package-2.17\examples\pwm\build\sama5d27-som1-ek\sram\Obj\dma.o
#        C:\work\AtmelSoftPAck\atmel-software-package-2.17\examples\pwm\build\sama5d27-som1-ek\sram\Obj\dma_xdmac.o
#        C:\work\AtmelSoftPAck\atmel-software-package-2.17\examples\pwm\build\sama5d27-som1-ek\sram\Obj\fault_handlers.o
#        C:\work\AtmelSoftPAck\atmel-software-package-2.17\examples\pwm\build\sama5d27-som1-ek\sram\Obj\flexcom.o
#        C:\work\AtmelSoftPAck\atmel-software-package-2.17\examples\pwm\build\sama5d27-som1-ek\sram\Obj\intmath.o
#        C:\work\AtmelSoftPAck\atmel-software-package-2.17\examples\pwm\build\sama5d27-som1-ek\sram\Obj\irq.o
#        C:\work\AtmelSoftPAck\atmel-software-package-2.17\examples\pwm\build\sama5d27-som1-ek\sram\Obj\l1cache_cp15.o
#        C:\work\AtmelSoftPAck\atmel-software-package-2.17\examples\pwm\build\sama5d27-som1-ek\sram\Obj\l2cache_l2cc.o
#        C:\work\AtmelSoftPAck\atmel-software-package-2.17\examples\pwm\build\sama5d27-som1-ek\sram\Obj\led.o
#        C:\work\AtmelSoftPAck\atmel-software-package-2.17\examples\pwm\build\sama5d27-som1-ek\sram\Obj\main.o
#        C:\work\AtmelSoftPAck\atmel-software-package-2.17\examples\pwm\build\sama5d27-som1-ek\sram\Obj\matrix.o
#        C:\work\AtmelSoftPAck\atmel-software-package-2.17\examples\pwm\build\sama5d27-som1-ek\sram\Obj\mmu_cp15.o
#        C:\work\AtmelSoftPAck\atmel-software-package-2.17\examples\pwm\build\sama5d27-som1-ek\sram\Obj\mpddrc.o
#        C:\work\AtmelSoftPAck\atmel-software-package-2.17\examples\pwm\build\sama5d27-som1-ek\sram\Obj\mutex.o
#        C:\work\AtmelSoftPAck\atmel-software-package-2.17\examples\pwm\build\sama5d27-som1-ek\sram\Obj\nfc.o
#        C:\work\AtmelSoftPAck\atmel-software-package-2.17\examples\pwm\build\sama5d27-som1-ek\sram\Obj\pio4.o
#        C:\work\AtmelSoftPAck\atmel-software-package-2.17\examples\pwm\build\sama5d27-som1-ek\sram\Obj\piobu.o
#        C:\work\AtmelSoftPAck\atmel-software-package-2.17\examples\pwm\build\sama5d27-som1-ek\sram\Obj\pit.o
#        C:\work\AtmelSoftPAck\atmel-software-package-2.17\examples\pwm\build\sama5d27-som1-ek\sram\Obj\pmc.o
#        C:\work\AtmelSoftPAck\atmel-software-package-2.17\examples\pwm\build\sama5d27-som1-ek\sram\Obj\pwmc.o
#        C:\work\AtmelSoftPAck\atmel-software-package-2.17\examples\pwm\build\sama5d27-som1-ek\sram\Obj\rand.o
#        C:\work\AtmelSoftPAck\atmel-software-package-2.17\examples\pwm\build\sama5d27-som1-ek\sram\Obj\rstc.o
#        C:\work\AtmelSoftPAck\atmel-software-package-2.17\examples\pwm\build\sama5d27-som1-ek\sram\Obj\rtc.o
#        C:\work\AtmelSoftPAck\atmel-software-package-2.17\examples\pwm\build\sama5d27-som1-ek\sram\Obj\secumod.o
#        C:\work\AtmelSoftPAck\atmel-software-package-2.17\examples\pwm\build\sama5d27-som1-ek\sram\Obj\seriald.o
#        C:\work\AtmelSoftPAck\atmel-software-package-2.17\examples\pwm\build\sama5d27-som1-ek\sram\Obj\sfc.o
#        C:\work\AtmelSoftPAck\atmel-software-package-2.17\examples\pwm\build\sama5d27-som1-ek\sram\Obj\sfrbu.o
#        C:\work\AtmelSoftPAck\atmel-software-package-2.17\examples\pwm\build\sama5d27-som1-ek\sram\Obj\shdwc.o
#        C:\work\AtmelSoftPAck\atmel-software-package-2.17\examples\pwm\build\sama5d27-som1-ek\sram\Obj\slowclock_sckc.o
#        C:\work\AtmelSoftPAck\atmel-software-package-2.17\examples\pwm\build\sama5d27-som1-ek\sram\Obj\smc.o
#        C:\work\AtmelSoftPAck\atmel-software-package-2.17\examples\pwm\build\sama5d27-som1-ek\sram\Obj\syscalls.o
#        C:\work\AtmelSoftPAck\atmel-software-package-2.17\examples\pwm\build\sama5d27-som1-ek\sram\Obj\tc.o
#        C:\work\AtmelSoftPAck\atmel-software-package-2.17\examples\pwm\build\sama5d27-som1-ek\sram\Obj\tcd.o
#        C:\work\AtmelSoftPAck\atmel-software-package-2.17\examples\pwm\build\sama5d27-som1-ek\sram\Obj\timer.o
#        C:\work\AtmelSoftPAck\atmel-software-package-2.17\examples\pwm\build\sama5d27-som1-ek\sram\Obj\trace.o
#        C:\work\AtmelSoftPAck\atmel-software-package-2.17\examples\pwm\build\sama5d27-som1-ek\sram\Obj\uart.o
#        C:\work\AtmelSoftPAck\atmel-software-package-2.17\examples\pwm\build\sama5d27-som1-ek\sram\Obj\usart.o
#        C:\work\AtmelSoftPAck\atmel-software-package-2.17\examples\pwm\build\sama5d27-som1-ek\sram\Obj\usartd.o
#        C:\work\AtmelSoftPAck\atmel-software-package-2.17\examples\pwm\build\sama5d27-som1-ek\sram\Obj\wdt.o
#        C:\work\AtmelSoftPAck\atmel-software-package-2.17\examples\pwm\build\sama5d27-som1-ek\sram\Obj\xdmac.o
#        --redirect _Printf=_PrintfSmallNoMb --redirect _Scanf=_ScanfSmallNoMb
#        --no_out_extension -o
#        C:\work\AtmelSoftPAck\atmel-software-package-2.17\examples\pwm\build\sama5d27-som1-ek\sram\Exe\pwm.out
#        --map
#        C:\work\AtmelSoftPAck\atmel-software-package-2.17\examples\pwm\build\sama5d27-som1-ek\sram\List\pwm.map
#        --config
#        C:\work\AtmelSoftPAck\atmel-software-package-2.17\examples\pwm\..\..\target\sama5d2\toolchain\iar\sram.icf
#        --entry __iar_program_start --vfe --text_out locale)
#
###############################################################################

*******************************************************************************
*** RUNTIME MODEL ATTRIBUTES
***

CppFlavor       = *
__SystemLibrary = DLib
__dlib_version  = 6


*******************************************************************************
*** HEAP SELECTION
***

The basic heap was selected because no calls to memory allocation
functions were found in the application outside of system library
functions, and there are calls to deallocation functions in the
application.


*******************************************************************************
*** PLACEMENT SUMMARY
***

"A0":  place at start of [from 0x20'0000 to 0x21'ffff] { section .vectors };
"P1":  place in [from 0x20'0000 to 0x21'ffff] { section .cstartup };
"P2":  place in [from 0x20'0000 to 0x21'ffff] { ro };
"P3":  place in [from 0x20'0000 to 0x21'ffff] { rw };
define block CACHE_ALIGNED_CONST
   with alignment = 32 { section .region_cache_aligned_const };
"P4":  place in [from 0x20'0000 to 0x21'ffff] { block CACHE_ALIGNED_CONST };
"P5":  place in [from 0x20'0000 to 0x21'ffff] { zi };
define block CACHE_ALIGNED
   with alignment = 32 { section .region_cache_aligned };
"P6":  place in [from 0x20'0000 to 0x21'ffff] { block CACHE_ALIGNED };
define block SRAM { section .region_sram };
"P7":  place in [from 0x20'0000 to 0x21'ffff] { block SRAM };
define block HEAP with size = 512, alignment = 4 { };
"P8":  place in [from 0x20'0000 to 0x21'ffff] { block HEAP };
define block IRQ_STACK with size = 96, alignment = 8 { };
"P9":  place in [from 0x20'0000 to 0x21'ffff] { block IRQ_STACK };
define block FIQ_STACK with size = 96, alignment = 8 { };
"P10": place in [from 0x20'0000 to 0x21'ffff] { block FIQ_STACK };
define block ABT_STACK with size = 64, alignment = 8 { };
"P11": place in [from 0x20'0000 to 0x21'ffff] { block ABT_STACK };
define block UND_STACK with size = 64, alignment = 8 { };
"P12": place in [from 0x20'0000 to 0x21'ffff] { block UND_STACK };
define block SYS_STACK with size = 64, alignment = 8 { };
"P13": place in [from 0x20'0000 to 0x21'ffff] { block SYS_STACK };
define block CSTACK with size = 2K, alignment = 8 { };
"P14": place in [from 0x20'0000 to 0x21'ffff] { block CSTACK };
do not initialize { section .region_cache_aligned };

No sections matched the following patterns:

  section .region_cache_aligned_const  in block CACHE_ALIGNED_CONST
  section .region_ddr                  in block DDRAM
  section .region_ddr_cache_aligned    in block DDR_CACHE_ALIGNED
  section .region_nocache              in block NO_CACHE
  section .region_sram                 in block SRAM


  Section                 Kind       Address    Size  Object
  -------                 ----       -------    ----  ------
"A0":                                           0x3c
  .vectors                ro code  0x20'0000    0x3c  cstartup.o [1]
                                 - 0x20'003c    0x3c

"P1-P14", part 1 of 3:                        0x7fe0
  SOFTPACK                ro code  0x20'003c   0xf0c  pmc.o [1]
  .text                   ro code  0x20'0f48   0x1a8  I32DivMod.o [4]
  SOFTPACK                ro code  0x20'10f0    0x1c  slowclock_sckc.o [1]
  .text                   ro code  0x20'110c    0x1e  assert.o [2]
  .text                   ro code  0x20'112a    0x2a  printf.o [2]
  SOFTPACK                ro code  0x20'1154   0x280  chip.o [1]
  .text                   ro code  0x20'13d4   0x130  I64DivMod.o [4]
  .text                   ro code  0x20'1504     0x4  IntDivZer.o [4]
  Veneer                  ro code  0x20'1508     0x8  - Linker created -
  .text                   ro code  0x20'1510     0x6  abort.o [2]
  .text                   ro code  0x20'1516   0x510  xprintfsmall_nomb.o [2]
  .text                   ro code  0x20'1a26    0x3a  zero_init3.o [4]
  SOFTPACK                ro code  0x20'1a60   0x104  chip_common.o [1]
  SOFTPACK                ro code  0x20'1b64   0x378  matrix.o [1]
  .text                   ro code  0x20'1edc     0x4  I64DivZer.o [4]
  .text                   ro code  0x20'1ee0    0x14  XXexit.o [4]
  .text                   ro code  0x20'1ef4    0x20  strchr.o [4]
  .text                   ro code  0x20'1f14    0x2e  xfail_s.o [2]
  .text                   ro code  0x20'1f44    0x54  strlen.o [4]
  .text                   ro code  0x20'1f98    0x94  memchr.o [4]
  SOFTPACK                ro code  0x20'202c   0x188  l1cache_cp15.o [1]
  SOFTPACK                ro code  0x20'21b4    0x88  cache.o [1]
  SOFTPACK                ro code  0x20'223c   0x134  l2cache_l2cc.o [1]
  Veneer                  ro code  0x20'2370     0x8  - Linker created -
  SOFTPACK                ro code  0x20'2378   0x8f0  main.o [1]
  SOFTPACK                ro code  0x20'2c68   0x328  tc.o [1]
  SOFTPACK                ro code  0x20'2f90   0x710  pwmc.o [1]
  SOFTPACK                ro code  0x20'36a0   0x1fc  console.o [1]
  SOFTPACK                ro code  0x20'389c   0x2b0  pio4.o [1]
  SOFTPACK                ro code  0x20'3b4c   0x154  irq.o [1]
  SOFTPACK                ro code  0x20'3ca0    0x54  callback.o [1]
  SOFTPACK                ro code  0x20'3cf4   0x1f4  timer.o [1]
  SOFTPACK                ro code  0x20'3ee8   0x858  dma.o [1]
  SOFTPACK                ro code  0x20'4740   0x164  seriald.o [1]
  SOFTPACK                ro code  0x20'48a4   0x6a8  board_support.o [1]
  SOFTPACK                ro code  0x20'4f4c    0x7c  mmu_cp15.o [1]
  SOFTPACK                ro code  0x20'4fc8   0x134  aic5.o [1]
  SOFTPACK                ro code  0x20'50fc    0x40  mutex.o [1]
  .text                   ro code  0x20'513c     0x8  ABImemclr4.o [4]
  SOFTPACK                ro code  0x20'5144   0x3ac  xdmac.o [1]
  SOFTPACK                ro code  0x20'54f0   0x444  dma_xdmac.o [1]
  SOFTPACK                ro code  0x20'5934    0x9c  uart.o [1]
  SOFTPACK                ro code  0x20'59d0    0x18  wdt.o [1]
  SOFTPACK                ro code  0x20'59e8    0x14  board_timer.o [1]
  SOFTPACK                ro code  0x20'59fc   0x27c  ddram.o [1]
  .text                   ro code  0x20'5c78    0x38  ABImemset48.o [4]
  SOFTPACK                ro code  0x20'5cb0   0x5d4  mpddrc.o [1]
  SOFTPACK                ro code  0x20'6284    0x28  sfrbu.o [1]
  .rodata                 const    0x20'62ac   0x4cc  pwmc.o [1]
  .rodata                 const    0x20'6778   0x1c4  main.o [1]
  .rodata                 const    0x20'693c   0x1a8  main.o [1]
  .rodata                 const    0x20'6ae4    0xfc  main.o [1]
  .rodata                 const    0x20'6be0    0xe8  chip.o [1]
  .cstartup               ro code  0x20'6cc8    0xe0  cstartup.o [1]
  .text                   ro code  0x20'6da8    0x30  data_init.o [4]
  .text                   ro code  0x20'6dd8    0x28  fpinit.o [3]
  SOFTPACK                ro code  0x20'6e00    0x2c  board_sama5d27-som1-ek.o [1]
  SOFTPACK                ro code  0x20'6e2c    0x80  board_console.o [1]
  SOFTPACK                ro code  0x20'6eac    0x10  board_led.o [1]
  SOFTPACK                ro code  0x20'6ebc    0x14  led.o [1]
  .rodata                 const    0x20'6ed0    0xd0  pmc.o [1]
  .rodata                 const    0x20'6fa0    0xcc  console.o [1]
  .rodata                 const    0x20'706c    0xc8  pio4.o [1]
  .rodata                 const    0x20'7134    0xbc  tc.o [1]
  .text                   ro code  0x20'71f0    0xa4  cstartup.o [1]
  .rodata                 const    0x20'7294    0x9c  l2cache_l2cc.o [1]
  .rodata                 const    0x20'7330    0x98  xdmac.o [1]
  .rodata                 const    0x20'73c8    0x94  main.o [1]
  .rodata                 const    0x20'745c    0x8c  pwmc.o [1]
  .rodata                 const    0x20'74e8    0x80  pmc.o [1]
  .rodata                 const    0x20'7568    0x78  chip.o [1]
  .rodata                 const    0x20'75e0    0x70  pmc.o [1]
  .rodata                 const    0x20'7650    0x6c  chip.o [1]
  .rodata                 const    0x20'76bc    0x6c  main.o [1]
  .rodata                 const    0x20'7728    0x5c  main.o [1]
  .rodata                 const    0x20'7784    0x50  matrix.o [1]
  .rodata                 const    0x20'77d4    0x4c  ddram.o [1]
  .rodata                 const    0x20'7820    0x4c  l1cache_cp15.o [1]
  .rodata                 const    0x20'786c    0x4c  seriald.o [1]
  .rodata                 const    0x20'78b8    0x48  mmu_cp15.o [1]
  .rodata                 const    0x20'7900    0x44  irq.o [1]
  .rodata                 const    0x20'7944    0x28  xprintfsmall_nomb.o [2]
  .rodata                 const    0x20'796c    0x24  seriald.o [1]
  .iar.init_table         const    0x20'7990    0x10  - Linker created -
  .rodata                 const    0x20'79a0    0x20  board_support.o [1]
  .rodata                 const    0x20'79c0    0x20  pio4.o [1]
  .rodata                 const    0x20'79e0    0x20  assert.o [2]
  .rodata                 const    0x20'7a00    0x20  xfail_s.o [2]
  SOFTPACK                ro code  0x20'7a20    0x18  syscalls.o [1]
  .text                   ro code  0x20'7a38    0x16  xprout.o [2]
  .rodata                 const    0x20'7a50    0x10  chip.o [1]
  .rodata                 const    0x20'7a60    0x10  chip.o [1]
  .rodata                 const    0x20'7a70    0x10  chip.o [1]
  .rodata                 const    0x20'7a80    0x10  chip.o [1]
  .rodata                 const    0x20'7a90    0x10  pwmc.o [1]
  SOFTPACK                ro code  0x20'7aa0    0x10  fault_handlers.o [1]
  .rodata                 const    0x20'7ab0     0xc  chip.o [1]
  .rodata                 const    0x20'7abc     0xc  chip.o [1]
  .rodata                 const    0x20'7ac8     0xc  chip.o [1]
  .rodata                 const    0x20'7ad4     0xc  chip.o [1]
  .rodata                 const    0x20'7ae0     0xc  chip.o [1]
  .rodata                 const    0x20'7aec     0xc  chip.o [1]
  .rodata                 const    0x20'7af8     0xc  chip.o [1]
  .rodata                 const    0x20'7b04     0xc  chip.o [1]
  .rodata                 const    0x20'7b10     0xc  chip.o [1]
  .rodata                 const    0x20'7b1c     0xc  chip.o [1]
  .rodata                 const    0x20'7b28     0xc  chip.o [1]
  .rodata                 const    0x20'7b34     0x0  zero_init3.o [4]
  .data                   rw data  0x20'7b34   0x39c  dma.o [1]
  .data                   rw data  0x20'7ed0   0x109  main.o [1]
  .data                   rw data  0x20'7fdc    0x30  board_led.o [1]
  .data                   rw data  0x20'800c     0xc  pmc.o [1]
  .data                   rw data  0x20'8018     0x4  trace.o [1]
                                 - 0x20'801c  0x7fe0

"P1-P14", part 2 of 3:                        0x88c4
  .bss                    zero     0x20'c000  0x4000  board_support.o [1]
  .bss                    zero     0x21'0000   0x8a8  irq.o [1]
  .bss                    zero     0x21'08a8    0x10  console.o [1]
  .bss                    zero     0x21'08b8    0x10  timer.o [1]
  .bss                    zero     0x21'08c8     0xc  pwmc.o [1]
  .bss                    zero     0x21'08d4     0x8  led.o [1]
  .bss                    zero     0x21'08dc     0x4  xfail_s.o [2]
                                 - 0x21'08e0  0x88c4

"P1-P14", part 3 of 3:                         0xe68
  CACHE_ALIGNED                    0x21'08e0   0x4e8  <Block>
    .region_cache_aligned
                          uninit   0x21'08e0   0x410  dma.o [1]
    .region_cache_aligned
                          uninit   0x21'0d00    0xc8  main.o [1]
  IRQ_STACK                        0x21'0dc8    0x60  <Block>
    IRQ_STACK             uninit   0x21'0dc8    0x60  <Block tail>
  FIQ_STACK                        0x21'0e28    0x60  <Block>
    FIQ_STACK             uninit   0x21'0e28    0x60  <Block tail>
  ABT_STACK                        0x21'0e88    0x40  <Block>
    ABT_STACK             uninit   0x21'0e88    0x40  <Block tail>
  UND_STACK                        0x21'0ec8    0x40  <Block>
    UND_STACK             uninit   0x21'0ec8    0x40  <Block tail>
  SYS_STACK                        0x21'0f08    0x40  <Block>
    SYS_STACK             uninit   0x21'0f08    0x40  <Block tail>
  CSTACK                           0x21'0f48   0x800  <Block>
    CSTACK                uninit   0x21'0f48   0x800  <Block tail>
                                 - 0x21'1748   0xe68

Unused ranges:

       From         To    Size
       ----         --    ----
  0x21'1748  0x21'ffff  0xe8b8


*******************************************************************************
*** INIT TABLE
***

          Address    Size
          -------    ----
Zero (__iar_zero_init3)
    1 destination range, total size 0x48e0:
          0x20'c000  0x48e0



*******************************************************************************
*** MODULE SUMMARY
***

    Module                    ro code  ro data  rw data
    ------                    -------  -------  -------
command line/config:
    ---------------------------------------------------
    Total:

C:\work\AtmelSoftPAck\atmel-software-package-2.17\examples\pwm\build\sama5d27-som1-ek\sram\Obj: [1]
    aic5.o                        308
    board_console.o               128
    board_led.o                    16                48
    board_sama5d27-som1-ek.o       44
    board_support.o             1'704       32   16'384
    board_timer.o                  20
    cache.o                       136
    callback.o                     84
    chip.o                        640      656
    chip_common.o                 260
    console.o                     508      204       16
    cstartup.o                    448
    ddram.o                       636       76
    dma.o                       2'136             1'964
    dma_xdmac.o                 1'092
    fault_handlers.o               16
    irq.o                         340       68    2'216
    l1cache_cp15.o                392       76
    l2cache_l2cc.o                308      156
    led.o                          20                 8
    main.o                      2'288    1'476      465
    matrix.o                      888       80
    mmu_cp15.o                    124       72
    mpddrc.o                    1'492
    mutex.o                        64
    pio4.o                        688      232
    pmc.o                       3'852      448       12
    pwmc.o                      1'808    1'384       12
    seriald.o                     356      112
    sfrbu.o                        40
    slowclock_sckc.o               28
    syscalls.o                     24
    tc.o                          808      188
    timer.o                       500                16
    trace.o                                           4
    uart.o                        156
    wdt.o                          24
    xdmac.o                       940      152
    ---------------------------------------------------
    Total:                     23'316    5'412   21'145

dl7Sx_tln.a: [2]
    abort.o                         6
    assert.o                       30       32
    printf.o                       42
    xfail_s.o                      46       32        4
    xprintfsmall_nomb.o         1'296       40
    xprout.o                       22
    ---------------------------------------------------
    Total:                      1'442      104        4

m7Sx_tlv.a: [3]
    fpinit.o                       40
    ---------------------------------------------------
    Total:                         40

rt7Sx_tl.a: [4]
    ABImemclr4.o                    8
    ABImemset48.o                  56
    I32DivMod.o                   424
    I64DivMod.o                   304
    I64DivZer.o                     4
    IntDivZer.o                     4
    XXexit.o                       20
    data_init.o                    48
    memchr.o                      148
    strchr.o                       32
    strlen.o                       84
    zero_init3.o                   58
    ---------------------------------------------------
    Total:                      1'190

    Gaps                            2        2   16'375
    Linker created                 16       16    2'432
-------------------------------------------------------
    Grand Total:               26'006    5'534   39'956


*******************************************************************************
*** ENTRY LIST
***

Entry                     Address    Size  Type      Object
-----                     -------    ----  ----      ------
.iar.init_table$$Base   0x20'7990           --   Gb  - Linker created -
.iar.init_table$$Limit  0x20'79a0           --   Gb  - Linker created -
ABT_STACK$$Base         0x21'0e88           --   Gb  - Linker created -
ABT_STACK$$Limit        0x21'0ec8           --   Gb  - Linker created -
CACHE_ALIGNED$$Base     0x21'08e0           --   Gb  - Linker created -
CACHE_ALIGNED$$Limit    0x21'0dc8           --   Gb  - Linker created -
CSTACK$$Base            0x21'0f48           --   Gb  - Linker created -
CSTACK$$Limit           0x21'1748           --   Gb  - Linker created -
FIQ_STACK$$Base         0x21'0e28           --   Gb  - Linker created -
FIQ_STACK$$Limit        0x21'0e88           --   Gb  - Linker created -
IRQ_STACK$$Base         0x21'0dc8           --   Gb  - Linker created -
IRQ_STACK$$Limit        0x21'0e28           --   Gb  - Linker created -
Region$$Table$$Base     0x20'7990           --   Gb  - Linker created -
Region$$Table$$Limit    0x20'79a0           --   Gb  - Linker created -
SYS_STACK$$Base         0x21'0f08           --   Gb  - Linker created -
SYS_STACK$$Limit        0x21'0f48           --   Gb  - Linker created -
UND_STACK$$Base         0x21'0ec8           --   Gb  - Linker created -
UND_STACK$$Limit        0x21'0f08           --   Gb  - Linker created -
_LitobSmallNoMb         0x20'18f7    0xe2  Code  Lc  xprintfsmall_nomb.o [2]
_PrintfSmallNoMb        0x20'1517   0x3da  Code  Gb  xprintfsmall_nomb.o [2]
_Prout                  0x20'7a39    0x16  Code  Gb  xprout.o [2]
_PutcharSmallNoMb       0x20'19d9    0x20  Code  Lc  xprintfsmall_nomb.o [2]
_PutcharsSmallNoMb      0x20'19f9    0x2e  Code  Lc  xprintfsmall_nomb.o [2]
__aeabi_assert          0x20'110d    0x1e  Code  Gb  assert.o [2]
__aeabi_idiv            0x20'0f48          Code  Gb  I32DivMod.o [4]
__aeabi_idiv0           0x20'1504          Code  Gb  IntDivZer.o [4]
__aeabi_idivmod         0x20'0f48          Code  Gb  I32DivMod.o [4]
__aeabi_ldiv0           0x20'1edc          Code  Gb  I64DivZer.o [4]
__aeabi_memclr4         0x20'513c          Code  Gb  ABImemclr4.o [4]
__aeabi_uidiv           0x20'0f74          Code  Gb  I32DivMod.o [4]
__aeabi_uidivmod        0x20'0f74          Code  Gb  I32DivMod.o [4]
__aeabi_uldivmod        0x20'13d4          Code  Gb  I64DivMod.o [4]
__exit                  0x20'1ee0          Code  Gb  XXexit.o [4]
__iar_Fail_s            0x20'1f15    0x2e  Code  Gb  xfail_s.o [2]
__iar_Memchr            0x20'1f98          Code  Gb  memchr.o [4]
__iar_Memset4_word      0x20'5c78          Code  Gb  ABImemset48.o [4]
__iar_Memset8_word      0x20'5c78          Code  Gb  ABImemset48.o [4]
__iar_Strchr            0x20'1ef4          Code  Gb  strchr.o [4]
__iar_data_init3        0x20'6da9    0x30  Code  Gb  data_init.o [4]
__iar_init_vfp          0x20'6dec          Code  Gb  fpinit.o [3]
__iar_init_vfp_v6       0x20'6dd8          Code  Gb  fpinit.o [3]
__iar_program_start     0x20'6ce8          Code  Gb  cstartup.o [1]
__iar_zero_init3        0x20'1a27    0x3a  Code  Gb  zero_init3.o [4]
_aic_initialize         0x20'4fdc    0x64  Code  Lc  aic5.o [1]
_compute_ba_offset      0x20'5dac    0x50  Code  Lc  mpddrc.o [1]
_configure_lpddr2       0x20'5e54   0x138  Code  Lc  mpddrc.o [1]
_default_irq_handler    0x20'3b4c    0x4c  Code  Lc  irq.o [1]
_display_menu           0x20'2378    0x64  Code  Lc  main.o [1]
_dma_ctrl               0x20'7b34   0x394  Data  Lc  dma.o [1]
_dma_sg_desc_free       0x20'3ee8    0x68  Code  Lc  dma.o [1]
_dma_sg_pool            0x21'08e0   0x410  Data  Lc  dma.o [1]
_exid_names             0x20'7568    0x78  Data  Lc  chip.o [1]
_h64_peripherals        0x20'13c4    0x10  Data  Lc  chip.o [1]
_pmc_get_system_clock_bits
                        0x20'003c    0x88  Code  Lc  pmc.o [1]
_pmc_main_oscillators   0x20'800c     0x8  Data  Lc  pmc.o [1]
_pmc_mck                0x20'8014     0x4  Data  Lc  pmc.o [1]
_pwm_demo_asynchronous_channel::duty_cycle
                        0x20'7fd4     0x4  Data  Lc  main.o [1]
_pwm_demo_asynchronous_channel::duty_cycle_inc
                        0x20'7fd8     0x1  Data  Lc  main.o [1]
_pwm_dma_callback_wrapper
                        0x20'31d8    0x30  Code  Lc  pwmc.o [1]
_pwm_handler            0x20'24d8    0x58  Code  Lc  main.o [1]
_pwmc_callback          0x20'2530    0x24  Code  Lc  main.o [1]
_reset_vector           0x20'0000          Data  Gb  cstartup.o [1]
_send_ddr_cmd           0x20'5dfc    0x28  Code  Lc  mpddrc.o [1]
_send_ext_lmr_cmd       0x20'5e24    0x30  Code  Lc  mpddrc.o [1]
_set_ddr_timings        0x20'5cb0    0xfc  Code  Lc  mpddrc.o [1]
_tc_capture_handler     0x20'23dc    0x9c  Code  Lc  main.o [1]
_tc_fault_handler       0x20'2478    0x60  Code  Lc  main.o [1]
_timer                  0x21'08b8    0x10  Data  Lc  timer.o [1]
_timer_get_tick         0x20'3d34    0x3c  Code  Lc  timer.o [1]
_xdmac_peripherals      0x20'6be0    0xe8  Data  Lc  chip.o [1]
abort                   0x20'1511     0x6  Code  Gb  abort.o [2]
aic_enable              0x20'508c    0x54  Code  Gb  aic5.o [1]
aic_get_current_interrupt_source
                        0x20'50e0     0xc  Code  Gb  aic5.o [1]
aic_initialize          0x20'5040    0x4c  Code  Gb  aic5.o [1]
arch_irq_disable        0x20'4fd0     0x8  Code  Lc  aic5.o [1]
arch_irq_disable        0x20'3cfc     0x8  Code  Lc  timer.o [1]
arch_irq_enable         0x20'4fc8     0x8  Code  Lc  aic5.o [1]
arch_irq_enable         0x20'3cf4     0x8  Code  Lc  timer.o [1]
board_cfg_clocks        0x20'48ac    0x7c  Code  Gb  board_support.o [1]
board_cfg_console       0x20'6e2c    0x60  Code  Gb  board_console.o [1]
board_cfg_console::rx_pin
                        0x20'6e9c    0x10  Data  Lc  board_console.o [1]
board_cfg_console::tx_pin
                        0x20'6e8c    0x10  Data  Lc  board_console.o [1]
board_cfg_led           0x20'6eac    0x10  Code  Gb  board_led.o [1]
board_cfg_lowlevel      0x20'4928    0x70  Code  Gb  board_support.o [1]
board_cfg_matrix_for_ddr
                        0x20'4d54   0x1f8  Code  Gb  board_support.o [1]
board_cfg_mmu           0x20'4998   0x3a0  Code  Gb  board_support.o [1]
board_cfg_timer         0x20'59e8    0x14  Code  Gb  board_timer.o [1]
board_init              0x20'6e00    0x2c  Code  Wk  board_sama5d27-som1-ek.o [1]
cache_clean_region      0x20'21f8    0x44  Code  Gb  cache.o [1]
cache_invalidate_region
                        0x20'21b4    0x44  Code  Gb  cache.o [1]
callback_call           0x20'3cd4    0x20  Code  Gb  callback.o [1]
callback_copy           0x20'3cb0    0x24  Code  Gb  callback.o [1]
callback_set            0x20'3ca0    0x10  Code  Gb  callback.o [1]
captured_pulses         0x20'7fd0     0x4  Data  Lc  main.o [1]
captured_rarb           0x20'7ed0   0x100  Data  Lc  main.o [1]
console                 0x21'08a8    0x10  Data  Lc  console.o [1]
console_configure       0x20'36a0    0x84  Code  Gb  console.o [1]
console_example_info    0x20'373c    0xfc  Code  Gb  console.o [1]
console_get_char        0x20'372c     0x8  Code  Gb  console.o [1]
console_is_rx_ready     0x20'3734     0x8  Code  Gb  console.o [1]
console_put_char        0x20'3724     0x8  Code  Gb  console.o [1]
controllers             0x20'7ec8     0x8  Data  Lc  dma.o [1]
data_abort_irq_handler  0x20'7aa8     0x4  Code  Gb  fault_handlers.o [1]
dcache_clean_region     0x20'2144    0x4c  Code  Gb  l1cache_cp15.o [1]
dcache_enable           0x20'2088    0x3c  Code  Gb  l1cache_cp15.o [1]
dcache_invalidate       0x20'20c4    0x34  Code  Gb  l1cache_cp15.o [1]
dcache_invalidate_region
                        0x20'20f8    0x4c  Code  Gb  l1cache_cp15.o [1]
dcache_is_enabled       0x20'2070    0x18  Code  Gb  l1cache_cp15.o [1]
ddram_configure         0x20'5bdc    0x34  Code  Gb  ddram.o [1]
ddram_init_descriptor   0x20'59fc   0x1e0  Code  Gb  ddram.o [1]
dma_allocate_channel    0x20'408c   0x104  Code  Gb  dma.o [1]
dma_configure_transfer  0x20'42c0   0x404  Code  Gb  dma.o [1]
dma_free_channel        0x20'41f8    0x48  Code  Gb  dma.o [1]
dma_initialize          0x20'3f50   0x13c  Code  Gb  dma.o [1]
dma_irq_handler         0x20'5864    0xd0  Code  Gb  dma_xdmac.o [1]
dma_is_transfer_done    0x20'4718    0x28  Code  Gb  dma.o [1]
dma_prepare_channel     0x20'54f0   0x124  Code  Gb  dma_xdmac.o [1]
dma_reset_channel       0x20'4190    0x68  Code  Gb  dma.o [1]
dma_set_callback        0x20'46dc    0x3c  Code  Gb  dma.o [1]
dma_start_transfer      0x20'4240    0x6c  Code  Gb  dma.o [1]
duty_buffer             0x21'0d00    0xc8  Data  Lc  main.o [1]
fiqHandler              0x20'71f0          Code  Gb  cstartup.o [1]
get_board_name          0x20'48a4     0x8  Code  Gb  board_support.o [1]
get_chip_name           0x20'11a4    0x58  Code  Gb  chip.o [1]
get_peripheral_clock_matrix_div
                        0x20'1230    0x3c  Code  Gb  chip.o [1]
get_peripheral_dma_channel
                        0x20'126c    0x60  Code  Gb  chip.o [1]
get_peripheral_matrix   0x20'11fc    0x34  Code  Gb  chip.o [1]
get_peripheral_xdma     0x20'1154    0x50  Code  Lc  chip.o [1]
get_pwm_id_from_addr    0x20'1a60    0x14  Code  Gb  chip_common.o [1]
get_tc_id_from_addr     0x20'1a84    0x28  Code  Gb  chip_common.o [1]
get_uart_id_from_addr   0x20'1aac    0x68  Code  Gb  chip_common.o [1]
get_xdmac_addr_from_id  0x20'1b3c    0x20  Code  Gb  chip_common.o [1]
get_xdmac_id_from_addr  0x20'1b14    0x28  Code  Gb  chip_common.o [1]
handlers                0x21'076c   0x13c  Data  Lc  irq.o [1]
handlers_pool           0x21'0000   0x768  Data  Lc  irq.o [1]
icache_enable           0x20'204c    0x24  Code  Gb  l1cache_cp15.o [1]
icache_invalidate       0x20'202c    0x10  Code  Gb  l1cache_cp15.o [1]
icache_is_enabled       0x20'203c    0x10  Code  Gb  l1cache_cp15.o [1]
irqHandler              0x20'7234          Code  Gb  cstartup.o [1]
irq_add_handler         0x20'3bf0    0x90  Code  Gb  irq.o [1]
irq_enable              0x20'3c88     0x4  Code  Gb  irq.o [1]
irq_initialize          0x20'3b98    0x58  Code  Gb  irq.o [1]
is_peripheral_on_dma_controller
                        0x20'12cc    0xb8  Code  Gb  chip.o [1]
l2cache_clean_region    0x20'22d8    0x88  Code  Gb  l2cache_l2cc.o [1]
l2cache_invalidate_region
                        0x20'2250    0x88  Code  Gb  l2cache_l2cc.o [1]
l2cache_is_enabled      0x20'223c    0x14  Code  Gb  l2cache_l2cc.o [1]
led_configure           0x20'6ebc    0x10  Code  Gb  led.o [1]
led_count               0x21'08d8     0x4  Data  Lc  led.o [1]
main                    0x20'2554   0x6a0  Code  Gb  main.o [1]
matrix_configure_slave_sec
                        0x20'1be8    0x18  Code  Gb  matrix.o [1]
matrix_is_peripheral_secured
                        0x20'1cbc    0x24  Code  Gb  matrix.o [1]
matrix_master_priority_for_slave
                        0x20'1b64    0x84  Code  Gb  matrix.o [1]
matrix_remap_ram        0x20'1cec    0x3c  Code  Gb  matrix.o [1]
matrix_remove_write_protection
                        0x20'1ce0     0xc  Code  Gb  matrix.o [1]
matrix_set_default_config
                        0x20'1d38   0x180  Code  Gb  matrix.o [1]
matrix_set_slave_region_size
                        0x20'1c48    0x74  Code  Gb  matrix.o [1]
matrix_set_slave_split_addr
                        0x20'1c00    0x48  Code  Gb  matrix.o [1]
memchr                  0x20'1f98          Code  Gb  memchr.o [4]
mmu_configure           0x20'4f4c    0x40  Code  Gb  mmu_cp15.o [1]
mmu_enable              0x20'4f9c    0x18  Code  Gb  mmu_cp15.o [1]
mmu_is_enabled          0x20'4f90     0xc  Code  Gb  mmu_cp15.o [1]
mpddrc_configure        0x20'5f8c   0x2c8  Code  Gb  mpddrc.o [1]
msleep                  0x20'3e0c    0x20  Code  Gb  timer.o [1]
mutex_lock              0x20'50fc    0x30  Code  Gb  mutex.o [1]
mutex_unlock            0x20'512c    0x10  Code  Gb  mutex.o [1]
next_free_handler       0x21'0768     0x4  Data  Lc  irq.o [1]
pins_leds               0x20'7fdc    0x30  Data  Lc  board_led.o [1]
pins_leds               0x21'08d4     0x4  Data  Lc  led.o [1]
pins_pwm                0x20'7764    0x10  Data  Lc  main.o [1]
pins_tc_capture         0x20'7774    0x10  Data  Lc  main.o [1]
pio_configure           0x20'389c   0x228  Code  Gb  pio4.o [1]
pio_reset_all_it        0x20'3ac4    0x54  Code  Gb  pio4.o [1]
pmc_configure_gck       0x20'0c14    0xd0  Code  Gb  pmc.o [1]
pmc_configure_peripheral
                        0x20'0a00    0x94  Code  Gb  pmc.o [1]
pmc_configure_plla      0x20'092c    0x54  Code  Gb  pmc.o [1]
pmc_disable_gck         0x20'0d3c    0x4c  Code  Gb  pmc.o [1]
pmc_disable_peripheral  0x20'0ae0    0x44  Code  Gb  pmc.o [1]
pmc_disable_plla        0x20'0980    0x10  Code  Gb  pmc.o [1]
pmc_enable_external_osc
                        0x20'0608    0xc8  Code  Gb  pmc.o [1]
pmc_enable_gck          0x20'0ce4    0x58  Code  Gb  pmc.o [1]
pmc_enable_internal_osc
                        0x20'0774    0x34  Code  Gb  pmc.o [1]
pmc_enable_peripheral   0x20'0a94    0x4c  Code  Gb  pmc.o [1]
pmc_enable_system_clock
                        0x20'0990    0x68  Code  Gb  pmc.o [1]
pmc_get_audio_pmc_clock
                        0x20'0eb4    0x50  Code  Gb  pmc.o [1]
pmc_get_gck_clock       0x20'0d88    0xe4  Code  Gb  pmc.o [1]
pmc_get_master_clock    0x20'0374   0x100  Code  Gb  pmc.o [1]
pmc_get_peripheral_clock
                        0x20'0b6c    0x40  Code  Gb  pmc.o [1]
pmc_get_plla_clock      0x20'047c    0x58  Code  Gb  pmc.o [1]
pmc_get_processor_clock
                        0x20'04d4    0x40  Code  Gb  pmc.o [1]
pmc_get_slow_clock      0x20'0474     0x8  Code  Gb  pmc.o [1]
pmc_get_upll_clock      0x20'0bc0    0x4c  Code  Gb  pmc.o [1]
pmc_is_gck_enabled      0x20'0e6c    0x40  Code  Gb  pmc.o [1]
pmc_is_peripheral_enabled
                        0x20'0b24    0x48  Code  Gb  pmc.o [1]
pmc_select_external_osc
                        0x20'0514    0xf4  Code  Gb  pmc.o [1]
pmc_select_internal_osc
                        0x20'06d8    0x90  Code  Gb  pmc.o [1]
pmc_set_main_oscillator_freq
                        0x20'00c4   0x2b0  Code  Gb  pmc.o [1]
pmc_set_mck_divider     0x20'08e4    0x30  Code  Gb  pmc.o [1]
pmc_set_mck_h32mxdiv    0x20'08a4    0x40  Code  Gb  pmc.o [1]
pmc_set_mck_plladiv2    0x20'0864    0x40  Code  Gb  pmc.o [1]
pmc_set_mck_prescaler   0x20'0830    0x34  Code  Gb  pmc.o [1]
pmc_switch_mck_to_new_source
                        0x20'07a8    0x34  Code  Gb  pmc.o [1]
pmc_switch_mck_to_pll   0x20'07dc    0x14  Code  Gb  pmc.o [1]
pmc_switch_mck_to_slck  0x20'0810    0x20  Code  Gb  pmc.o [1]
prefetch_abort_irq_handler
                        0x20'7aac     0x4  Code  Gb  fault_handlers.o [1]
printf                  0x20'112b    0x2a  Code  Gb  printf.o [2]
putchar                 0x20'7a20    0x18  Code  Wk  syscalls.o [1]
pwm_dma_channel         0x21'08c8     0x4  Data  Lc  pwmc.o [1]
pwmc_cb                 0x21'08cc     0x8  Data  Lc  pwmc.o [1]
pwmc_configure_channel  0x20'2fe0    0xa0  Code  Gb  pwmc.o [1]
pwmc_configure_clocks   0x20'2f90     0x8  Code  Gb  pwmc.o [1]
pwmc_configure_stepper_motor_mode
                        0x20'35c4    0x60  Code  Gb  pwmc.o [1]
pwmc_configure_sync_channels
                        0x20'3130    0x90  Code  Gb  pwmc.o [1]
pwmc_disable_channel    0x20'2fa8    0x10  Code  Gb  pwmc.o [1]
pwmc_disable_it         0x20'2fcc     0xc  Code  Gb  pwmc.o [1]
pwmc_disable_output_override
                        0x20'33f4    0x94  Code  Gb  pwmc.o [1]
pwmc_dma_duty_cycle     0x20'3260    0xc8  Code  Gb  pwmc.o [1]
pwmc_enable_channel     0x20'2f98    0x10  Code  Gb  pwmc.o [1]
pwmc_enable_fault_protection
                        0x20'3560    0x5c  Code  Gb  pwmc.o [1]
pwmc_enable_it          0x20'2fc0     0xc  Code  Gb  pwmc.o [1]
pwmc_fault_clear        0x20'3550     0x8  Code  Gb  pwmc.o [1]
pwmc_get_fault_status   0x20'3548     0x8  Code  Gb  pwmc.o [1]
pwmc_get_it_status1     0x20'2fb8     0x8  Code  Gb  pwmc.o [1]
pwmc_get_it_status2     0x20'2fd8     0x8  Code  Gb  pwmc.o [1]
pwmc_output_dead_time   0x20'3488    0xb8  Code  Gb  pwmc.o [1]
pwmc_output_override    0x20'3328    0xc4  Code  Gb  pwmc.o [1]
pwmc_set_dma_finished_callback
                        0x20'3208    0x58  Code  Gb  pwmc.o [1]
pwmc_set_duty_cycle     0x20'30c8    0x68  Code  Gb  pwmc.o [1]
pwmc_set_fault_mode     0x20'3540     0x8  Code  Gb  pwmc.o [1]
pwmc_set_fault_protection
                        0x20'3558     0x8  Code  Gb  pwmc.o [1]
pwmc_set_fault_protection_to_hiz
                        0x20'35bc     0x8  Code  Gb  pwmc.o [1]
pwmc_set_period         0x20'3080    0x48  Code  Gb  pwmc.o [1]
pwmc_set_sync_channels_update_period
                        0x20'31c0    0x18  Code  Gb  pwmc.o [1]
sec_hand                0x21'08dc     0x4  Data  Lc  xfail_s.o [2]
seriald_configure       0x20'4740    0x7c  Code  Gb  seriald.o [1]
seriald_get_char        0x20'4828    0x44  Code  Gb  seriald.o [1]
seriald_is_rx_ready     0x20'4878    0x2c  Code  Gb  seriald.o [1]
seriald_ops_uart        0x20'796c    0x24  Data  Lc  seriald.o [1]
seriald_put_char        0x20'47bc    0x28  Code  Gb  seriald.o [1]
seriald_put_string      0x20'47e4    0x44  Code  Gb  seriald.o [1]
sfrbu_disable_ddr_backup
                        0x20'6284    0x14  Code  Gb  sfrbu.o [1]
sfrbu_is_ddr_backup_enabled
                        0x20'6298    0x10  Code  Gb  sfrbu.o [1]
slowclock_get_clock     0x20'10f0    0x18  Code  Gb  slowclock_sckc.o [1]
software_interrupt_irq_handler
                        0x20'7aa4     0x4  Code  Gb  fault_handlers.o [1]
spurious_handler        0x20'4fd8     0x4  Code  Lc  aic5.o [1]
strchr                  0x20'1ef4          Code  Gb  strchr.o [4]
strlen                  0x20'1f44          Code  Gb  strlen.o [4]
tc_configure            0x20'2c68    0x4c  Code  Gb  tc.o [1]
tc_enable_it            0x20'2d24    0x38  Code  Gb  tc.o [1]
tc_get_available_freq   0x20'2d90    0x84  Code  Gb  tc.o [1]
tc_get_channel_freq     0x20'2e14    0x44  Code  Gb  tc.o [1]
tc_get_cv               0x20'2f58    0x34  Code  Gb  tc.o [1]
tc_get_ra_rb_rc         0x20'2ee8    0x68  Code  Gb  tc.o [1]
tc_get_status           0x20'2d5c    0x34  Code  Gb  tc.o [1]
tc_set_fault_mode       0x20'2f50     0x8  Code  Gb  tc.o [1]
tc_set_ra_rb_rc         0x20'2e58    0x90  Code  Gb  tc.o [1]
tc_start                0x20'2cb4    0x3c  Code  Gb  tc.o [1]
tc_stop                 0x20'2cf0    0x34  Code  Gb  tc.o [1]
timer_configure         0x20'3d70    0x9c  Code  Gb  timer.o [1]
timer_irq_handler       0x20'3d08     0x4  Code  Lc  timer.o [1]
timer_update_upper_tick_counter
                        0x20'3d04     0x4  Code  Lc  timer.o [1]
tlb                     0x20'c000  0x4000  Data  Lc  board_support.o [1]
trace_level             0x20'8018     0x4  Data  Gb  trace.o [1]
uart_configure          0x20'5934    0x44  Code  Gb  uart.o [1]
uart_disable_it         0x20'5980     0x8  Code  Gb  uart.o [1]
uart_enable_it          0x20'5978     0x8  Code  Gb  uart.o [1]
uart_get_char           0x20'59b8    0x18  Code  Gb  uart.o [1]
uart_is_rx_ready        0x20'59ac     0xc  Code  Gb  uart.o [1]
uart_is_tx_empty        0x20'5988     0x8  Code  Gb  uart.o [1]
uart_put_char           0x20'5998    0x14  Code  Gb  uart.o [1]
undefined_instruction_irq_handler
                        0x20'7aa0     0x4  Code  Gb  fault_handlers.o [1]
usleep                  0x20'3e7c    0x64  Code  Gb  timer.o [1]
wdt_disable             0x20'59d0     0xc  Code  Gb  wdt.o [1]
xdmac_disable_channel   0x20'5198    0x38  Code  Gb  xdmac.o [1]
xdmac_disable_channel_it
                        0x20'5210    0x38  Code  Gb  xdmac.o [1]
xdmac_disable_global_it
                        0x20'514c     0x8  Code  Gb  xdmac.o [1]
xdmac_enable_channel    0x20'515c    0x3c  Code  Gb  xdmac.o [1]
xdmac_enable_channel_it
                        0x20'51d8    0x38  Code  Gb  xdmac.o [1]
xdmac_enable_global_it  0x20'5144     0x8  Code  Gb  xdmac.o [1]
xdmac_get_channel_isr   0x20'527c    0x34  Code  Gb  xdmac.o [1]
xdmac_get_channel_it_mask
                        0x20'5248    0x34  Code  Gb  xdmac.o [1]
xdmac_get_global_channel_status
                        0x20'51d0     0x8  Code  Gb  xdmac.o [1]
xdmac_get_global_isr    0x20'5154     0x8  Code  Gb  xdmac.o [1]
xdmac_set_block_control
                        0x20'53d4    0x38  Code  Gb  xdmac.o [1]
xdmac_set_channel_config
                        0x20'540c    0x38  Code  Gb  xdmac.o [1]
xdmac_set_data_stride_mem_pattern
                        0x20'5444    0x38  Code  Gb  xdmac.o [1]
xdmac_set_descriptor_addr
                        0x20'5320    0x44  Code  Gb  xdmac.o [1]
xdmac_set_descriptor_control
                        0x20'5364    0x38  Code  Gb  xdmac.o [1]
xdmac_set_dest_addr     0x20'52e8    0x38  Code  Gb  xdmac.o [1]
xdmac_set_dest_microblock_stride
                        0x20'54b4    0x38  Code  Gb  xdmac.o [1]
xdmac_set_microblock_control
                        0x20'539c    0x38  Code  Gb  xdmac.o [1]
xdmac_set_src_addr      0x20'52b0    0x38  Code  Gb  xdmac.o [1]
xdmac_set_src_microblock_stride
                        0x20'547c    0x38  Code  Gb  xdmac.o [1]
xdmacd_configure_transfer
                        0x20'5614   0x250  Code  Gb  dma_xdmac.o [1]


[1] = C:\work\AtmelSoftPAck\atmel-software-package-2.17\examples\pwm\build\sama5d27-som1-ek\sram\Obj
[2] = dl7Sx_tln.a
[3] = m7Sx_tlv.a
[4] = rt7Sx_tl.a

  26'006 bytes of readonly  code memory
   5'534 bytes of readonly  data memory
  39'956 bytes of readwrite data memory

Errors: none
Warnings: none
