Archive member included because of file (symbol)

c:/program files (x86)/gnu tools arm embedded/4.7 2013q3/bin/../lib/gcc/arm-none-eabi/4.7.4/../../../../arm-none-eabi/lib\libc_s.a(lib_a-__atexit2.o)
                              c:/program files (x86)/gnu tools arm embedded/4.7 2013q3/bin/../lib/gcc/arm-none-eabi/4.7.4/../../../../arm-none-eabi/lib/crt0.o (__register_exitproc)
c:/program files (x86)/gnu tools arm embedded/4.7 2013q3/bin/../lib/gcc/arm-none-eabi/4.7.4/../../../../arm-none-eabi/lib\libc_s.a(lib_a-exit.o)
                              c:/program files (x86)/gnu tools arm embedded/4.7 2013q3/bin/../lib/gcc/arm-none-eabi/4.7.4/../../../../arm-none-eabi/lib/crt0.o (exit)
c:/program files (x86)/gnu tools arm embedded/4.7 2013q3/bin/../lib/gcc/arm-none-eabi/4.7.4/../../../../arm-none-eabi/lib\libc_s.a(lib_a-fini.o)
                              c:/program files (x86)/gnu tools arm embedded/4.7 2013q3/bin/../lib/gcc/arm-none-eabi/4.7.4/../../../../arm-none-eabi/lib/crt0.o (__libc_fini_array)
c:/program files (x86)/gnu tools arm embedded/4.7 2013q3/bin/../lib/gcc/arm-none-eabi/4.7.4/../../../../arm-none-eabi/lib\libc_s.a(lib_a-impure.o)
                              c:/program files (x86)/gnu tools arm embedded/4.7 2013q3/bin/../lib/gcc/arm-none-eabi/4.7.4/../../../../arm-none-eabi/lib\libc_s.a(lib_a-exit.o) (_global_impure_ptr)
c:/program files (x86)/gnu tools arm embedded/4.7 2013q3/bin/../lib/gcc/arm-none-eabi/4.7.4/../../../../arm-none-eabi/lib\libc_s.a(lib_a-init.o)
                              c:/program files (x86)/gnu tools arm embedded/4.7 2013q3/bin/../lib/gcc/arm-none-eabi/4.7.4/../../../../arm-none-eabi/lib/crt0.o (__libc_init_array)
c:/program files (x86)/gnu tools arm embedded/4.7 2013q3/bin/../lib/gcc/arm-none-eabi/4.7.4/../../../../arm-none-eabi/lib\libc_s.a(lib_a-memset.o)
                              c:/program files (x86)/gnu tools arm embedded/4.7 2013q3/bin/../lib/gcc/arm-none-eabi/4.7.4/../../../../arm-none-eabi/lib/crt0.o (memset)
./build/sam9x60-ek/ddram/arch/arch.a(fault_handlers.o)
                              ./build/sam9x60-ek/ddram/target/sam9x60/toolchain/gnu/cstartup.o (undefined_instruction_irq_handler)
./build/sam9x60-ek/ddram/utils/utils.a(syscalls.o)
                              c:/program files (x86)/gnu tools arm embedded/4.7 2013q3/bin/../lib/gcc/arm-none-eabi/4.7.4/../../../../arm-none-eabi/lib\libc_s.a(lib_a-exit.o) (_exit)
./build/sam9x60-ek/ddram/target/target.a(board_console.o)
                              ./build/sam9x60-ek/ddram/target/common/bootstrap.o (board_cfg_console)
./build/sam9x60-ek/ddram/target/target.a(board_support.o)
                              ./build/sam9x60-ek/ddram/target/common/bootstrap.o (board_cfg_lowlevel)
./build/sam9x60-ek/ddram/target/target.a(board_timer.o)
                              ./build/sam9x60-ek/ddram/target/target.a(board_support.o) (board_cfg_timer)
./build/sam9x60-ek/ddram/target/target.a(chip_common.o)
                              ./build/sam9x60-ek/ddram/target/target.a(board_support.o) (get_tc_id_from_addr)
./build/sam9x60-ek/ddram/drivers/drivers.a(ddram.o)
                              ./build/sam9x60-ek/ddram/target/target.a(board_support.o) (ddram_init_descriptor)
./build/sam9x60-ek/ddram/drivers/drivers.a(mpddrc.o)
                              ./build/sam9x60-ek/ddram/drivers/drivers.a(ddram.o) (mpddrc_configure)
./build/sam9x60-ek/ddram/drivers/drivers.a(pio3.o)
                              ./build/sam9x60-ek/ddram/target/target.a(board_support.o) (pio_configure)
./build/sam9x60-ek/ddram/drivers/drivers.a(irq.o)
                              ./build/sam9x60-ek/ddram/target/target.a(board_support.o) (irq_initialize)
./build/sam9x60-ek/ddram/drivers/drivers.a(matrix.o)
                              ./build/sam9x60-ek/ddram/target/sam9x60/toolchain/gnu/cstartup.o (matrix_remap_ram)
./build/sam9x60-ek/ddram/drivers/drivers.a(pmc.o)
                              ./build/sam9x60-ek/ddram/drivers/drivers.a(pio3.o) (pmc_get_slow_clock)
./build/sam9x60-ek/ddram/drivers/drivers.a(slowclock_sckc.o)
                              ./build/sam9x60-ek/ddram/drivers/drivers.a(pmc.o) (slowclock_is_internal)
./build/sam9x60-ek/ddram/drivers/drivers.a(wdt.o)
                              ./build/sam9x60-ek/ddram/target/target.a(board_support.o) (wdt_disable)
./build/sam9x60-ek/ddram/drivers/drivers.a(console.o)
                              ./build/sam9x60-ek/ddram/target/target.a(board_console.o) (console_configure)
./build/sam9x60-ek/ddram/drivers/drivers.a(seriald.o)
                              ./build/sam9x60-ek/ddram/drivers/drivers.a(console.o) (seriald_configure)
./build/sam9x60-ek/ddram/drivers/drivers.a(dbgu.o)
                              ./build/sam9x60-ek/ddram/drivers/drivers.a(seriald.o) (dbgu_configure)
./build/sam9x60-ek/ddram/drivers/drivers.a(aic5.o)
                              ./build/sam9x60-ek/ddram/drivers/drivers.a(irq.o) (aic_initialize)
[...]
Memory Configuration

Name             Origin             Length             Attributes
sram             0x00300000         0x00010000         w !xr
ddr              0x20000000         0x04000000         w !xr
ddr_nocache      0x24000000         0x01000000         xrw
*default*        0x00000000         0xffffffff

Linker script and memory map

LOAD c:/program files (x86)/gnu tools arm embedded/4.7 2013q3/bin/../lib/gcc/arm-none-eabi/4.7.4/crti.o
LOAD c:/program files (x86)/gnu tools arm embedded/4.7 2013q3/bin/../lib/gcc/arm-none-eabi/4.7.4/crtbegin.o
LOAD c:/program files (x86)/gnu tools arm embedded/4.7 2013q3/bin/../lib/gcc/arm-none-eabi/4.7.4/../../../../arm-none-eabi/lib/crt0.o
LOAD c:/program files (x86)/gnu tools arm embedded/4.7 2013q3/bin/../lib/gcc/arm-none-eabi/4.7.4\libgcc.a
LOAD c:/program files (x86)/gnu tools arm embedded/4.7 2013q3/bin/../lib/gcc/arm-none-eabi/4.7.4/../../../../arm-none-eabi/lib\libc_s.a
LOAD ./build/sam9x60-ek/ddram/target/common/bootstrap.o
LOAD ./build/sam9x60-ek/ddram/target/sam9x60/toolchain/gnu/cstartup.o
START GROUP
LOAD ./build/sam9x60-ek/ddram/arch/arch.a
LOAD ./build/sam9x60-ek/ddram/utils/utils.a
LOAD ./build/sam9x60-ek/ddram/target/target.a
LOAD ./build/sam9x60-ek/ddram/drivers/drivers.a
END GROUP
START GROUP
LOAD c:/program files (x86)/gnu tools arm embedded/4.7 2013q3/bin/../lib/gcc/arm-none-eabi/4.7.4\libgcc.a
LOAD c:/program files (x86)/gnu tools arm embedded/4.7 2013q3/bin/../lib/gcc/arm-none-eabi/4.7.4/../../../../arm-none-eabi/lib\libc_s.a
END GROUP
LOAD c:/program files (x86)/gnu tools arm embedded/4.7 2013q3/bin/../lib/gcc/arm-none-eabi/4.7.4/crtend.o
LOAD c:/program files (x86)/gnu tools arm embedded/4.7 2013q3/bin/../lib/gcc/arm-none-eabi/4.7.4/crtn.o
                0x00000800                C_STACK_SIZE = 0x800
                0x00000060                IRQ_STACK_SIZE = 0x60
                0x00000040                SYS_STACK_SIZE = 0x40
                0x00000040                ABT_STACK_SIZE = 0x40
                0x00000040                UND_STACK_SIZE = 0x40
                0x00000200                HEAP_SIZE = 0x200

.fixed0         0x00300000     0x574c
                0x00300000                . = ALIGN (0x4)
                0x00300000                _sfixed = .
 *(SORT(.vectors) SORT(.vectors.*))
 .vectors       0x00300000       0x3c ./build/sam9x60-ek/ddram/target/sam9x60/toolchain/gnu/cstartup.o
 *(SORT(.textEntry))
 .textEntry     0x0030003c       0xfc ./build/sam9x60-ek/ddram/target/sam9x60/toolchain/gnu/cstartup.o
                0x0030003c                entry
 *(SORT(.text) SORT(.text.*) SORT(.gnu.linkonce.t.*))
 *fill*         0x00300138        0x8 00
 .text          0x00300140       0x70 ./build/sam9x60-ek/ddram/target/sam9x60/toolchain/gnu/cstartup.o
 .text          0x003001b0       0x94 c:/program files (x86)/gnu tools arm embedded/4.7 2013q3/bin/../lib/gcc/arm-none-eabi/4.7.4/crtbegin.o
 .text.__libc_init_array
                0x00300244       0x88 c:/program files (x86)/gnu tools arm embedded/4.7 2013q3/bin/../lib/gcc/arm-none-eabi/4.7.4/../../../../arm-none-eabi/lib\libc_s.a(lib_a-init.o)
                0x00300244                __libc_init_array
 .text.memset   0x003002cc       0x1c c:/program files (x86)/gnu tools arm embedded/4.7 2013q3/bin/../lib/gcc/arm-none-eabi/4.7.4/../../../../arm-none-eabi/lib\libc_s.a(lib_a-memset.o)
                0x003002cc                memset
 .text.board_init
                0x003002e8       0x20 ./build/sam9x60-ek/ddram/target/common/bootstrap.o
                0x003002e8                board_init
 .text.startup.main
                0x00300308       0x40 ./build/sam9x60-ek/ddram/target/common/bootstrap.o
                0x00300308                main
 .text.undefined_instruction_irq_handler
                0x00300348        0x4 ./build/sam9x60-ek/ddram/arch/arch.a(fault_handlers.o)
                0x00300348                undefined_instruction_irq_handler
 .text.software_interrupt_irq_handler
                0x0030034c        0x4 ./build/sam9x60-ek/ddram/arch/arch.a(fault_handlers.o)
                0x0030034c                software_interrupt_irq_handler
 .text.data_abort_irq_handler
                0x00300350        0x4 ./build/sam9x60-ek/ddram/arch/arch.a(fault_handlers.o)
                0x00300350                data_abort_irq_handler
 .text.prefetch_abort_irq_handler
                0x00300354        0x4 ./build/sam9x60-ek/ddram/arch/arch.a(fault_handlers.o)
                0x00300354                prefetch_abort_irq_handler
 .text.startup._disable_io_buffering
                0x00300358       0x20 ./build/sam9x60-ek/ddram/utils/utils.a(syscalls.o)
 .text._sbrk    0x00300378       0x44 ./build/sam9x60-ek/ddram/utils/utils.a(syscalls.o)
                0x00300378                _sbrk
 .text._getpid  0x003003bc        0x8 ./build/sam9x60-ek/ddram/utils/utils.a(syscalls.o)
                0x003003bc                _getpid
 .text._kill    0x003003c4        0x4 ./build/sam9x60-ek/ddram/utils/utils.a(syscalls.o)
                0x003003c4                _kill
 .text._exit    0x003003c8       0x18 ./build/sam9x60-ek/ddram/utils/utils.a(syscalls.o)
                0x003003c8                _exit
 .text._fstat   0x003003e0       0x10 ./build/sam9x60-ek/ddram/utils/utils.a(syscalls.o)
                0x003003e0                _fstat
 .text._lseek   0x003003f0        0x8 ./build/sam9x60-ek/ddram/utils/utils.a(syscalls.o)
                0x003003f0                _lseek
 .text._isatty  0x003003f8        0x8 ./build/sam9x60-ek/ddram/utils/utils.a(syscalls.o)
                0x003003f8                _isatty
 .text._read    0x00300400        0x8 ./build/sam9x60-ek/ddram/utils/utils.a(syscalls.o)
                0x00300400                _read
 .text._write   0x00300408       0x30 ./build/sam9x60-ek/ddram/utils/utils.a(syscalls.o)
                0x00300408                _write
 .text._close   0x00300438        0x8 ./build/sam9x60-ek/ddram/utils/utils.a(syscalls.o)
                0x00300438                _close
 .text.board_cfg_console
                0x00300440       0x54 ./build/sam9x60-ek/ddram/target/target.a(board_console.o)
                0x00300440                board_cfg_console
 .text.get_board_name
                0x00300494        0xc ./build/sam9x60-ek/ddram/target/target.a(board_support.o)
                0x00300494                get_board_name
 .text.board_cfg_clocks_for_preset
                0x003004a0       0xe8 ./build/sam9x60-ek/ddram/target/target.a(board_support.o)
                0x003004a0                board_cfg_clocks_for_preset
 .text.board_cfg_clocks
                0x00300588        0x8 ./build/sam9x60-ek/ddram/target/target.a(board_support.o)
                0x00300588                board_cfg_clocks
 .text.board_cfg_mmu
                0x00300590      0x1c0 ./build/sam9x60-ek/ddram/target/target.a(board_support.o)
                0x00300590                board_cfg_mmu
 .text.board_cfg_matrix_for_ddr
                0x00300750       0x28 ./build/sam9x60-ek/ddram/target/target.a(board_support.o)
                0x00300750                board_cfg_matrix_for_ddr
 .text.board_cfg_ddram
                0x00300778       0x28 ./build/sam9x60-ek/ddram/target/target.a(board_support.o)
                0x00300778                board_cfg_ddram
 .text.board_cfg_lowlevel
                0x003007a0       0x54 ./build/sam9x60-ek/ddram/target/target.a(board_support.o)
                0x003007a0                board_cfg_lowlevel
 .text.board_cfg_timer
                0x003007f4       0x14 ./build/sam9x60-ek/ddram/target/target.a(board_timer.o)
                0x003007f4                board_cfg_timer
 .text.get_tc_id_from_addr
                0x00300808       0x2c ./build/sam9x60-ek/ddram/target/target.a(chip_common.o)
                0x00300808                get_tc_id_from_addr
 .text._init_w972gg6kb.isra.0
                0x00300834      0x1cc ./build/sam9x60-ek/ddram/drivers/drivers.a(ddram.o)
 .text.ddram_init_descriptor
                0x00300a00       0x40 ./build/sam9x60-ek/ddram/drivers/drivers.a(ddram.o)
                0x00300a00                ddram_init_descriptor
 .text.ddram_configure
                0x00300a40       0x44 ./build/sam9x60-ek/ddram/drivers/drivers.a(ddram.o)
                0x00300a40                ddram_configure
 .text._send_ddr_cmd
                0x00300a84       0x20 ./build/sam9x60-ek/ddram/drivers/drivers.a(mpddrc.o)
 .text._send_ext_lmr_cmd
                0x00300aa4       0x24 ./build/sam9x60-ek/ddram/drivers/drivers.a(mpddrc.o)
 .text.mpddrc_configure
                0x00300ac8      0x2bc ./build/sam9x60-ek/ddram/drivers/drivers.a(mpddrc.o)
                0x00300ac8                mpddrc_configure
 .text._pio_has_group
                0x00300d84       0x30 ./build/sam9x60-ek/ddram/drivers/drivers.a(pio3.o)
 .text._pio_get_instance
                0x00300db4       0x74 ./build/sam9x60-ek/ddram/drivers/drivers.a(pio3.o)
 .text._pio_get_periph_id
                0x00300e28       0x64 ./build/sam9x60-ek/ddram/drivers/drivers.a(pio3.o)
 .text.pio_configure
                0x00300e8c      0x2d8 ./build/sam9x60-ek/ddram/drivers/drivers.a(pio3.o)
                0x00300e8c                pio_configure
 .text.pio_reset_all_it
                0x00301164       0x3c ./build/sam9x60-ek/ddram/drivers/drivers.a(pio3.o)
                0x00301164                pio_reset_all_it
 .text._default_irq_handler
                0x003011a0       0x4c ./build/sam9x60-ek/ddram/drivers/drivers.a(irq.o)
 .text.irq_initialize
                0x003011ec       0x54 ./build/sam9x60-ek/ddram/drivers/drivers.a(irq.o)
                0x003011ec                irq_initialize
 .text.irq_add_handler
                0x00301240       0x84 ./build/sam9x60-ek/ddram/drivers/drivers.a(irq.o)
                0x00301240                irq_add_handler
 .text.irq_enable
                0x003012c4        0x4 ./build/sam9x60-ek/ddram/drivers/drivers.a(irq.o)
                0x003012c4                irq_enable
 .text.irq_disable
                0x003012c8        0x4 ./build/sam9x60-ek/ddram/drivers/drivers.a(irq.o)
                0x003012c8                irq_disable
 .text.matrix_remap_ram
                0x003012cc       0x4c ./build/sam9x60-ek/ddram/drivers/drivers.a(matrix.o)
                0x003012cc                matrix_remap_ram
 .text._pmc_get_system_clock_bits
                0x00301318       0x94 ./build/sam9x60-ek/ddram/drivers/drivers.a(pmc.o)
 .text._pmc_measure_main_osc_freq
                0x003013ac       0x84 ./build/sam9x60-ek/ddram/drivers/drivers.a(pmc.o)
 .text._pmc_get_pll_config
                0x00301430       0x6c ./build/sam9x60-ek/ddram/drivers/drivers.a(pmc.o)
 .text._pmc_configure_pll
                0x0030149c      0x198 ./build/sam9x60-ek/ddram/drivers/drivers.a(pmc.o)
 .text.pmc_get_slow_clock
                0x00301634        0x8 ./build/sam9x60-ek/ddram/drivers/drivers.a(pmc.o)
                0x00301634                pmc_get_slow_clock
 .text.pmc_get_main_clock
                0x0030163c       0x20 ./build/sam9x60-ek/ddram/drivers/drivers.a(pmc.o)
                0x0030163c                pmc_get_main_clock
 .text.pmc_enable_external_osc
                0x0030165c       0x94 ./build/sam9x60-ek/ddram/drivers/drivers.a(pmc.o)
                0x0030165c                pmc_enable_external_osc
 .text.pmc_disable_external_osc
                0x003016f0       0x30 ./build/sam9x60-ek/ddram/drivers/drivers.a(pmc.o)
                0x003016f0                pmc_disable_external_osc
 .text.pmc_enable_internal_osc
                0x00301720       0x3c ./build/sam9x60-ek/ddram/drivers/drivers.a(pmc.o)
                0x00301720                pmc_enable_internal_osc
 .text.pmc_select_internal_osc
                0x0030175c       0x50 ./build/sam9x60-ek/ddram/drivers/drivers.a(pmc.o)
                0x0030175c                pmc_select_internal_osc
 .text.pmc_disable_internal_osc
                0x003017ac       0x1c ./build/sam9x60-ek/ddram/drivers/drivers.a(pmc.o)
                0x003017ac                pmc_disable_internal_osc
 .text.pmc_select_external_osc
                0x003017c8       0xf4 ./build/sam9x60-ek/ddram/drivers/drivers.a(pmc.o)
                0x003017c8                pmc_select_external_osc
 .text.pmc_switch_mck_to_new_source
                0x003018bc       0x4c ./build/sam9x60-ek/ddram/drivers/drivers.a(pmc.o)
                0x003018bc                pmc_switch_mck_to_new_source
 .text.pmc_switch_mck_to_pll
                0x00301908       0x38 ./build/sam9x60-ek/ddram/drivers/drivers.a(pmc.o)
                0x00301908                pmc_switch_mck_to_pll
 .text.pmc_switch_mck_to_main
                0x00301940       0x38 ./build/sam9x60-ek/ddram/drivers/drivers.a(pmc.o)
                0x00301940                pmc_switch_mck_to_main
 .text.pmc_switch_mck_to_slck
                0x00301978       0x34 ./build/sam9x60-ek/ddram/drivers/drivers.a(pmc.o)
                0x00301978                pmc_switch_mck_to_slck
 .text.pmc_set_main_oscillator_freq
                0x003019ac      0x130 ./build/sam9x60-ek/ddram/drivers/drivers.a(pmc.o)
                0x003019ac                pmc_set_main_oscillator_freq
 .text.pmc_get_main_oscillator_freq
                0x00301adc       0x18 ./build/sam9x60-ek/ddram/drivers/drivers.a(pmc.o)
                0x00301adc                pmc_get_main_oscillator_freq
 .text.pmc_get_plla_clock
                0x00301af4       0x4c ./build/sam9x60-ek/ddram/drivers/drivers.a(pmc.o)
                0x00301af4                pmc_get_plla_clock
 .text.pmc_set_mck_prescaler
                0x00301b40       0x58 ./build/sam9x60-ek/ddram/drivers/drivers.a(pmc.o)
                0x00301b40                pmc_set_mck_prescaler
 .text.pmc_set_mck_divider
                0x00301b98       0x58 ./build/sam9x60-ek/ddram/drivers/drivers.a(pmc.o)
                0x00301b98                pmc_set_mck_divider
 .text.pmc_configure_plla
                0x00301bf0        0x4 ./build/sam9x60-ek/ddram/drivers/drivers.a(pmc.o)
                0x00301bf0                pmc_configure_plla
 .text.pmc_enable_system_clock
                0x00301bf4       0x74 ./build/sam9x60-ek/ddram/drivers/drivers.a(pmc.o)
                0x00301bf4                pmc_enable_system_clock
 .text.pmc_enable_peripheral
                0x00301c68       0x50 ./build/sam9x60-ek/ddram/drivers/drivers.a(pmc.o)
                0x00301c68                pmc_enable_peripheral
 .text.pmc_disable_peripheral
                0x00301cb8       0x4c ./build/sam9x60-ek/ddram/drivers/drivers.a(pmc.o)
                0x00301cb8                pmc_disable_peripheral
 .text.pmc_is_peripheral_enabled
                0x00301d04       0x58 ./build/sam9x60-ek/ddram/drivers/drivers.a(pmc.o)
                0x00301d04                pmc_is_peripheral_enabled
 .text.pmc_get_upll_clock
                0x00301d5c       0x4c ./build/sam9x60-ek/ddram/drivers/drivers.a(pmc.o)
                0x00301d5c                pmc_get_upll_clock
 .text.pmc_get_master_clock
                0x00301da8       0xf0 ./build/sam9x60-ek/ddram/drivers/drivers.a(pmc.o)
                0x00301da8                pmc_get_master_clock
 .text.pmc_get_peripheral_clock
                0x00301e98       0x48 ./build/sam9x60-ek/ddram/drivers/drivers.a(pmc.o)
                0x00301e98                pmc_get_peripheral_clock
 .text.pmc_get_processor_clock
                0x00301ee0       0x40 ./build/sam9x60-ek/ddram/drivers/drivers.a(pmc.o)
                0x00301ee0                pmc_get_processor_clock
 .text.pmc_disable_gck
                0x00301f20       0x54 ./build/sam9x60-ek/ddram/drivers/drivers.a(pmc.o)
                0x00301f20                pmc_disable_gck
 .text.pmc_configure_gck
                0x00301f74       0xe0 ./build/sam9x60-ek/ddram/drivers/drivers.a(pmc.o)
                0x00301f74                pmc_configure_gck
 .text.pmc_get_gck_clock
                0x00302054       0xc4 ./build/sam9x60-ek/ddram/drivers/drivers.a(pmc.o)
                0x00302054                pmc_get_gck_clock
 .text.pmc_enable_gck
                0x00302118      0x23c ./build/sam9x60-ek/ddram/drivers/drivers.a(pmc.o)
                0x00302118                pmc_enable_gck
 .text.pmc_configure_peripheral
                0x00302354       0xa0 ./build/sam9x60-ek/ddram/drivers/drivers.a(pmc.o)
                0x00302354                pmc_configure_peripheral
 .text.pmc_is_gck_enabled
                0x003023f4       0x48 ./build/sam9x60-ek/ddram/drivers/drivers.a(pmc.o)
                0x003023f4                pmc_is_gck_enabled
 .text.slowclock_get_clock
                0x0030243c       0x18 ./build/sam9x60-ek/ddram/drivers/drivers.a(slowclock_sckc.o)
                0x0030243c                slowclock_get_clock
 .text.wdt_disable
                0x00302454       0x10 ./build/sam9x60-ek/ddram/drivers/drivers.a(wdt.o)
                0x00302454                wdt_disable
 .text.console_configure
                0x00302464       0x7c ./build/sam9x60-ek/ddram/drivers/drivers.a(console.o)
                0x00302464                console_configure
 .text.console_put_char
                0x003024e0       0x10 ./build/sam9x60-ek/ddram/drivers/drivers.a(console.o)
                0x003024e0                console_put_char
 .text.console_put_string
                0x003024f0       0x10 ./build/sam9x60-ek/ddram/drivers/drivers.a(console.o)
                0x003024f0                console_put_string
 .text.console_clear_screen
                0x00302500        0xc ./build/sam9x60-ek/ddram/drivers/drivers.a(console.o)
                0x00302500                console_clear_screen
 .text.console_reset_cursor
                0x0030250c        0xc ./build/sam9x60-ek/ddram/drivers/drivers.a(console.o)
                0x0030250c                console_reset_cursor
 .text.console_example_info
                0x00302518      0x10c ./build/sam9x60-ek/ddram/drivers/drivers.a(console.o)
                0x00302518                console_example_info
 .text.seriald_configure
                0x00302624       0x70 ./build/sam9x60-ek/ddram/drivers/drivers.a(seriald.o)
                0x00302624                seriald_configure
 .text.seriald_put_char
                0x00302694       0x2c ./build/sam9x60-ek/ddram/drivers/drivers.a(seriald.o)
                0x00302694                seriald_put_char
 .text.seriald_put_string
                0x003026c0       0x40 ./build/sam9x60-ek/ddram/drivers/drivers.a(seriald.o)
                0x003026c0                seriald_put_string
 .text.dbgu_configure
                0x00302700       0xb8 ./build/sam9x60-ek/ddram/drivers/drivers.a(dbgu.o)
                0x00302700                dbgu_configure
 .text.dbgu_put_char
                0x003027b8       0x14 ./build/sam9x60-ek/ddram/drivers/drivers.a(dbgu.o)
                0x003027b8                dbgu_put_char
 .text.dbgu_get_char
                0x003027cc       0x14 ./build/sam9x60-ek/ddram/drivers/drivers.a(dbgu.o)
                0x003027cc                dbgu_get_char
 .text.dbgu_is_tx_empty
                0x003027e0       0x10 ./build/sam9x60-ek/ddram/drivers/drivers.a(dbgu.o)
                0x003027e0                dbgu_is_tx_empty
 .text.dbgu_is_rx_ready
                0x003027f0        0xc ./build/sam9x60-ek/ddram/drivers/drivers.a(dbgu.o)
                0x003027f0                dbgu_is_rx_ready
 .text.dbgu_enable_it
                0x003027fc        0x8 ./build/sam9x60-ek/ddram/drivers/drivers.a(dbgu.o)
                0x003027fc                dbgu_enable_it
 .text.dbgu_disable_it
                0x00302804        0x8 ./build/sam9x60-ek/ddram/drivers/drivers.a(dbgu.o)
                0x00302804                dbgu_disable_it
 .text.spurious_handler
                0x0030280c        0x4 ./build/sam9x60-ek/ddram/drivers/drivers.a(aic5.o)
 .text.aic_initialize
                0x00302810       0x88 ./build/sam9x60-ek/ddram/drivers/drivers.a(aic5.o)
                0x00302810                aic_initialize
 .text.aic_enable
                0x00302898       0x18 ./build/sam9x60-ek/ddram/drivers/drivers.a(aic5.o)
                0x00302898                aic_enable
 .text.aic_disable
                0x003028b0       0x18 ./build/sam9x60-ek/ddram/drivers/drivers.a(aic5.o)
                0x003028b0                aic_disable
 .text.aic_get_current_interrupt_source
                0x003028c8        0xc ./build/sam9x60-ek/ddram/drivers/drivers.a(aic5.o)
                0x003028c8                aic_get_current_interrupt_source
 .text.cache_invalidate_region
                0x003028d4       0x28 ./build/sam9x60-ek/ddram/drivers/drivers.a(cache.o)
                0x003028d4                cache_invalidate_region
 .text.cache_clean_region
                0x003028fc       0x28 ./build/sam9x60-ek/ddram/drivers/drivers.a(cache.o)
                0x003028fc                cache_clean_region
 .text.icache_invalidate
                0x00302924        0xc ./build/sam9x60-ek/ddram/arch/arch.a(l1cache_cp15.o)
                0x00302924                icache_invalidate
 .text.icache_is_enabled
                0x00302930       0x10 ./build/sam9x60-ek/ddram/arch/arch.a(l1cache_cp15.o)
                0x00302930                icache_is_enabled
 .text.icache_enable
                0x00302940       0x1c ./build/sam9x60-ek/ddram/arch/arch.a(l1cache_cp15.o)
                0x00302940                icache_enable
 .text.dcache_is_enabled
                0x0030295c       0x18 ./build/sam9x60-ek/ddram/arch/arch.a(l1cache_cp15.o)
                0x0030295c                dcache_is_enabled
 .text.dcache_invalidate
                0x00302974       0x38 ./build/sam9x60-ek/ddram/arch/arch.a(l1cache_cp15.o)
                0x00302974                dcache_invalidate
 .text.dcache_enable
                0x003029ac       0x48 ./build/sam9x60-ek/ddram/arch/arch.a(l1cache_cp15.o)
                0x003029ac                dcache_enable
 .text.dcache_invalidate_region
                0x003029f4       0x50 ./build/sam9x60-ek/ddram/arch/arch.a(l1cache_cp15.o)
                0x003029f4                dcache_invalidate_region
 .text.dcache_clean_region
                0x00302a44       0x50 ./build/sam9x60-ek/ddram/arch/arch.a(l1cache_cp15.o)
                0x00302a44                dcache_clean_region
 .text.mmu_is_enabled
                0x00302a94        0xc ./build/sam9x60-ek/ddram/arch/arch.a(mmu_cp15.o)
                0x00302a94                mmu_is_enabled
 .text.mmu_configure
                0x00302aa0       0x4c ./build/sam9x60-ek/ddram/arch/arch.a(mmu_cp15.o)
                0x00302aa0                mmu_configure
 .text.mmu_enable
                0x00302aec       0x18 ./build/sam9x60-ek/ddram/arch/arch.a(mmu_cp15.o)
                0x00302aec                mmu_enable
 .text.timer_update_upper_tick_counter
                0x00302b04       0x2c ./build/sam9x60-ek/ddram/utils/utils.a(timer.o)
 .text._timer_get_tick
                0x00302b30       0x48 ./build/sam9x60-ek/ddram/utils/utils.a(timer.o)
 .text.timer_irq_handler
                0x00302b78        0x4 ./build/sam9x60-ek/ddram/utils/utils.a(timer.o)
 .text.timer_configure
                0x00302b7c       0xa0 ./build/sam9x60-ek/ddram/utils/utils.a(timer.o)
                0x00302b7c                timer_configure
 .text.usleep   0x00302c1c       0x84 ./build/sam9x60-ek/ddram/utils/utils.a(timer.o)
                0x00302c1c                usleep
 .text.get_chip_name
                0x00302ca0       0x34 ./build/sam9x60-ek/ddram/target/target.a(chip.o)
                0x00302ca0                get_chip_name
 .text.get_peripheral_clock_matrix_div
                0x00302cd4        0x8 ./build/sam9x60-ek/ddram/target/target.a(chip.o)
                0x00302cd4                get_peripheral_clock_matrix_div
 .text.tc_configure
                0x00302cdc       0x4c ./build/sam9x60-ek/ddram/drivers/drivers.a(tc.o)
                0x00302cdc                tc_configure
 .text.tc_start
                0x00302d28       0x3c ./build/sam9x60-ek/ddram/drivers/drivers.a(tc.o)
                0x00302d28                tc_start
 .text.tc_enable_it
                0x00302d64       0x34 ./build/sam9x60-ek/ddram/drivers/drivers.a(tc.o)
                0x00302d64                tc_enable_it
 .text.tc_get_status
                0x00302d98       0x38 ./build/sam9x60-ek/ddram/drivers/drivers.a(tc.o)
                0x00302d98                tc_get_status
 .text.tc_get_available_freq
                0x00302dd0       0x7c ./build/sam9x60-ek/ddram/drivers/drivers.a(tc.o)
                0x00302dd0                tc_get_available_freq
 .text.tc_get_channel_freq
                0x00302e4c       0x44 ./build/sam9x60-ek/ddram/drivers/drivers.a(tc.o)
                0x00302e4c                tc_get_channel_freq
 .text.tc_get_cv
                0x00302e90       0x3c ./build/sam9x60-ek/ddram/drivers/drivers.a(tc.o)
                0x00302e90                tc_get_cv
 .text          0x00302ecc      0x114 c:/program files (x86)/gnu tools arm embedded/4.7 2013q3/bin/../lib/gcc/arm-none-eabi/4.7.4\libgcc.a(_udivsi3.o)
                0x00302ecc                __aeabi_uidiv
                0x00302ecc                __udivsi3
                0x00302fc0                __aeabi_uidivmod
 .text          0x00302fe0      0x148 c:/program files (x86)/gnu tools arm embedded/4.7 2013q3/bin/../lib/gcc/arm-none-eabi/4.7.4\libgcc.a(_divsi3.o)
                0x00302fe0                __divsi3
                0x00302fe0                __aeabi_idiv
                0x00303108                __aeabi_idivmod
 .text          0x00303128        0x4 c:/program files (x86)/gnu tools arm embedded/4.7 2013q3/bin/../lib/gcc/arm-none-eabi/4.7.4\libgcc.a(_dvmd_tls.o)
                0x00303128                __aeabi_idiv0
                0x00303128                __aeabi_ldiv0
 .text.abort    0x0030312c       0x14 c:/program files (x86)/gnu tools arm embedded/4.7 2013q3/bin/../lib/gcc/arm-none-eabi/4.7.4/../../../../arm-none-eabi/lib\libc_s.a(lib_a-abort.o)
                0x0030312c                abort
 .text.__assert_func
                0x00303140       0x50 c:/program files (x86)/gnu tools arm embedded/4.7 2013q3/bin/../lib/gcc/arm-none-eabi/4.7.4/../../../../arm-none-eabi/lib\libc_s.a(lib_a-assert.o)
                0x00303140                __assert_func
 .text.fprintf  0x00303190       0x34 c:/program files (x86)/gnu tools arm embedded/4.7 2013q3/bin/../lib/gcc/arm-none-eabi/4.7.4/../../../../arm-none-eabi/lib\libc_s.a(lib_a-fprintf.o)
                0x00303190                fiprintf
                0x00303190                fprintf
 .text.printf   0x003031c4       0x50 c:/program files (x86)/gnu tools arm embedded/4.7 2013q3/bin/../lib/gcc/arm-none-eabi/4.7.4/../../../../arm-none-eabi/lib\libc_s.a(lib_a-printf.o)
                0x003031c4                iprintf
                0x003031c4                printf
 .text.setvbuf  0x00303214      0x1a4 c:/program files (x86)/gnu tools arm embedded/4.7 2013q3/bin/../lib/gcc/arm-none-eabi/4.7.4/../../../../arm-none-eabi/lib\libc_s.a(lib_a-setvbuf.o)
                0x00303214                setvbuf
 .text._raise_r
                0x003033b8       0x98 c:/program files (x86)/gnu tools arm embedded/4.7 2013q3/bin/../lib/gcc/arm-none-eabi/4.7.4/../../../../arm-none-eabi/lib\libc_s.a(lib_a-signal.o)
                0x003033b8                _raise_r
 .text.raise    0x00303450       0x14 c:/program files (x86)/gnu tools arm embedded/4.7 2013q3/bin/../lib/gcc/arm-none-eabi/4.7.4/../../../../arm-none-eabi/lib\libc_s.a(lib_a-signal.o)
                0x00303450                raise
 .text._kill_r  0x00303464       0x40 c:/program files (x86)/gnu tools arm embedded/4.7 2013q3/bin/../lib/gcc/arm-none-eabi/4.7.4/../../../../arm-none-eabi/lib\libc_s.a(lib_a-signalr.o)
                0x00303464                _kill_r
 .text._getpid_r
                0x003034a4       0x10 c:/program files (x86)/gnu tools arm embedded/4.7 2013q3/bin/../lib/gcc/arm-none-eabi/4.7.4/../../../../arm-none-eabi/lib\libc_s.a(lib_a-signalr.o)
                0x003034a4                _getpid_r
 .text.__sfputc_r
                0x003034b4       0x50 c:/program files (x86)/gnu tools arm embedded/4.7 2013q3/bin/../lib/gcc/arm-none-eabi/4.7.4/../../../../arm-none-eabi/lib\libc_s.a(lib_a-vfprintf.o)
                0x003034b4                __sfputc_r
 .text._vfprintf_r
                0x00303504      0x360 c:/program files (x86)/gnu tools arm embedded/4.7 2013q3/bin/../lib/gcc/arm-none-eabi/4.7.4/../../../../arm-none-eabi/lib\libc_s.a(lib_a-vfprintf.o)
                0x00303504                _vfprintf_r
                0x00303504                _vfiprintf_r
 .text._printf_common
                0x00303864      0x174 c:/program files (x86)/gnu tools arm embedded/4.7 2013q3/bin/../lib/gcc/arm-none-eabi/4.7.4/../../../../arm-none-eabi/lib\libc_s.a(lib_a-vfprintf_i.o)
                0x00303864                _printf_common
 .text._printf_i
                0x003039d8      0x3c4 c:/program files (x86)/gnu tools arm embedded/4.7 2013q3/bin/../lib/gcc/arm-none-eabi/4.7.4/../../../../arm-none-eabi/lib\libc_s.a(lib_a-vfprintf_i.o)
                0x003039d8                _printf_i
 .text.__swbuf_r
                0x00303d9c      0x138 c:/program files (x86)/gnu tools arm embedded/4.7 2013q3/bin/../lib/gcc/arm-none-eabi/4.7.4/../../../../arm-none-eabi/lib\libc_s.a(lib_a-wbuf.o)
                0x00303d9c                __swbuf_r
 .text.__swsetup_r
                0x00303ed4      0x154 c:/program files (x86)/gnu tools arm embedded/4.7 2013q3/bin/../lib/gcc/arm-none-eabi/4.7.4/../../../../arm-none-eabi/lib\libc_s.a(lib_a-wsetup.o)
                0x00303ed4                __swsetup_r
 .text._fflush_r
                0x00304028      0x244 c:/program files (x86)/gnu tools arm embedded/4.7 2013q3/bin/../lib/gcc/arm-none-eabi/4.7.4/../../../../arm-none-eabi/lib\libc_s.a(lib_a-fflush.o)
                0x00304028                _fflush_r
 .text._cleanup_r
                0x0030426c       0x5c c:/program files (x86)/gnu tools arm embedded/4.7 2013q3/bin/../lib/gcc/arm-none-eabi/4.7.4/../../../../arm-none-eabi/lib\libc_s.a(lib_a-findfp.o)
                0x0030426c                _cleanup_r
 .text.std.isra.0
                0x003042c8       0x7c c:/program files (x86)/gnu tools arm embedded/4.7 2013q3/bin/../lib/gcc/arm-none-eabi/4.7.4/../../../../arm-none-eabi/lib\libc_s.a(lib_a-findfp.o)
 .text.__sfmoreglue
                0x00304344       0x44 c:/program files (x86)/gnu tools arm embedded/4.7 2013q3/bin/../lib/gcc/arm-none-eabi/4.7.4/../../../../arm-none-eabi/lib\libc_s.a(lib_a-findfp.o)
                0x00304344                __sfmoreglue
 .text.__sinit  0x00304388       0x90 c:/program files (x86)/gnu tools arm embedded/4.7 2013q3/bin/../lib/gcc/arm-none-eabi/4.7.4/../../../../arm-none-eabi/lib\libc_s.a(lib_a-findfp.o)
                0x00304388                __sinit
 .text.__sfp    0x00304418       0xdc c:/program files (x86)/gnu tools arm embedded/4.7 2013q3/bin/../lib/gcc/arm-none-eabi/4.7.4/../../../../arm-none-eabi/lib\libc_s.a(lib_a-findfp.o)
                0x00304418                __sfp
 .text._free_r  0x003044f4      0x108 c:/program files (x86)/gnu tools arm embedded/4.7 2013q3/bin/../lib/gcc/arm-none-eabi/4.7.4/../../../../arm-none-eabi/lib\libc_s.a(lib_a-freer.o)
                0x003044f4                _free_r
 .text.__smakebuf_r
                0x003045fc       0xf8 c:/program files (x86)/gnu tools arm embedded/4.7 2013q3/bin/../lib/gcc/arm-none-eabi/4.7.4/../../../../arm-none-eabi/lib\libc_s.a(lib_a-makebuf.o)
                0x003045fc                __smakebuf_r
 .text.malloc   0x003046f4       0x20 c:/program files (x86)/gnu tools arm embedded/4.7 2013q3/bin/../lib/gcc/arm-none-eabi/4.7.4/../../../../arm-none-eabi/lib\libc_s.a(lib_a-malloc.o)
                0x003046f4                malloc
 .text._malloc_r
                0x00304714       0xfc c:/program files (x86)/gnu tools arm embedded/4.7 2013q3/bin/../lib/gcc/arm-none-eabi/4.7.4/../../../../arm-none-eabi/lib\libc_s.a(lib_a-mallocr.o)
                0x00304714                _malloc_r
 .text.memchr   0x00304810       0x34 c:/program files (x86)/gnu tools arm embedded/4.7 2013q3/bin/../lib/gcc/arm-none-eabi/4.7.4/../../../../arm-none-eabi/lib\libc_s.a(lib_a-memchr.o)
                0x00304810                memchr
 .text._sbrk_r  0x00304844       0x3c c:/program files (x86)/gnu tools arm embedded/4.7 2013q3/bin/../lib/gcc/arm-none-eabi/4.7.4/../../../../arm-none-eabi/lib\libc_s.a(lib_a-sbrkr.o)
                0x00304844                _sbrk_r
 .text.__sread  0x00304880       0x34 c:/program files (x86)/gnu tools arm embedded/4.7 2013q3/bin/../lib/gcc/arm-none-eabi/4.7.4/../../../../arm-none-eabi/lib\libc_s.a(lib_a-stdio.o)
                0x00304880                __sread
 .text.__swrite
                0x003048b4       0x54 c:/program files (x86)/gnu tools arm embedded/4.7 2013q3/bin/../lib/gcc/arm-none-eabi/4.7.4/../../../../arm-none-eabi/lib\libc_s.a(lib_a-stdio.o)
                0x003048b4                __swrite
 .text.__sseek  0x00304908       0x34 c:/program files (x86)/gnu tools arm embedded/4.7 2013q3/bin/../lib/gcc/arm-none-eabi/4.7.4/../../../../arm-none-eabi/lib\libc_s.a(lib_a-stdio.o)
                0x00304908                __sseek
 .text.__sclose
                0x0030493c       0x14 c:/program files (x86)/gnu tools arm embedded/4.7 2013q3/bin/../lib/gcc/arm-none-eabi/4.7.4/../../../../arm-none-eabi/lib\libc_s.a(lib_a-stdio.o)
                0x0030493c                __sclose
 .text.strlen   0x00304950       0x1c c:/program files (x86)/gnu tools arm embedded/4.7 2013q3/bin/../lib/gcc/arm-none-eabi/4.7.4/../../../../arm-none-eabi/lib\libc_s.a(lib_a-strlen.o)
                0x00304950                strlen
 .text._write_r
                0x0030496c       0x44 c:/program files (x86)/gnu tools arm embedded/4.7 2013q3/bin/../lib/gcc/arm-none-eabi/4.7.4/../../../../arm-none-eabi/lib\libc_s.a(lib_a-writer.o)
                0x0030496c                _write_r
 .text._close_r
                0x003049b0       0x3c c:/program files (x86)/gnu tools arm embedded/4.7 2013q3/bin/../lib/gcc/arm-none-eabi/4.7.4/../../../../arm-none-eabi/lib\libc_s.a(lib_a-closer.o)
                0x003049b0                _close_r
 .text._fstat_r
                0x003049ec       0x40 c:/program files (x86)/gnu tools arm embedded/4.7 2013q3/bin/../lib/gcc/arm-none-eabi/4.7.4/../../../../arm-none-eabi/lib\libc_s.a(lib_a-fstatr.o)
                0x003049ec                _fstat_r
 .text._isatty_r
                0x00304a2c       0x3c c:/program files (x86)/gnu tools arm embedded/4.7 2013q3/bin/../lib/gcc/arm-none-eabi/4.7.4/../../../../arm-none-eabi/lib\libc_s.a(lib_a-isattyr.o)
                0x00304a2c                _isatty_r
 .text._lseek_r
                0x00304a68       0x44 c:/program files (x86)/gnu tools arm embedded/4.7 2013q3/bin/../lib/gcc/arm-none-eabi/4.7.4/../../../../arm-none-eabi/lib\libc_s.a(lib_a-lseekr.o)
                0x00304a68                _lseek_r
 .text._read_r  0x00304aac       0x44 c:/program files (x86)/gnu tools arm embedded/4.7 2013q3/bin/../lib/gcc/arm-none-eabi/4.7.4/../../../../arm-none-eabi/lib\libc_s.a(lib_a-readr.o)
                0x00304aac                _read_r
 *(SORT(.glue_7t))
 .glue_7t       0x00000000        0x0 linker stubs
 *(SORT(.glue_7))
 .glue_7        0x00000000        0x0 linker stubs
 *(SORT(.rodata) SORT(.rodata*) SORT(.gnu.linkonce.r.*))
 .rodata._global_impure_ptr
                0x00304af0        0x4 c:/program files (x86)/gnu tools arm embedded/4.7 2013q3/bin/../lib/gcc/arm-none-eabi/4.7.4/../../../../arm-none-eabi/lib\libc_s.a(lib_a-impure.o)
                0x00304af0                _global_impure_ptr
 .rodata.plla_configs.7110
                0x00304af4       0xc0 ./build/sam9x60-ek/ddram/target/target.a(board_support.o)
 .rodata.seriald_ops_dbgu
                0x00304bb4       0x24 ./build/sam9x60-ek/ddram/drivers/drivers.a(seriald.o)
 .rodata.__sf_fake_stdin
                0x00304bd8       0x20 c:/program files (x86)/gnu tools arm embedded/4.7 2013q3/bin/../lib/gcc/arm-none-eabi/4.7.4/../../../../arm-none-eabi/lib\libc_s.a(lib_a-findfp.o)
                0x00304bd8                __sf_fake_stdin
 .rodata.__sf_fake_stdout
                0x00304bf8       0x20 c:/program files (x86)/gnu tools arm embedded/4.7 2013q3/bin/../lib/gcc/arm-none-eabi/4.7.4/../../../../arm-none-eabi/lib\libc_s.a(lib_a-findfp.o)
                0x00304bf8                __sf_fake_stdout
 .rodata.__sf_fake_stderr
                0x00304c18       0x20 c:/program files (x86)/gnu tools arm embedded/4.7 2013q3/bin/../lib/gcc/arm-none-eabi/4.7.4/../../../../arm-none-eabi/lib\libc_s.a(lib_a-findfp.o)
                0x00304c18                __sf_fake_stderr
 .rodata.str1.1
                0x00304c38        0x2 c:/program files (x86)/gnu tools arm embedded/4.7 2013q3/bin/../lib/gcc/arm-none-eabi/4.7.4/../../../../arm-none-eabi/lib\libc_s.a(lib_a-impure.o)
 .rodata.str1.1
                0x00304c3a       0x10 ./build/sam9x60-ek/ddram/target/common/bootstrap.o
 .rodata.str1.1
                0x00304c4a       0x24 ./build/sam9x60-ek/ddram/utils/utils.a(syscalls.o)
 .rodata.str1.1
                0x00304c6e       0x39 ./build/sam9x60-ek/ddram/target/target.a(board_support.o)
 .rodata.__func__.6838
                0x00304ca7       0x10 ./build/sam9x60-ek/ddram/drivers/drivers.a(ddram.o)
 .rodata.__func__.6825
                0x00304cb7       0x10 ./build/sam9x60-ek/ddram/drivers/drivers.a(ddram.o)
 .rodata.str1.1
                0x00304cc7       0x68 ./build/sam9x60-ek/ddram/drivers/drivers.a(ddram.o)
 .rodata.str1.1
                0x00304d2f       0x1d ./build/sam9x60-ek/ddram/drivers/drivers.a(mpddrc.o)
 .rodata.str1.1
                0x00304d4c       0xfc ./build/sam9x60-ek/ddram/drivers/drivers.a(pio3.o)
 .rodata.__func__.6684
                0x00304e48        0xe ./build/sam9x60-ek/ddram/drivers/drivers.a(pio3.o)
 .rodata.__func__.5587
                0x00304e56        0xf ./build/sam9x60-ek/ddram/drivers/drivers.a(irq.o)
 .rodata.str1.1
                0x00304e65       0x2a ./build/sam9x60-ek/ddram/drivers/drivers.a(irq.o)
 .rodata.__func__.7203
                0x00304e8f       0x1a ./build/sam9x60-ek/ddram/drivers/drivers.a(pmc.o)
 .rodata.__func__.7207
                0x00304ea9       0x19 ./build/sam9x60-ek/ddram/drivers/drivers.a(pmc.o)
 .rodata.__func__.7291
                0x00304ec2       0x12 ./build/sam9x60-ek/ddram/drivers/drivers.a(pmc.o)
 .rodata.__func__.7328
                0x00304ed4       0x10 ./build/sam9x60-ek/ddram/drivers/drivers.a(pmc.o)
 .rodata.__func__.7334
                0x00304ee4       0x12 ./build/sam9x60-ek/ddram/drivers/drivers.a(pmc.o)
 .rodata.str1.1
                0x00304ef6      0x35e ./build/sam9x60-ek/ddram/drivers/drivers.a(pmc.o)
 .rodata.__func__.7296
                0x00305254        0xf ./build/sam9x60-ek/ddram/drivers/drivers.a(pmc.o)
 .rodata.__func__.7131
                0x00305263       0x16 ./build/sam9x60-ek/ddram/drivers/drivers.a(pmc.o)
 .rodata.__func__.7194
                0x00305279       0x16 ./build/sam9x60-ek/ddram/drivers/drivers.a(pmc.o)
 .rodata.__func__.6980
                0x0030528f       0x13 ./build/sam9x60-ek/ddram/drivers/drivers.a(pmc.o)
 .rodata.__func__.7138
                0x003052a2       0x14 ./build/sam9x60-ek/ddram/drivers/drivers.a(pmc.o)
 .rodata.__func__.7190
                0x003052b6       0x19 ./build/sam9x60-ek/ddram/drivers/drivers.a(pmc.o)
 .rodata.__func__.7346
                0x003052cf       0x13 ./build/sam9x60-ek/ddram/drivers/drivers.a(pmc.o)
 .rodata.__func__.7199
                0x003052e2       0x17 ./build/sam9x60-ek/ddram/drivers/drivers.a(pmc.o)
 .rodata.str1.1
                0x003052f9      0x178 ./build/sam9x60-ek/ddram/drivers/drivers.a(console.o)
                                0x187 (size before relaxing)
 .rodata.__func__.6620
                0x00305471        0xf ./build/sam9x60-ek/ddram/drivers/drivers.a(dbgu.o)
 .rodata.str1.1
                0x00305480       0x29 ./build/sam9x60-ek/ddram/drivers/drivers.a(dbgu.o)
 .rodata.__func__.5666
                0x003054a9       0x19 ./build/sam9x60-ek/ddram/arch/arch.a(l1cache_cp15.o)
 .rodata.__func__.5675
                0x003054c2       0x14 ./build/sam9x60-ek/ddram/arch/arch.a(l1cache_cp15.o)
 .rodata.str1.1
                0x003054d6       0x3f ./build/sam9x60-ek/ddram/arch/arch.a(l1cache_cp15.o)
 .rodata.__func__.5623
                0x00305515        0xe ./build/sam9x60-ek/ddram/arch/arch.a(l1cache_cp15.o)
 .rodata.str1.1
                0x00305523       0x2c ./build/sam9x60-ek/ddram/arch/arch.a(mmu_cp15.o)
 .rodata.__func__.4193
                0x0030554f        0xe ./build/sam9x60-ek/ddram/arch/arch.a(mmu_cp15.o)
 .rodata.str1.1
                0x0030555d       0x10 ./build/sam9x60-ek/ddram/target/target.a(chip.o)
 .rodata.__func__.5715
                0x0030556d        0xd ./build/sam9x60-ek/ddram/drivers/drivers.a(tc.o)
 .rodata.__func__.5721
                0x0030557a        0x9 ./build/sam9x60-ek/ddram/drivers/drivers.a(tc.o)
 .rodata.__func__.5779
                0x00305583       0x14 ./build/sam9x60-ek/ddram/drivers/drivers.a(tc.o)
 .rodata.str1.1
                0x00305597       0x6e ./build/sam9x60-ek/ddram/drivers/drivers.a(tc.o)
 .rodata.__func__.5734
                0x00305605        0xd ./build/sam9x60-ek/ddram/drivers/drivers.a(tc.o)
 .rodata.__func__.5803
                0x00305612        0xa ./build/sam9x60-ek/ddram/drivers/drivers.a(tc.o)
 .rodata.__func__.5761
                0x0030561c        0xe ./build/sam9x60-ek/ddram/drivers/drivers.a(tc.o)
 .rodata.str1.1
                0x0030562a       0x3c c:/program files (x86)/gnu tools arm embedded/4.7 2013q3/bin/../lib/gcc/arm-none-eabi/4.7.4/../../../../arm-none-eabi/lib\libc_s.a(lib_a-assert.o)
                                 0x3d (size before relaxing)
 .rodata.str1.1
                0x00305666       0x11 c:/program files (x86)/gnu tools arm embedded/4.7 2013q3/bin/../lib/gcc/arm-none-eabi/4.7.4/../../../../arm-none-eabi/lib\libc_s.a(lib_a-vfprintf.o)
 .rodata.str1.1
                0x00305677       0x22 c:/program files (x86)/gnu tools arm embedded/4.7 2013q3/bin/../lib/gcc/arm-none-eabi/4.7.4/../../../../arm-none-eabi/lib\libc_s.a(lib_a-vfprintf_i.o)
 *(SORT(.ARM.extab*) SORT(.gnu.linkonce.armextab.*))
                0x0030569c                . = ALIGN (0x4)
 *fill*         0x00305699        0x3 00
 *(SORT(.init))
 .init          0x0030569c        0xc c:/program files (x86)/gnu tools arm embedded/4.7 2013q3/bin/../lib/gcc/arm-none-eabi/4.7.4/crti.o
                0x0030569c                _init
 .init          0x003056a8        0xc c:/program files (x86)/gnu tools arm embedded/4.7 2013q3/bin/../lib/gcc/arm-none-eabi/4.7.4/crtn.o
                0x003056b4                . = ALIGN (0x4)
                0x003056b4                __preinit_array_start = .
 *(SORT(.preinit_array))
                0x003056b4                __preinit_array_end = .
                0x003056b4                . = ALIGN (0x4)
                0x003056b4                __init_array_start = .
 *(SORT(.init_array.*))
 *(SORT(.init_array))
 .init_array    0x003056b4        0x4 c:/program files (x86)/gnu tools arm embedded/4.7 2013q3/bin/../lib/gcc/arm-none-eabi/4.7.4/crtbegin.o
 .init_array    0x003056b8        0x4 ./build/sam9x60-ek/ddram/utils/utils.a(syscalls.o)
                0x003056bc                __init_array_end = .
                0x003056bc                . = ALIGN (0x4)
 *crtbegin.o(SORT(.ctors))
 *(SORT(EXCLUDE_FILE(*crtend.o) .ctors))
 *(SORT(.ctors.*))
 *crtend.o(SORT(.ctors))
                0x003056bc                . = ALIGN (0x4)
 *(SORT(.fini))
 .fini          0x003056bc        0xc c:/program files (x86)/gnu tools arm embedded/4.7 2013q3/bin/../lib/gcc/arm-none-eabi/4.7.4/crti.o
                0x003056bc                _fini
 .fini          0x003056c8        0xc c:/program files (x86)/gnu tools arm embedded/4.7 2013q3/bin/../lib/gcc/arm-none-eabi/4.7.4/crtn.o
                0x003056d4                . = ALIGN (0x4)
                0x003056d4                __fini_array_start = .
 *(SORT(.fini_array))
 .fini_array    0x003056d4        0x4 c:/program files (x86)/gnu tools arm embedded/4.7 2013q3/bin/../lib/gcc/arm-none-eabi/4.7.4/crtbegin.o
 *(SORT(.fini_array.*))
                0x003056d8                __fini_array_end = .
 *crtbegin.o(SORT(.dtors))
 *(SORT(EXCLUDE_FILE(*crtend.o) .dtors))
 *(SORT(.dtors.*))
 *crtend.o(SORT(.dtors))
 *(SORT(.data) SORT(.data.*))
 .data.impure_data
                0x003056d8       0x64 c:/program files (x86)/gnu tools arm embedded/4.7 2013q3/bin/../lib/gcc/arm-none-eabi/4.7.4/../../../../arm-none-eabi/lib\libc_s.a(lib_a-impure.o)
 .data._impure_ptr
                0x0030573c        0x4 c:/program files (x86)/gnu tools arm embedded/4.7 2013q3/bin/../lib/gcc/arm-none-eabi/4.7.4/../../../../arm-none-eabi/lib\libc_s.a(lib_a-impure.o)
                0x0030573c                _impure_ptr
 .data._pmc_main_oscillators
                0x00305740        0x8 ./build/sam9x60-ek/ddram/drivers/drivers.a(pmc.o)
 .data.trace_level
                0x00305748        0x4 ./build/sam9x60-ek/ddram/utils/utils.a(trace.o)
                0x00305748                trace_level
                0x0030574c                . = ALIGN (0x4)
                0x0030574c                _efixed = .
                0x0030574c                _srelocate = .
                0x0030574c                _erelocate = .
                0x0030574c                PROVIDE (__exidx_start, .)

.vfp11_veneer   0x0030574c        0x0
 .vfp11_veneer  0x00000000        0x0 linker stubs

.v4_bx          0x0030574c        0x0
 .v4_bx         0x00000000        0x0 linker stubs

.iplt           0x0030574c        0x0
 .iplt          0x00000000        0x0 c:/program files (x86)/gnu tools arm embedded/4.7 2013q3/bin/../lib/gcc/arm-none-eabi/4.7.4/crtbegin.o

.eh_frame       0x0030574c        0x0
 .eh_frame      0x0030574c        0x0 c:/program files (x86)/gnu tools arm embedded/4.7 2013q3/bin/../lib/gcc/arm-none-eabi/4.7.4/crtbegin.o

.rel.dyn        0x0030574c        0x0
 .rel.iplt      0x00000000        0x0 c:/program files (x86)/gnu tools arm embedded/4.7 2013q3/bin/../lib/gcc/arm-none-eabi/4.7.4/crtbegin.o

.jcr            0x0030574c        0x0
 .jcr           0x0030574c        0x0 c:/program files (x86)/gnu tools arm embedded/4.7 2013q3/bin/../lib/gcc/arm-none-eabi/4.7.4/crtbegin.o

.igot.plt       0x0030574c        0x0
 .igot.plt      0x00000000        0x0 c:/program files (x86)/gnu tools arm embedded/4.7 2013q3/bin/../lib/gcc/arm-none-eabi/4.7.4/crtbegin.o

.ARM.exidx
 *(SORT(.ARM.exidx*) SORT(.gnu.linkonce.armexidx.*))
                0x0030574c                PROVIDE (__exidx_end, .)
                0x0030574c                . = ALIGN (0x4)
                0x0030574c                _etext = .

.region_cache_aligned_const
                0x0030574c       0x14
                0x00305760                . = ALIGN (0x20)
 *fill*         0x0030574c       0x14 00
 *(SORT(.region_cache_aligned_const))
                0x00305760                . = ALIGN (0x20)

.region_sram    0x00305760        0x0
                0x00305760                . = ALIGN (0x4)
 *(SORT(.region_sram))

.region_ddr     0x20000000     0x4000
                0x20000000                . = ALIGN (0x4)
 *(SORT(.region_ddr))
 .region_ddr    0x20000000     0x4000 ./build/sam9x60-ek/ddram/target/target.a(board_support.o)

.region_nocache
                0x24000000        0x0
                0x24000000                . = ALIGN (0x4)
 *(SORT(.region_nocache))

.bss            0x00305760      0x5e4
                0x00305760                . = ALIGN (0x4)
                0x00305760                _szero = .
 *(SORT(.bss) SORT(.bss.*))
 .bss           0x00305760       0x1c c:/program files (x86)/gnu tools arm embedded/4.7 2013q3/bin/../lib/gcc/arm-none-eabi/4.7.4/crtbegin.o
 .bss.heap.5184
                0x0030577c        0x4 ./build/sam9x60-ek/ddram/utils/utils.a(syscalls.o)
 .bss.next_free_handler
                0x00305780        0x4 ./build/sam9x60-ek/ddram/drivers/drivers.a(irq.o)
 .bss.handlers_pool
                0x00305784      0x4c8 ./build/sam9x60-ek/ddram/drivers/drivers.a(irq.o)
 .bss.handlers  0x00305c4c       0xcc ./build/sam9x60-ek/ddram/drivers/drivers.a(irq.o)
 .bss._pmc_mck  0x00305d18        0x4 ./build/sam9x60-ek/ddram/drivers/drivers.a(pmc.o)
 .bss.console   0x00305d1c       0x10 ./build/sam9x60-ek/ddram/drivers/drivers.a(console.o)
 .bss._timer    0x00305d2c       0x10 ./build/sam9x60-ek/ddram/utils/utils.a(timer.o)
 .bss.__malloc_free_list
                0x00305d3c        0x4 c:/program files (x86)/gnu tools arm embedded/4.7 2013q3/bin/../lib/gcc/arm-none-eabi/4.7.4/../../../../arm-none-eabi/lib\libc_s.a(lib_a-mallocr.o)
                0x00305d3c                __malloc_free_list
 *(SORT(COMMON))
 COMMON         0x00305d40        0x4 c:/program files (x86)/gnu tools arm embedded/4.7 2013q3/bin/../lib/gcc/arm-none-eabi/4.7.4/../../../../arm-none-eabi/lib\libc_s.a(lib_a-reent.o)
                0x00305d40                errno
                0x00305d44                . = ALIGN (0x4)
                0x00305d44                _ezero = .

.region_cache_aligned
                0x00305d44       0x1c
                0x00305d60                . = ALIGN (0x20)
 *fill*         0x00305d44       0x1c 00
 *(SORT(.region_cache_aligned))
                0x00305d60                . = ALIGN (0x20)

.region_ddr_cache_aligned
                0x20004000        0x0
                0x20004000                . = ALIGN (0x20)
 *(SORT(.region_ddr_cache_aligned))
                0x20004000                . = ALIGN (0x20)

.heap           0x00305d60      0x200
                0x00305d60                . = ALIGN (0x4)
                0x00305d60                __heap_start__ = .
                0x00305f60                . = (. + HEAP_SIZE)
 *fill*         0x00305d60      0x200 00
                0x00305f60                __heap_end__ = .

.stack          0x00305f60      0x920
                0x00305fc0                . = (. + IRQ_STACK_SIZE)
 *fill*         0x00305f60       0x60 00
                0x00305fc0                . = ALIGN (0x8)
                0x00305fc0                _irqstack = .
                0x00306000                . = (. + ABT_STACK_SIZE)
 *fill*         0x00305fc0       0x40 00
                0x00306000                . = ALIGN (0x8)
                0x00306000                _abtstack = .
                0x00306040                . = (. + UND_STACK_SIZE)
 *fill*         0x00306000       0x40 00
                0x00306040                . = ALIGN (0x8)
                0x00306040                _undstack = .
                0x00306080                . = (. + SYS_STACK_SIZE)
 *fill*         0x00306040       0x40 00
                0x00306080                . = ALIGN (0x8)
                0x00306080                _sysstack = .
                0x00306880                . = (. + C_STACK_SIZE)
 *fill*         0x00306080      0x800 00
                0x00306880                . = ALIGN (0x8)
                0x00306880                _cstack = .
OUTPUT(build/sam9x60-ek/ddram/target/bootstrap.elf elf32-littlearm)

.ARM.attributes
                0x00000000       0x2e
 .ARM.attributes
                0x00000000       0x16 c:/program files (x86)/gnu tools arm embedded/4.7 2013q3/bin/../lib/gcc/arm-none-eabi/4.7.4/crti.o
 .ARM.attributes
                0x00000016       0x30 c:/program files (x86)/gnu tools arm embedded/4.7 2013q3/bin/../lib/gcc/arm-none-eabi/4.7.4/crtbegin.o
 .ARM.attributes
                0x00000046       0x30 c:/program files (x86)/gnu tools arm embedded/4.7 2013q3/bin/../lib/gcc/arm-none-eabi/4.7.4/../../../../arm-none-eabi/lib\libc_s.a(lib_a-impure.o)
 .ARM.attributes
                0x00000076       0x30 c:/program files (x86)/gnu tools arm embedded/4.7 2013q3/bin/../lib/gcc/arm-none-eabi/4.7.4/../../../../arm-none-eabi/lib\libc_s.a(lib_a-init.o)
 .ARM.attributes
                0x000000a6       0x30 c:/program files (x86)/gnu tools arm embedded/4.7 2013q3/bin/../lib/gcc/arm-none-eabi/4.7.4/../../../../arm-none-eabi/lib\libc_s.a(lib_a-memset.o)
 .ARM.attributes
                0x000000d6       0x32 ./build/sam9x60-ek/ddram/target/common/bootstrap.o
 .ARM.attributes
                0x00000108       0x22 ./build/sam9x60-ek/ddram/target/sam9x60/toolchain/gnu/cstartup.o
 .ARM.attributes
                0x0000012a       0x32 ./build/sam9x60-ek/ddram/arch/arch.a(fault_handlers.o)
 .ARM.attributes
                0x0000015c       0x32 ./build/sam9x60-ek/ddram/utils/utils.a(syscalls.o)
 .ARM.attributes
                0x0000018e       0x32 ./build/sam9x60-ek/ddram/target/target.a(board_console.o)
 .ARM.attributes
                0x000001c0       0x32 ./build/sam9x60-ek/ddram/target/target.a(board_support.o)
 .ARM.attributes
                0x000001f2       0x32 ./build/sam9x60-ek/ddram/target/target.a(board_timer.o)
 .ARM.attributes
                0x00000224       0x32 ./build/sam9x60-ek/ddram/target/target.a(chip_common.o)
 .ARM.attributes
                0x00000256       0x32 ./build/sam9x60-ek/ddram/drivers/drivers.a(ddram.o)
 .ARM.attributes
                0x00000288       0x32 ./build/sam9x60-ek/ddram/drivers/drivers.a(mpddrc.o)
 .ARM.attributes
                0x000002ba       0x32 ./build/sam9x60-ek/ddram/drivers/drivers.a(pio3.o)
 .ARM.attributes
                0x000002ec       0x32 ./build/sam9x60-ek/ddram/drivers/drivers.a(irq.o)
 .ARM.attributes
                0x0000031e       0x32 ./build/sam9x60-ek/ddram/drivers/drivers.a(matrix.o)
 .ARM.attributes
                0x00000350       0x32 ./build/sam9x60-ek/ddram/drivers/drivers.a(pmc.o)
 .ARM.attributes
                0x00000382       0x32 ./build/sam9x60-ek/ddram/drivers/drivers.a(slowclock_sckc.o)
 .ARM.attributes
                0x000003b4       0x32 ./build/sam9x60-ek/ddram/drivers/drivers.a(wdt.o)
 .ARM.attributes
                0x000003e6       0x32 ./build/sam9x60-ek/ddram/drivers/drivers.a(console.o)
 .ARM.attributes
                0x00000418       0x32 ./build/sam9x60-ek/ddram/drivers/drivers.a(seriald.o)
 .ARM.attributes
                0x0000044a       0x32 ./build/sam9x60-ek/ddram/drivers/drivers.a(dbgu.o)
 .ARM.attributes
                0x0000047c       0x32 ./build/sam9x60-ek/ddram/drivers/drivers.a(aic5.o)
 .ARM.attributes
                0x000004ae       0x32 ./build/sam9x60-ek/ddram/drivers/drivers.a(cache.o)
 .ARM.attributes
                0x000004e0       0x32 ./build/sam9x60-ek/ddram/arch/arch.a(l1cache_cp15.o)
 .ARM.attributes
                0x00000512       0x32 ./build/sam9x60-ek/ddram/arch/arch.a(mmu_cp15.o)
 .ARM.attributes
                0x00000544       0x32 ./build/sam9x60-ek/ddram/utils/utils.a(trace.o)
 .ARM.attributes
                0x00000576       0x32 ./build/sam9x60-ek/ddram/utils/utils.a(timer.o)
 .ARM.attributes
                0x000005a8       0x32 ./build/sam9x60-ek/ddram/target/target.a(chip.o)
 .ARM.attributes
                0x000005da       0x32 ./build/sam9x60-ek/ddram/drivers/drivers.a(tc.o)
 .ARM.attributes
                0x0000060c       0x18 c:/program files (x86)/gnu tools arm embedded/4.7 2013q3/bin/../lib/gcc/arm-none-eabi/4.7.4\libgcc.a(_udivsi3.o)
 .ARM.attributes
                0x00000624       0x18 c:/program files (x86)/gnu tools arm embedded/4.7 2013q3/bin/../lib/gcc/arm-none-eabi/4.7.4\libgcc.a(_divsi3.o)
 .ARM.attributes
                0x0000063c       0x18 c:/program files (x86)/gnu tools arm embedded/4.7 2013q3/bin/../lib/gcc/arm-none-eabi/4.7.4\libgcc.a(_dvmd_tls.o)
 .ARM.attributes
                0x00000654       0x30 c:/program files (x86)/gnu tools arm embedded/4.7 2013q3/bin/../lib/gcc/arm-none-eabi/4.7.4/../../../../arm-none-eabi/lib\libc_s.a(lib_a-abort.o)
 .ARM.attributes
                0x00000684       0x30 c:/program files (x86)/gnu tools arm embedded/4.7 2013q3/bin/../lib/gcc/arm-none-eabi/4.7.4/../../../../arm-none-eabi/lib\libc_s.a(lib_a-assert.o)
 .ARM.attributes
                0x000006b4       0x30 c:/program files (x86)/gnu tools arm embedded/4.7 2013q3/bin/../lib/gcc/arm-none-eabi/4.7.4/../../../../arm-none-eabi/lib\libc_s.a(lib_a-fprintf.o)
 .ARM.attributes
                0x000006e4       0x30 c:/program files (x86)/gnu tools arm embedded/4.7 2013q3/bin/../lib/gcc/arm-none-eabi/4.7.4/../../../../arm-none-eabi/lib\libc_s.a(lib_a-printf.o)
 .ARM.attributes
                0x00000714       0x30 c:/program files (x86)/gnu tools arm embedded/4.7 2013q3/bin/../lib/gcc/arm-none-eabi/4.7.4/../../../../arm-none-eabi/lib\libc_s.a(lib_a-setvbuf.o)
 .ARM.attributes
                0x00000744       0x30 c:/program files (x86)/gnu tools arm embedded/4.7 2013q3/bin/../lib/gcc/arm-none-eabi/4.7.4/../../../../arm-none-eabi/lib\libc_s.a(lib_a-signal.o)
 .ARM.attributes
                0x00000774       0x30 c:/program files (x86)/gnu tools arm embedded/4.7 2013q3/bin/../lib/gcc/arm-none-eabi/4.7.4/../../../../arm-none-eabi/lib\libc_s.a(lib_a-signalr.o)
 .ARM.attributes
                0x000007a4       0x30 c:/program files (x86)/gnu tools arm embedded/4.7 2013q3/bin/../lib/gcc/arm-none-eabi/4.7.4/../../../../arm-none-eabi/lib\libc_s.a(lib_a-vfprintf.o)
 .ARM.attributes
                0x000007d4       0x30 c:/program files (x86)/gnu tools arm embedded/4.7 2013q3/bin/../lib/gcc/arm-none-eabi/4.7.4/../../../../arm-none-eabi/lib\libc_s.a(lib_a-vfprintf_i.o)
 .ARM.attributes
                0x00000804       0x30 c:/program files (x86)/gnu tools arm embedded/4.7 2013q3/bin/../lib/gcc/arm-none-eabi/4.7.4/../../../../arm-none-eabi/lib\libc_s.a(lib_a-wbuf.o)
 .ARM.attributes
                0x00000834       0x30 c:/program files (x86)/gnu tools arm embedded/4.7 2013q3/bin/../lib/gcc/arm-none-eabi/4.7.4/../../../../arm-none-eabi/lib\libc_s.a(lib_a-wsetup.o)
 .ARM.attributes
                0x00000864       0x30 c:/program files (x86)/gnu tools arm embedded/4.7 2013q3/bin/../lib/gcc/arm-none-eabi/4.7.4/../../../../arm-none-eabi/lib\libc_s.a(lib_a-fflush.o)
 .ARM.attributes
                0x00000894       0x30 c:/program files (x86)/gnu tools arm embedded/4.7 2013q3/bin/../lib/gcc/arm-none-eabi/4.7.4/../../../../arm-none-eabi/lib\libc_s.a(lib_a-findfp.o)
 .ARM.attributes
                0x000008c4       0x30 c:/program files (x86)/gnu tools arm embedded/4.7 2013q3/bin/../lib/gcc/arm-none-eabi/4.7.4/../../../../arm-none-eabi/lib\libc_s.a(lib_a-freer.o)
 .ARM.attributes
                0x000008f4       0x30 c:/program files (x86)/gnu tools arm embedded/4.7 2013q3/bin/../lib/gcc/arm-none-eabi/4.7.4/../../../../arm-none-eabi/lib\libc_s.a(lib_a-makebuf.o)
 .ARM.attributes
                0x00000924       0x30 c:/program files (x86)/gnu tools arm embedded/4.7 2013q3/bin/../lib/gcc/arm-none-eabi/4.7.4/../../../../arm-none-eabi/lib\libc_s.a(lib_a-malloc.o)
 .ARM.attributes
                0x00000954       0x30 c:/program files (x86)/gnu tools arm embedded/4.7 2013q3/bin/../lib/gcc/arm-none-eabi/4.7.4/../../../../arm-none-eabi/lib\libc_s.a(lib_a-mallocr.o)
 .ARM.attributes
                0x00000984       0x30 c:/program files (x86)/gnu tools arm embedded/4.7 2013q3/bin/../lib/gcc/arm-none-eabi/4.7.4/../../../../arm-none-eabi/lib\libc_s.a(lib_a-memchr.o)
 .ARM.attributes
                0x000009b4       0x30 c:/program files (x86)/gnu tools arm embedded/4.7 2013q3/bin/../lib/gcc/arm-none-eabi/4.7.4/../../../../arm-none-eabi/lib\libc_s.a(lib_a-reent.o)
 .ARM.attributes
                0x000009e4       0x30 c:/program files (x86)/gnu tools arm embedded/4.7 2013q3/bin/../lib/gcc/arm-none-eabi/4.7.4/../../../../arm-none-eabi/lib\libc_s.a(lib_a-sbrkr.o)
 .ARM.attributes
                0x00000a14       0x30 c:/program files (x86)/gnu tools arm embedded/4.7 2013q3/bin/../lib/gcc/arm-none-eabi/4.7.4/../../../../arm-none-eabi/lib\libc_s.a(lib_a-stdio.o)
 .ARM.attributes
                0x00000a44       0x30 c:/program files (x86)/gnu tools arm embedded/4.7 2013q3/bin/../lib/gcc/arm-none-eabi/4.7.4/../../../../arm-none-eabi/lib\libc_s.a(lib_a-strlen.o)
 .ARM.attributes
                0x00000a74       0x30 c:/program files (x86)/gnu tools arm embedded/4.7 2013q3/bin/../lib/gcc/arm-none-eabi/4.7.4/../../../../arm-none-eabi/lib\libc_s.a(lib_a-writer.o)
 .ARM.attributes
                0x00000aa4       0x30 c:/program files (x86)/gnu tools arm embedded/4.7 2013q3/bin/../lib/gcc/arm-none-eabi/4.7.4/../../../../arm-none-eabi/lib\libc_s.a(lib_a-closer.o)
 .ARM.attributes
                0x00000ad4       0x30 c:/program files (x86)/gnu tools arm embedded/4.7 2013q3/bin/../lib/gcc/arm-none-eabi/4.7.4/../../../../arm-none-eabi/lib\libc_s.a(lib_a-fstatr.o)
 .ARM.attributes
                0x00000b04       0x30 c:/program files (x86)/gnu tools arm embedded/4.7 2013q3/bin/../lib/gcc/arm-none-eabi/4.7.4/../../../../arm-none-eabi/lib\libc_s.a(lib_a-isattyr.o)
 .ARM.attributes
                0x00000b34       0x30 c:/program files (x86)/gnu tools arm embedded/4.7 2013q3/bin/../lib/gcc/arm-none-eabi/4.7.4/../../../../arm-none-eabi/lib\libc_s.a(lib_a-lseekr.o)
 .ARM.attributes
                0x00000b64       0x30 c:/program files (x86)/gnu tools arm embedded/4.7 2013q3/bin/../lib/gcc/arm-none-eabi/4.7.4/../../../../arm-none-eabi/lib\libc_s.a(lib_a-readr.o)
 .ARM.attributes
                0x00000b94       0x18 c:/program files (x86)/gnu tools arm embedded/4.7 2013q3/bin/../lib/gcc/arm-none-eabi/4.7.4/crtn.o

.comment        0x00000000       0x70
 .comment       0x00000000       0x70 ./build/sam9x60-ek/ddram/target/common/bootstrap.o
                                 0x71 (size before relaxing)
 .comment       0x00000000       0x71 ./build/sam9x60-ek/ddram/arch/arch.a(fault_handlers.o)
 .comment       0x00000000       0x71 ./build/sam9x60-ek/ddram/utils/utils.a(syscalls.o)
 .comment       0x00000000       0x71 ./build/sam9x60-ek/ddram/target/target.a(board_console.o)
 .comment       0x00000000       0x71 ./build/sam9x60-ek/ddram/target/target.a(board_support.o)
 .comment       0x00000000       0x71 ./build/sam9x60-ek/ddram/target/target.a(board_timer.o)
 .comment       0x00000000       0x71 ./build/sam9x60-ek/ddram/target/target.a(chip_common.o)
 .comment       0x00000000       0x71 ./build/sam9x60-ek/ddram/drivers/drivers.a(ddram.o)
 .comment       0x00000000       0x71 ./build/sam9x60-ek/ddram/drivers/drivers.a(mpddrc.o)
 .comment       0x00000000       0x71 ./build/sam9x60-ek/ddram/drivers/drivers.a(pio3.o)
 .comment       0x00000000       0x71 ./build/sam9x60-ek/ddram/drivers/drivers.a(irq.o)
 .comment       0x00000000       0x71 ./build/sam9x60-ek/ddram/drivers/drivers.a(matrix.o)
 .comment       0x00000000       0x71 ./build/sam9x60-ek/ddram/drivers/drivers.a(pmc.o)
 .comment       0x00000000       0x71 ./build/sam9x60-ek/ddram/drivers/drivers.a(slowclock_sckc.o)
 .comment       0x00000000       0x71 ./build/sam9x60-ek/ddram/drivers/drivers.a(wdt.o)
 .comment       0x00000000       0x71 ./build/sam9x60-ek/ddram/drivers/drivers.a(console.o)
 .comment       0x00000000       0x71 ./build/sam9x60-ek/ddram/drivers/drivers.a(seriald.o)
 .comment       0x00000000       0x71 ./build/sam9x60-ek/ddram/drivers/drivers.a(dbgu.o)
 .comment       0x00000000       0x71 ./build/sam9x60-ek/ddram/drivers/drivers.a(aic5.o)
 .comment       0x00000000       0x71 ./build/sam9x60-ek/ddram/drivers/drivers.a(cache.o)
 .comment       0x00000000       0x71 ./build/sam9x60-ek/ddram/arch/arch.a(l1cache_cp15.o)
 .comment       0x00000000       0x71 ./build/sam9x60-ek/ddram/arch/arch.a(mmu_cp15.o)
 .comment       0x00000000       0x71 ./build/sam9x60-ek/ddram/utils/utils.a(trace.o)
 .comment       0x00000000       0x71 ./build/sam9x60-ek/ddram/utils/utils.a(timer.o)
 .comment       0x00000000       0x71 ./build/sam9x60-ek/ddram/target/target.a(chip.o)
 .comment       0x00000000       0x71 ./build/sam9x60-ek/ddram/drivers/drivers.a(tc.o)

.debug_frame    0x00000000     0x2050
 .debug_frame   0x00000000       0x2c c:/program files (x86)/gnu tools arm embedded/4.7 2013q3/bin/../lib/gcc/arm-none-eabi/4.7.4/../../../../arm-none-eabi/lib\libc_s.a(lib_a-init.o)
 .debug_frame   0x0000002c       0x20 c:/program files (x86)/gnu tools arm embedded/4.7 2013q3/bin/../lib/gcc/arm-none-eabi/4.7.4/../../../../arm-none-eabi/lib\libc_s.a(lib_a-memset.o)
 .debug_frame   0x0000004c       0x40 ./build/sam9x60-ek/ddram/target/common/bootstrap.o
 .debug_frame   0x0000008c       0x50 ./build/sam9x60-ek/ddram/arch/arch.a(fault_handlers.o)
 .debug_frame   0x000000dc       0xd4 ./build/sam9x60-ek/ddram/utils/utils.a(syscalls.o)
 .debug_frame   0x000001b0       0x2c ./build/sam9x60-ek/ddram/target/target.a(board_console.o)
 .debug_frame   0x000001dc      0x154 ./build/sam9x60-ek/ddram/target/target.a(board_support.o)
 .debug_frame   0x00000330       0x20 ./build/sam9x60-ek/ddram/target/target.a(board_timer.o)
 .debug_frame   0x00000350      0x120 ./build/sam9x60-ek/ddram/target/target.a(chip_common.o)
 .debug_frame   0x00000470       0x60 ./build/sam9x60-ek/ddram/drivers/drivers.a(ddram.o)
 .debug_frame   0x000004d0       0x7c ./build/sam9x60-ek/ddram/drivers/drivers.a(mpddrc.o)
 .debug_frame   0x0000054c      0x1f8 ./build/sam9x60-ek/ddram/drivers/drivers.a(pio3.o)
 .debug_frame   0x00000744       0xa8 ./build/sam9x60-ek/ddram/drivers/drivers.a(irq.o)
 .debug_frame   0x000007ec       0x98 ./build/sam9x60-ek/ddram/drivers/drivers.a(matrix.o)
 .debug_frame   0x00000884      0x54c ./build/sam9x60-ek/ddram/drivers/drivers.a(pmc.o)
 .debug_frame   0x00000dd0       0x68 ./build/sam9x60-ek/ddram/drivers/drivers.a(slowclock_sckc.o)
 .debug_frame   0x00000e38       0x8c ./build/sam9x60-ek/ddram/drivers/drivers.a(wdt.o)
 .debug_frame   0x00000ec4      0x19c ./build/sam9x60-ek/ddram/drivers/drivers.a(console.o)
 .debug_frame   0x00001060      0x100 ./build/sam9x60-ek/ddram/drivers/drivers.a(seriald.o)
 .debug_frame   0x00001160       0x8c ./build/sam9x60-ek/ddram/drivers/drivers.a(dbgu.o)
 .debug_frame   0x000011ec       0xd8 ./build/sam9x60-ek/ddram/drivers/drivers.a(aic5.o)
 .debug_frame   0x000012c4       0x48 ./build/sam9x60-ek/ddram/drivers/drivers.a(cache.o)
 .debug_frame   0x0000130c      0x128 ./build/sam9x60-ek/ddram/arch/arch.a(l1cache_cp15.o)
 .debug_frame   0x00001434       0x60 ./build/sam9x60-ek/ddram/arch/arch.a(mmu_cp15.o)
 .debug_frame   0x00001494      0x144 ./build/sam9x60-ek/ddram/utils/utils.a(timer.o)
 .debug_frame   0x000015d8       0x98 ./build/sam9x60-ek/ddram/target/target.a(chip.o)
 .debug_frame   0x00001670      0x144 ./build/sam9x60-ek/ddram/drivers/drivers.a(tc.o)
 .debug_frame   0x000017b4       0x20 c:/program files (x86)/gnu tools arm embedded/4.7 2013q3/bin/../lib/gcc/arm-none-eabi/4.7.4\libgcc.a(_udivsi3.o)
 .debug_frame   0x000017d4       0x20 c:/program files (x86)/gnu tools arm embedded/4.7 2013q3/bin/../lib/gcc/arm-none-eabi/4.7.4\libgcc.a(_divsi3.o)
 .debug_frame   0x000017f4       0x28 c:/program files (x86)/gnu tools arm embedded/4.7 2013q3/bin/../lib/gcc/arm-none-eabi/4.7.4/../../../../arm-none-eabi/lib\libc_s.a(lib_a-abort.o)
 .debug_frame   0x0000181c       0x48 c:/program files (x86)/gnu tools arm embedded/4.7 2013q3/bin/../lib/gcc/arm-none-eabi/4.7.4/../../../../arm-none-eabi/lib\libc_s.a(lib_a-assert.o)
 .debug_frame   0x00001864       0x58 c:/program files (x86)/gnu tools arm embedded/4.7 2013q3/bin/../lib/gcc/arm-none-eabi/4.7.4/../../../../arm-none-eabi/lib\libc_s.a(lib_a-fprintf.o)
 .debug_frame   0x000018bc       0x60 c:/program files (x86)/gnu tools arm embedded/4.7 2013q3/bin/../lib/gcc/arm-none-eabi/4.7.4/../../../../arm-none-eabi/lib\libc_s.a(lib_a-printf.o)
 .debug_frame   0x0000191c       0x34 c:/program files (x86)/gnu tools arm embedded/4.7 2013q3/bin/../lib/gcc/arm-none-eabi/4.7.4/../../../../arm-none-eabi/lib\libc_s.a(lib_a-setvbuf.o)
 .debug_frame   0x00001950       0xc0 c:/program files (x86)/gnu tools arm embedded/4.7 2013q3/bin/../lib/gcc/arm-none-eabi/4.7.4/../../../../arm-none-eabi/lib\libc_s.a(lib_a-signal.o)
 .debug_frame   0x00001a10       0x44 c:/program files (x86)/gnu tools arm embedded/4.7 2013q3/bin/../lib/gcc/arm-none-eabi/4.7.4/../../../../arm-none-eabi/lib\libc_s.a(lib_a-signalr.o)
 .debug_frame   0x00001a54       0x8c c:/program files (x86)/gnu tools arm embedded/4.7 2013q3/bin/../lib/gcc/arm-none-eabi/4.7.4/../../../../arm-none-eabi/lib\libc_s.a(lib_a-vfprintf.o)
 .debug_frame   0x00001ae0       0x5c c:/program files (x86)/gnu tools arm embedded/4.7 2013q3/bin/../lib/gcc/arm-none-eabi/4.7.4/../../../../arm-none-eabi/lib\libc_s.a(lib_a-vfprintf_i.o)
 .debug_frame   0x00001b3c       0x3c c:/program files (x86)/gnu tools arm embedded/4.7 2013q3/bin/../lib/gcc/arm-none-eabi/4.7.4/../../../../arm-none-eabi/lib\libc_s.a(lib_a-wbuf.o)
 .debug_frame   0x00001b78       0x2c c:/program files (x86)/gnu tools arm embedded/4.7 2013q3/bin/../lib/gcc/arm-none-eabi/4.7.4/../../../../arm-none-eabi/lib\libc_s.a(lib_a-wsetup.o)
 .debug_frame   0x00001ba4       0x48 c:/program files (x86)/gnu tools arm embedded/4.7 2013q3/bin/../lib/gcc/arm-none-eabi/4.7.4/../../../../arm-none-eabi/lib\libc_s.a(lib_a-fflush.o)
 .debug_frame   0x00001bec      0x140 c:/program files (x86)/gnu tools arm embedded/4.7 2013q3/bin/../lib/gcc/arm-none-eabi/4.7.4/../../../../arm-none-eabi/lib\libc_s.a(lib_a-findfp.o)
 .debug_frame   0x00001d2c       0x28 c:/program files (x86)/gnu tools arm embedded/4.7 2013q3/bin/../lib/gcc/arm-none-eabi/4.7.4/../../../../arm-none-eabi/lib\libc_s.a(lib_a-freer.o)
 .debug_frame   0x00001d54       0x30 c:/program files (x86)/gnu tools arm embedded/4.7 2013q3/bin/../lib/gcc/arm-none-eabi/4.7.4/../../../../arm-none-eabi/lib\libc_s.a(lib_a-makebuf.o)
 .debug_frame   0x00001d84       0x40 c:/program files (x86)/gnu tools arm embedded/4.7 2013q3/bin/../lib/gcc/arm-none-eabi/4.7.4/../../../../arm-none-eabi/lib\libc_s.a(lib_a-malloc.o)
 .debug_frame   0x00001dc4       0x2c c:/program files (x86)/gnu tools arm embedded/4.7 2013q3/bin/../lib/gcc/arm-none-eabi/4.7.4/../../../../arm-none-eabi/lib\libc_s.a(lib_a-mallocr.o)
 .debug_frame   0x00001df0       0x20 c:/program files (x86)/gnu tools arm embedded/4.7 2013q3/bin/../lib/gcc/arm-none-eabi/4.7.4/../../../../arm-none-eabi/lib\libc_s.a(lib_a-memchr.o)
 .debug_frame   0x00001e10       0x64 c:/program files (x86)/gnu tools arm embedded/4.7 2013q3/bin/../lib/gcc/arm-none-eabi/4.7.4/../../../../arm-none-eabi/lib\libc_s.a(lib_a-reent.o)
 .debug_frame   0x00001e74       0x2c c:/program files (x86)/gnu tools arm embedded/4.7 2013q3/bin/../lib/gcc/arm-none-eabi/4.7.4/../../../../arm-none-eabi/lib\libc_s.a(lib_a-sbrkr.o)
 .debug_frame   0x00001ea0       0x88 c:/program files (x86)/gnu tools arm embedded/4.7 2013q3/bin/../lib/gcc/arm-none-eabi/4.7.4/../../../../arm-none-eabi/lib\libc_s.a(lib_a-stdio.o)
 .debug_frame   0x00001f28       0x20 c:/program files (x86)/gnu tools arm embedded/4.7 2013q3/bin/../lib/gcc/arm-none-eabi/4.7.4/../../../../arm-none-eabi/lib\libc_s.a(lib_a-strlen.o)
 .debug_frame   0x00001f48       0x2c c:/program files (x86)/gnu tools arm embedded/4.7 2013q3/bin/../lib/gcc/arm-none-eabi/4.7.4/../../../../arm-none-eabi/lib\libc_s.a(lib_a-writer.o)
 .debug_frame   0x00001f74       0x2c c:/program files (x86)/gnu tools arm embedded/4.7 2013q3/bin/../lib/gcc/arm-none-eabi/4.7.4/../../../../arm-none-eabi/lib\libc_s.a(lib_a-closer.o)
 .debug_frame   0x00001fa0       0x2c c:/program files (x86)/gnu tools arm embedded/4.7 2013q3/bin/../lib/gcc/arm-none-eabi/4.7.4/../../../../arm-none-eabi/lib\libc_s.a(lib_a-fstatr.o)
 .debug_frame   0x00001fcc       0x2c c:/program files (x86)/gnu tools arm embedded/4.7 2013q3/bin/../lib/gcc/arm-none-eabi/4.7.4/../../../../arm-none-eabi/lib\libc_s.a(lib_a-isattyr.o)
 .debug_frame   0x00001ff8       0x2c c:/program files (x86)/gnu tools arm embedded/4.7 2013q3/bin/../lib/gcc/arm-none-eabi/4.7.4/../../../../arm-none-eabi/lib\libc_s.a(lib_a-lseekr.o)
 .debug_frame   0x00002024       0x2c c:/program files (x86)/gnu tools arm embedded/4.7 2013q3/bin/../lib/gcc/arm-none-eabi/4.7.4/../../../../arm-none-eabi/lib\libc_s.a(lib_a-readr.o)

.debug_info     0x00000000     0xe64c
 .debug_info    0x00000000      0x1d0 ./build/sam9x60-ek/ddram/target/common/bootstrap.o
 .debug_info    0x000001d0       0x94 ./build/sam9x60-ek/ddram/target/sam9x60/toolchain/gnu/cstartup.o
 .debug_info    0x00000264       0xd6 ./build/sam9x60-ek/ddram/arch/arch.a(fault_handlers.o)
 .debug_info    0x0000033a      0xe11 ./build/sam9x60-ek/ddram/utils/utils.a(syscalls.o)
 .debug_info    0x0000114b      0x36f ./build/sam9x60-ek/ddram/target/target.a(board_console.o)
 .debug_info    0x000014ba     0x13e1 ./build/sam9x60-ek/ddram/target/target.a(board_support.o)
 .debug_info    0x0000289b      0x2d6 ./build/sam9x60-ek/ddram/target/target.a(board_timer.o)
 .debug_info    0x00002b71     0x17cd ./build/sam9x60-ek/ddram/target/target.a(chip_common.o)
 .debug_info    0x0000433e      0x4c2 ./build/sam9x60-ek/ddram/drivers/drivers.a(ddram.o)
 .debug_info    0x00004800      0xb89 ./build/sam9x60-ek/ddram/drivers/drivers.a(mpddrc.o)
 .debug_info    0x00005389     0x1189 ./build/sam9x60-ek/ddram/drivers/drivers.a(pio3.o)
 .debug_info    0x00006512      0x552 ./build/sam9x60-ek/ddram/drivers/drivers.a(irq.o)
 .debug_info    0x00006a64      0x4ee ./build/sam9x60-ek/ddram/drivers/drivers.a(matrix.o)
 .debug_info    0x00006f52     0x20f3 ./build/sam9x60-ek/ddram/drivers/drivers.a(pmc.o)
 .debug_info    0x00009045      0x226 ./build/sam9x60-ek/ddram/drivers/drivers.a(slowclock_sckc.o)
 .debug_info    0x0000926b      0x295 ./build/sam9x60-ek/ddram/drivers/drivers.a(wdt.o)
 .debug_info    0x00009500      0xbd5 ./build/sam9x60-ek/ddram/drivers/drivers.a(console.o)
 .debug_info    0x0000a0d5      0x8d7 ./build/sam9x60-ek/ddram/drivers/drivers.a(seriald.o)
 .debug_info    0x0000a9ac      0x445 ./build/sam9x60-ek/ddram/drivers/drivers.a(dbgu.o)
 .debug_info    0x0000adf1      0x6ad ./build/sam9x60-ek/ddram/drivers/drivers.a(aic5.o)
 .debug_info    0x0000b49e      0x1c6 ./build/sam9x60-ek/ddram/drivers/drivers.a(cache.o)
 .debug_info    0x0000b664      0x93d ./build/sam9x60-ek/ddram/arch/arch.a(l1cache_cp15.o)
 .debug_info    0x0000bfa1      0x34d ./build/sam9x60-ek/ddram/arch/arch.a(mmu_cp15.o)
 .debug_info    0x0000c2ee       0x93 ./build/sam9x60-ek/ddram/utils/utils.a(trace.o)
 .debug_info    0x0000c381      0xa06 ./build/sam9x60-ek/ddram/utils/utils.a(timer.o)
 .debug_info    0x0000cd87      0xdc7 ./build/sam9x60-ek/ddram/target/target.a(chip.o)
 .debug_info    0x0000db4e      0xafe ./build/sam9x60-ek/ddram/drivers/drivers.a(tc.o)

.debug_abbrev   0x00000000     0x35c5
 .debug_abbrev  0x00000000      0x12f ./build/sam9x60-ek/ddram/target/common/bootstrap.o
 .debug_abbrev  0x0000012f       0x12 ./build/sam9x60-ek/ddram/target/sam9x60/toolchain/gnu/cstartup.o
 .debug_abbrev  0x00000141       0x47 ./build/sam9x60-ek/ddram/arch/arch.a(fault_handlers.o)
 .debug_abbrev  0x00000188      0x2d5 ./build/sam9x60-ek/ddram/utils/utils.a(syscalls.o)
 .debug_abbrev  0x0000045d      0x120 ./build/sam9x60-ek/ddram/target/target.a(board_console.o)
 .debug_abbrev  0x0000057d      0x36a ./build/sam9x60-ek/ddram/target/target.a(board_support.o)
 .debug_abbrev  0x000008e7       0xdc ./build/sam9x60-ek/ddram/target/target.a(board_timer.o)
 .debug_abbrev  0x000009c3      0x11e ./build/sam9x60-ek/ddram/target/target.a(chip_common.o)
 .debug_abbrev  0x00000ae1      0x230 ./build/sam9x60-ek/ddram/drivers/drivers.a(ddram.o)
 .debug_abbrev  0x00000d11      0x353 ./build/sam9x60-ek/ddram/drivers/drivers.a(mpddrc.o)
 .debug_abbrev  0x00001064      0x3b5 ./build/sam9x60-ek/ddram/drivers/drivers.a(pio3.o)
 .debug_abbrev  0x00001419      0x271 ./build/sam9x60-ek/ddram/drivers/drivers.a(irq.o)
 .debug_abbrev  0x0000168a      0x180 ./build/sam9x60-ek/ddram/drivers/drivers.a(matrix.o)
 .debug_abbrev  0x0000180a      0x4ed ./build/sam9x60-ek/ddram/drivers/drivers.a(pmc.o)
 .debug_abbrev  0x00001cf7      0x147 ./build/sam9x60-ek/ddram/drivers/drivers.a(slowclock_sckc.o)
 .debug_abbrev  0x00001e3e      0x157 ./build/sam9x60-ek/ddram/drivers/drivers.a(wdt.o)
 .debug_abbrev  0x00001f95      0x263 ./build/sam9x60-ek/ddram/drivers/drivers.a(console.o)
 .debug_abbrev  0x000021f8      0x2c2 ./build/sam9x60-ek/ddram/drivers/drivers.a(seriald.o)
 .debug_abbrev  0x000024ba      0x15c ./build/sam9x60-ek/ddram/drivers/drivers.a(dbgu.o)
 .debug_abbrev  0x00002616      0x25f ./build/sam9x60-ek/ddram/drivers/drivers.a(aic5.o)
 .debug_abbrev  0x00002875       0xec ./build/sam9x60-ek/ddram/drivers/drivers.a(cache.o)
 .debug_abbrev  0x00002961      0x245 ./build/sam9x60-ek/ddram/arch/arch.a(l1cache_cp15.o)
 .debug_abbrev  0x00002ba6      0x1db ./build/sam9x60-ek/ddram/arch/arch.a(mmu_cp15.o)
 .debug_abbrev  0x00002d81       0x47 ./build/sam9x60-ek/ddram/utils/utils.a(trace.o)
 .debug_abbrev  0x00002dc8      0x32e ./build/sam9x60-ek/ddram/utils/utils.a(timer.o)
 .debug_abbrev  0x000030f6      0x284 ./build/sam9x60-ek/ddram/target/target.a(chip.o)
 .debug_abbrev  0x0000337a      0x24b ./build/sam9x60-ek/ddram/drivers/drivers.a(tc.o)

.debug_loc      0x00000000     0x58b4
 .debug_loc     0x00000000       0x72 ./build/sam9x60-ek/ddram/target/common/bootstrap.o
 .debug_loc     0x00000072      0x1ed ./build/sam9x60-ek/ddram/utils/utils.a(syscalls.o)
 .debug_loc     0x0000025f       0x4a ./build/sam9x60-ek/ddram/target/target.a(board_console.o)
 .debug_loc     0x000002a9      0x44b ./build/sam9x60-ek/ddram/target/target.a(board_support.o)
 .debug_loc     0x000006f4      0x8a3 ./build/sam9x60-ek/ddram/target/target.a(chip_common.o)
 .debug_loc     0x00000f97      0x12b ./build/sam9x60-ek/ddram/drivers/drivers.a(ddram.o)
 .debug_loc     0x000010c2      0x1f5 ./build/sam9x60-ek/ddram/drivers/drivers.a(mpddrc.o)
 .debug_loc     0x000012b7      0x823 ./build/sam9x60-ek/ddram/drivers/drivers.a(pio3.o)
 .debug_loc     0x00001ada      0x23c ./build/sam9x60-ek/ddram/drivers/drivers.a(irq.o)
 .debug_loc     0x00001d16       0x9f ./build/sam9x60-ek/ddram/drivers/drivers.a(matrix.o)
 .debug_loc     0x00001db5     0x17c3 ./build/sam9x60-ek/ddram/drivers/drivers.a(pmc.o)
 .debug_loc     0x00003578      0x118 ./build/sam9x60-ek/ddram/drivers/drivers.a(slowclock_sckc.o)
 .debug_loc     0x00003690      0x132 ./build/sam9x60-ek/ddram/drivers/drivers.a(wdt.o)
 .debug_loc     0x000037c2      0x51b ./build/sam9x60-ek/ddram/drivers/drivers.a(console.o)
 .debug_loc     0x00003cdd      0x39b ./build/sam9x60-ek/ddram/drivers/drivers.a(seriald.o)
 .debug_loc     0x00004078      0x12b ./build/sam9x60-ek/ddram/drivers/drivers.a(dbgu.o)
 .debug_loc     0x000041a3      0x27e ./build/sam9x60-ek/ddram/drivers/drivers.a(aic5.o)
 .debug_loc     0x00004421      0x144 ./build/sam9x60-ek/ddram/drivers/drivers.a(cache.o)
 .debug_loc     0x00004565      0x34d ./build/sam9x60-ek/ddram/arch/arch.a(l1cache_cp15.o)
 .debug_loc     0x000048b2       0x97 ./build/sam9x60-ek/ddram/arch/arch.a(mmu_cp15.o)
 .debug_loc     0x00004949      0x3b5 ./build/sam9x60-ek/ddram/utils/utils.a(timer.o)
 .debug_loc     0x00004cfe      0x20b ./build/sam9x60-ek/ddram/target/target.a(chip.o)
 .debug_loc     0x00004f09      0x9ab ./build/sam9x60-ek/ddram/drivers/drivers.a(tc.o)

.debug_aranges  0x00000000      0xad8
 .debug_aranges
                0x00000000       0x28 ./build/sam9x60-ek/ddram/target/common/bootstrap.o
 .debug_aranges
                0x00000028       0x30 ./build/sam9x60-ek/ddram/target/sam9x60/toolchain/gnu/cstartup.o
 .debug_aranges
                0x00000058       0x38 ./build/sam9x60-ek/ddram/arch/arch.a(fault_handlers.o)
 .debug_aranges
                0x00000090       0x70 ./build/sam9x60-ek/ddram/utils/utils.a(syscalls.o)
 .debug_aranges
                0x00000100       0x20 ./build/sam9x60-ek/ddram/target/target.a(board_console.o)
 .debug_aranges
                0x00000120       0x88 ./build/sam9x60-ek/ddram/target/target.a(board_support.o)
 .debug_aranges
                0x000001a8       0x20 ./build/sam9x60-ek/ddram/target/target.a(board_timer.o)
 .debug_aranges
                0x000001c8       0xa0 ./build/sam9x60-ek/ddram/target/target.a(chip_common.o)
 .debug_aranges
                0x00000268       0x30 ./build/sam9x60-ek/ddram/drivers/drivers.a(ddram.o)
 .debug_aranges
                0x00000298       0x48 ./build/sam9x60-ek/ddram/drivers/drivers.a(mpddrc.o)
 .debug_aranges
                0x000002e0       0xb0 ./build/sam9x60-ek/ddram/drivers/drivers.a(pio3.o)
 .debug_aranges
                0x00000390       0x58 ./build/sam9x60-ek/ddram/drivers/drivers.a(irq.o)
 .debug_aranges
                0x000003e8       0x50 ./build/sam9x60-ek/ddram/drivers/drivers.a(matrix.o)
 .debug_aranges
                0x00000438      0x1e8 ./build/sam9x60-ek/ddram/drivers/drivers.a(pmc.o)
 .debug_aranges
                0x00000620       0x40 ./build/sam9x60-ek/ddram/drivers/drivers.a(slowclock_sckc.o)
 .debug_aranges
                0x00000660       0x48 ./build/sam9x60-ek/ddram/drivers/drivers.a(wdt.o)
 .debug_aranges
                0x000006a8       0xa8 ./build/sam9x60-ek/ddram/drivers/drivers.a(console.o)
 .debug_aranges
                0x00000750       0x68 ./build/sam9x60-ek/ddram/drivers/drivers.a(seriald.o)
 .debug_aranges
                0x000007b8       0x50 ./build/sam9x60-ek/ddram/drivers/drivers.a(dbgu.o)
 .debug_aranges
                0x00000808       0x78 ./build/sam9x60-ek/ddram/drivers/drivers.a(aic5.o)
 .debug_aranges
                0x00000880       0x28 ./build/sam9x60-ek/ddram/drivers/drivers.a(cache.o)
 .debug_aranges
                0x000008a8       0x90 ./build/sam9x60-ek/ddram/arch/arch.a(l1cache_cp15.o)
 .debug_aranges
                0x00000938       0x38 ./build/sam9x60-ek/ddram/arch/arch.a(mmu_cp15.o)
 .debug_aranges
                0x00000970       0x18 ./build/sam9x60-ek/ddram/utils/utils.a(trace.o)
 .debug_aranges
                0x00000988       0x80 ./build/sam9x60-ek/ddram/utils/utils.a(timer.o)
 .debug_aranges
                0x00000a08       0x58 ./build/sam9x60-ek/ddram/target/target.a(chip.o)
 .debug_aranges
                0x00000a60       0x78 ./build/sam9x60-ek/ddram/drivers/drivers.a(tc.o)

.debug_ranges   0x00000000      0xb78
 .debug_ranges  0x00000000       0x18 ./build/sam9x60-ek/ddram/target/common/bootstrap.o
 .debug_ranges  0x00000018       0x28 ./build/sam9x60-ek/ddram/target/sam9x60/toolchain/gnu/cstartup.o
 .debug_ranges  0x00000040       0x28 ./build/sam9x60-ek/ddram/arch/arch.a(fault_handlers.o)
 .debug_ranges  0x00000068       0x60 ./build/sam9x60-ek/ddram/utils/utils.a(syscalls.o)
 .debug_ranges  0x000000c8       0x10 ./build/sam9x60-ek/ddram/target/target.a(board_console.o)
 .debug_ranges  0x000000d8       0x90 ./build/sam9x60-ek/ddram/target/target.a(board_support.o)
 .debug_ranges  0x00000168       0x10 ./build/sam9x60-ek/ddram/target/target.a(board_timer.o)
 .debug_ranges  0x00000178       0x90 ./build/sam9x60-ek/ddram/target/target.a(chip_common.o)
 .debug_ranges  0x00000208       0x20 ./build/sam9x60-ek/ddram/drivers/drivers.a(ddram.o)
 .debug_ranges  0x00000228       0x68 ./build/sam9x60-ek/ddram/drivers/drivers.a(mpddrc.o)
 .debug_ranges  0x00000290      0x160 ./build/sam9x60-ek/ddram/drivers/drivers.a(pio3.o)
 .debug_ranges  0x000003f0       0xa8 ./build/sam9x60-ek/ddram/drivers/drivers.a(irq.o)
 .debug_ranges  0x00000498       0x40 ./build/sam9x60-ek/ddram/drivers/drivers.a(matrix.o)
 .debug_ranges  0x000004d8      0x1f0 ./build/sam9x60-ek/ddram/drivers/drivers.a(pmc.o)
 .debug_ranges  0x000006c8       0x30 ./build/sam9x60-ek/ddram/drivers/drivers.a(slowclock_sckc.o)
 .debug_ranges  0x000006f8       0x38 ./build/sam9x60-ek/ddram/drivers/drivers.a(wdt.o)
 .debug_ranges  0x00000730       0x98 ./build/sam9x60-ek/ddram/drivers/drivers.a(console.o)
 .debug_ranges  0x000007c8       0x58 ./build/sam9x60-ek/ddram/drivers/drivers.a(seriald.o)
 .debug_ranges  0x00000820       0x40 ./build/sam9x60-ek/ddram/drivers/drivers.a(dbgu.o)
 .debug_ranges  0x00000860       0x68 ./build/sam9x60-ek/ddram/drivers/drivers.a(aic5.o)
 .debug_ranges  0x000008c8       0x18 ./build/sam9x60-ek/ddram/drivers/drivers.a(cache.o)
 .debug_ranges  0x000008e0       0x80 ./build/sam9x60-ek/ddram/arch/arch.a(l1cache_cp15.o)
 .debug_ranges  0x00000960       0x28 ./build/sam9x60-ek/ddram/arch/arch.a(mmu_cp15.o)
 .debug_ranges  0x00000988       0xa0 ./build/sam9x60-ek/ddram/utils/utils.a(timer.o)
 .debug_ranges  0x00000a28       0xe8 ./build/sam9x60-ek/ddram/target/target.a(chip.o)
 .debug_ranges  0x00000b10       0x68 ./build/sam9x60-ek/ddram/drivers/drivers.a(tc.o)

.debug_macro    0x00000000    0x23973
 .debug_macro   0x00000000      0x62c ./build/sam9x60-ek/ddram/target/common/bootstrap.o
 .debug_macro   0x0000062c      0x8e0 ./build/sam9x60-ek/ddram/target/common/bootstrap.o
 .debug_macro   0x00000f0c       0x3a ./build/sam9x60-ek/ddram/target/common/bootstrap.o
 .debug_macro   0x00000f46       0x10 ./build/sam9x60-ek/ddram/target/common/bootstrap.o
 .debug_macro   0x00000f56       0x2e ./build/sam9x60-ek/ddram/target/common/bootstrap.o
 .debug_macro   0x00000f84       0xa3 ./build/sam9x60-ek/ddram/target/common/bootstrap.o
 .debug_macro   0x00001027      0x20e ./build/sam9x60-ek/ddram/target/common/bootstrap.o
 .debug_macro   0x00001235       0x22 ./build/sam9x60-ek/ddram/target/common/bootstrap.o
 .debug_macro   0x00001257       0xac ./build/sam9x60-ek/ddram/target/common/bootstrap.o
 .debug_macro   0x00001303       0x1c ./build/sam9x60-ek/ddram/target/common/bootstrap.o
 .debug_macro   0x0000131f      0xb0d ./build/sam9x60-ek/ddram/target/common/bootstrap.o
 .debug_macro   0x00001e2c      0x449 ./build/sam9x60-ek/ddram/target/common/bootstrap.o
 .debug_macro   0x00002275      0x4b3 ./build/sam9x60-ek/ddram/target/common/bootstrap.o
 .debug_macro   0x00002728       0x34 ./build/sam9x60-ek/ddram/target/common/bootstrap.o
 .debug_macro   0x0000275c      0x56f ./build/sam9x60-ek/ddram/target/common/bootstrap.o
 .debug_macro   0x00002ccb      0x211 ./build/sam9x60-ek/ddram/target/common/bootstrap.o
 .debug_macro   0x00002edc      0x243 ./build/sam9x60-ek/ddram/target/common/bootstrap.o
 .debug_macro   0x0000311f      0x62a ./build/sam9x60-ek/ddram/target/common/bootstrap.o
 .debug_macro   0x00003749     0x1940 ./build/sam9x60-ek/ddram/target/common/bootstrap.o
 .debug_macro   0x00005089      0x26b ./build/sam9x60-ek/ddram/target/common/bootstrap.o
 .debug_macro   0x000052f4       0xe2 ./build/sam9x60-ek/ddram/target/common/bootstrap.o
 .debug_macro   0x000053d6      0x589 ./build/sam9x60-ek/ddram/target/common/bootstrap.o
 .debug_macro   0x0000595f      0x4c7 ./build/sam9x60-ek/ddram/target/common/bootstrap.o
 .debug_macro   0x00005e26     0x1ca4 ./build/sam9x60-ek/ddram/target/common/bootstrap.o
 .debug_macro   0x00007aca      0x475 ./build/sam9x60-ek/ddram/target/common/bootstrap.o
 .debug_macro   0x00007f3f      0xc6e ./build/sam9x60-ek/ddram/target/common/bootstrap.o
 .debug_macro   0x00008bad      0x4e6 ./build/sam9x60-ek/ddram/target/common/bootstrap.o
 .debug_macro   0x00009093     0x2b22 ./build/sam9x60-ek/ddram/target/common/bootstrap.o
 .debug_macro   0x0000bbb5       0x5e ./build/sam9x60-ek/ddram/target/common/bootstrap.o
 .debug_macro   0x0000bc13      0x148 ./build/sam9x60-ek/ddram/target/common/bootstrap.o
 .debug_macro   0x0000bd5b      0x7ee ./build/sam9x60-ek/ddram/target/common/bootstrap.o
 .debug_macro   0x0000c549      0x140 ./build/sam9x60-ek/ddram/target/common/bootstrap.o
 .debug_macro   0x0000c689      0x262 ./build/sam9x60-ek/ddram/target/common/bootstrap.o
 .debug_macro   0x0000c8eb      0x276 ./build/sam9x60-ek/ddram/target/common/bootstrap.o
 .debug_macro   0x0000cb61      0x3e3 ./build/sam9x60-ek/ddram/target/common/bootstrap.o
 .debug_macro   0x0000cf44       0xb8 ./build/sam9x60-ek/ddram/target/common/bootstrap.o
 .debug_macro   0x0000cffc      0x7bd ./build/sam9x60-ek/ddram/target/common/bootstrap.o
 .debug_macro   0x0000d7b9       0xbe ./build/sam9x60-ek/ddram/target/common/bootstrap.o
 .debug_macro   0x0000d877       0x28 ./build/sam9x60-ek/ddram/target/common/bootstrap.o
 .debug_macro   0x0000d89f      0xac8 ./build/sam9x60-ek/ddram/target/common/bootstrap.o
 .debug_macro   0x0000e367      0x384 ./build/sam9x60-ek/ddram/target/common/bootstrap.o
 .debug_macro   0x0000e6eb      0x282 ./build/sam9x60-ek/ddram/target/common/bootstrap.o
 .debug_macro   0x0000e96d      0x2ea ./build/sam9x60-ek/ddram/target/common/bootstrap.o
 .debug_macro   0x0000ec57       0xbe ./build/sam9x60-ek/ddram/target/common/bootstrap.o
 .debug_macro   0x0000ed15      0x25d ./build/sam9x60-ek/ddram/target/common/bootstrap.o
 .debug_macro   0x0000ef72      0x516 ./build/sam9x60-ek/ddram/target/common/bootstrap.o
 .debug_macro   0x0000f488       0x40 ./build/sam9x60-ek/ddram/target/common/bootstrap.o
 .debug_macro   0x0000f4c8      0x7d2 ./build/sam9x60-ek/ddram/target/common/bootstrap.o
 .debug_macro   0x0000fc9a      0x385 ./build/sam9x60-ek/ddram/target/common/bootstrap.o
 .debug_macro   0x0001001f      0x166 ./build/sam9x60-ek/ddram/target/common/bootstrap.o
 .debug_macro   0x00010185      0x70e ./build/sam9x60-ek/ddram/target/common/bootstrap.o
 .debug_macro   0x00010893      0x41f ./build/sam9x60-ek/ddram/target/common/bootstrap.o
 .debug_macro   0x00010cb2      0x2a0 ./build/sam9x60-ek/ddram/target/common/bootstrap.o
 .debug_macro   0x00010f52       0xd6 ./build/sam9x60-ek/ddram/target/common/bootstrap.o
 .debug_macro   0x00011028      0xa7c ./build/sam9x60-ek/ddram/target/common/bootstrap.o
 .debug_macro   0x00011aa4       0x8e ./build/sam9x60-ek/ddram/target/common/bootstrap.o
 .debug_macro   0x00011b32       0x5e ./build/sam9x60-ek/ddram/target/common/bootstrap.o
 .debug_macro   0x00011b90      0x106 ./build/sam9x60-ek/ddram/target/common/bootstrap.o
 .debug_macro   0x00011c96      0x106 ./build/sam9x60-ek/ddram/target/common/bootstrap.o
 .debug_macro   0x00011d9c       0x82 ./build/sam9x60-ek/ddram/target/common/bootstrap.o
 .debug_macro   0x00011e1e      0x216 ./build/sam9x60-ek/ddram/target/common/bootstrap.o
 .debug_macro   0x00012034      0x216 ./build/sam9x60-ek/ddram/target/common/bootstrap.o
 .debug_macro   0x0001224a      0x6a1 ./build/sam9x60-ek/ddram/target/common/bootstrap.o
 .debug_macro   0x000128eb       0x76 ./build/sam9x60-ek/ddram/target/common/bootstrap.o
 .debug_macro   0x00012961       0x70 ./build/sam9x60-ek/ddram/target/common/bootstrap.o
 .debug_macro   0x000129d1       0xb2 ./build/sam9x60-ek/ddram/target/common/bootstrap.o
 .debug_macro   0x00012a83       0x6a ./build/sam9x60-ek/ddram/target/common/bootstrap.o
 .debug_macro   0x00012aed      0x216 ./build/sam9x60-ek/ddram/target/common/bootstrap.o
 .debug_macro   0x00012d03      0x216 ./build/sam9x60-ek/ddram/target/common/bootstrap.o
 .debug_macro   0x00012f19       0x52 ./build/sam9x60-ek/ddram/target/common/bootstrap.o
 .debug_macro   0x00012f6b       0x52 ./build/sam9x60-ek/ddram/target/common/bootstrap.o
 .debug_macro   0x00012fbd       0x46 ./build/sam9x60-ek/ddram/target/common/bootstrap.o
 .debug_macro   0x00013003       0x8e ./build/sam9x60-ek/ddram/target/common/bootstrap.o
 .debug_macro   0x00013091       0x64 ./build/sam9x60-ek/ddram/target/common/bootstrap.o
 .debug_macro   0x000130f5       0x46 ./build/sam9x60-ek/ddram/target/common/bootstrap.o
 .debug_macro   0x0001313b      0x216 ./build/sam9x60-ek/ddram/target/common/bootstrap.o
 .debug_macro   0x00013351      0x216 ./build/sam9x60-ek/ddram/target/common/bootstrap.o
 .debug_macro   0x00013567      0x15e ./build/sam9x60-ek/ddram/target/common/bootstrap.o
 .debug_macro   0x000136c5      0x15e ./build/sam9x60-ek/ddram/target/common/bootstrap.o
 .debug_macro   0x00013823      0x216 ./build/sam9x60-ek/ddram/target/common/bootstrap.o
 .debug_macro   0x00013a39      0x216 ./build/sam9x60-ek/ddram/target/common/bootstrap.o
 .debug_macro   0x00013c4f      0x216 ./build/sam9x60-ek/ddram/target/common/bootstrap.o
 .debug_macro   0x00013e65      0x216 ./build/sam9x60-ek/ddram/target/common/bootstrap.o
 .debug_macro   0x0001407b      0x216 ./build/sam9x60-ek/ddram/target/common/bootstrap.o
 .debug_macro   0x00014291      0x216 ./build/sam9x60-ek/ddram/target/common/bootstrap.o
 .debug_macro   0x000144a7      0x216 ./build/sam9x60-ek/ddram/target/common/bootstrap.o
 .debug_macro   0x000146bd      0x12e ./build/sam9x60-ek/ddram/target/common/bootstrap.o
 .debug_macro   0x000147eb      0x12e ./build/sam9x60-ek/ddram/target/common/bootstrap.o
 .debug_macro   0x00014919       0xb2 ./build/sam9x60-ek/ddram/target/common/bootstrap.o
 .debug_macro   0x000149cb      0x408 ./build/sam9x60-ek/ddram/target/common/bootstrap.o
 .debug_macro   0x00014dd3      0x26e ./build/sam9x60-ek/ddram/target/common/bootstrap.o
 .debug_macro   0x00015041      0x216 ./build/sam9x60-ek/ddram/target/common/bootstrap.o
 .debug_macro   0x00015257      0x216 ./build/sam9x60-ek/ddram/target/common/bootstrap.o
 .debug_macro   0x0001546d       0xa0 ./build/sam9x60-ek/ddram/target/common/bootstrap.o
 .debug_macro   0x0001550d       0xc4 ./build/sam9x60-ek/ddram/target/common/bootstrap.o
 .debug_macro   0x000155d1       0x3a ./build/sam9x60-ek/ddram/target/common/bootstrap.o
 .debug_macro   0x0001560b       0xe2 ./build/sam9x60-ek/ddram/target/common/bootstrap.o
 .debug_macro   0x000156ed      0x55f ./build/sam9x60-ek/ddram/target/common/bootstrap.o
 .debug_macro   0x00015c4c       0xdc ./build/sam9x60-ek/ddram/target/common/bootstrap.o
 .debug_macro   0x00015d28       0xd0 ./build/sam9x60-ek/ddram/target/common/bootstrap.o
 .debug_macro   0x00015df8       0xbe ./build/sam9x60-ek/ddram/target/common/bootstrap.o
 .debug_macro   0x00015eb6       0x6a ./build/sam9x60-ek/ddram/target/common/bootstrap.o
 .debug_macro   0x00015f20       0xac ./build/sam9x60-ek/ddram/target/common/bootstrap.o
 .debug_macro   0x00015fcc       0x5e ./build/sam9x60-ek/ddram/target/common/bootstrap.o
 .debug_macro   0x0001602a      0x12e ./build/sam9x60-ek/ddram/target/common/bootstrap.o
 .debug_macro   0x00016158      0x12e ./build/sam9x60-ek/ddram/target/common/bootstrap.o
 .debug_macro   0x00016286      0x12e ./build/sam9x60-ek/ddram/target/common/bootstrap.o
 .debug_macro   0x000163b4      0x12e ./build/sam9x60-ek/ddram/target/common/bootstrap.o
 .debug_macro   0x000164e2       0xd6 ./build/sam9x60-ek/ddram/target/common/bootstrap.o
 .debug_macro   0x000165b8       0x1c ./build/sam9x60-ek/ddram/target/common/bootstrap.o
 .debug_macro   0x000165d4       0x22 ./build/sam9x60-ek/ddram/target/common/bootstrap.o
 .debug_macro   0x000165f6       0x2e ./build/sam9x60-ek/ddram/target/common/bootstrap.o
 .debug_macro   0x00016624       0x22 ./build/sam9x60-ek/ddram/target/common/bootstrap.o
 .debug_macro   0x00016646       0x10 ./build/sam9x60-ek/ddram/target/common/bootstrap.o
 .debug_macro   0x00016656       0x10 ./build/sam9x60-ek/ddram/target/common/bootstrap.o