###############################################################################
#
# IAR ELF Linker V8.50.1.245/W32 for ARM                  24/Nov/2020  14:00:51
# Copyright 2007-2020 IAR Systems AB.
#
#    Output file  =
#        C:\work\AtmelSoftPAck\atmel-software-package-2.17\examples\getting_started\build\sama5d4-ek\sram\Exe\getting-started.out
#    Map file     =
#        C:\work\AtmelSoftPAck\atmel-software-package-2.17\examples\getting_started\build\sama5d4-ek\sram\List\getting-started.map
#    Command line =
#        -f C:\Users\c40450\AppData\Local\Temp\EW5DD9.tmp
#        (C:\work\AtmelSoftPAck\atmel-software-package-2.17\examples\getting_started\build\sama5d4-ek\sram\Obj\aic5.o
#        C:\work\AtmelSoftPAck\atmel-software-package-2.17\examples\getting_started\build\sama5d4-ek\sram\Obj\board_console.o
#        C:\work\AtmelSoftPAck\atmel-software-package-2.17\examples\getting_started\build\sama5d4-ek\sram\Obj\board_led.o
#        C:\work\AtmelSoftPAck\atmel-software-package-2.17\examples\getting_started\build\sama5d4-ek\sram\Obj\board_sama5d4-ek.o
#        C:\work\AtmelSoftPAck\atmel-software-package-2.17\examples\getting_started\build\sama5d4-ek\sram\Obj\board_support.o
#        C:\work\AtmelSoftPAck\atmel-software-package-2.17\examples\getting_started\build\sama5d4-ek\sram\Obj\board_timer.o
#        C:\work\AtmelSoftPAck\atmel-software-package-2.17\examples\getting_started\build\sama5d4-ek\sram\Obj\bus.o
#        C:\work\AtmelSoftPAck\atmel-software-package-2.17\examples\getting_started\build\sama5d4-ek\sram\Obj\cache.o
#        C:\work\AtmelSoftPAck\atmel-software-package-2.17\examples\getting_started\build\sama5d4-ek\sram\Obj\callback.o
#        C:\work\AtmelSoftPAck\atmel-software-package-2.17\examples\getting_started\build\sama5d4-ek\sram\Obj\chip.o
#        C:\work\AtmelSoftPAck\atmel-software-package-2.17\examples\getting_started\build\sama5d4-ek\sram\Obj\chip_common.o
#        C:\work\AtmelSoftPAck\atmel-software-package-2.17\examples\getting_started\build\sama5d4-ek\sram\Obj\console.o
#        C:\work\AtmelSoftPAck\atmel-software-package-2.17\examples\getting_started\build\sama5d4-ek\sram\Obj\cstartup.o
#        C:\work\AtmelSoftPAck\atmel-software-package-2.17\examples\getting_started\build\sama5d4-ek\sram\Obj\dbgu.o
#        C:\work\AtmelSoftPAck\atmel-software-package-2.17\examples\getting_started\build\sama5d4-ek\sram\Obj\ddram.o
#        C:\work\AtmelSoftPAck\atmel-software-package-2.17\examples\getting_started\build\sama5d4-ek\sram\Obj\dma.o
#        C:\work\AtmelSoftPAck\atmel-software-package-2.17\examples\getting_started\build\sama5d4-ek\sram\Obj\dma_xdmac.o
#        C:\work\AtmelSoftPAck\atmel-software-package-2.17\examples\getting_started\build\sama5d4-ek\sram\Obj\fault_handlers.o
#        C:\work\AtmelSoftPAck\atmel-software-package-2.17\examples\getting_started\build\sama5d4-ek\sram\Obj\intmath.o
#        C:\work\AtmelSoftPAck\atmel-software-package-2.17\examples\getting_started\build\sama5d4-ek\sram\Obj\irq.o
#        C:\work\AtmelSoftPAck\atmel-software-package-2.17\examples\getting_started\build\sama5d4-ek\sram\Obj\l1cache_cp15.o
#        C:\work\AtmelSoftPAck\atmel-software-package-2.17\examples\getting_started\build\sama5d4-ek\sram\Obj\l2cache_l2cc.o
#        C:\work\AtmelSoftPAck\atmel-software-package-2.17\examples\getting_started\build\sama5d4-ek\sram\Obj\led.o
#        C:\work\AtmelSoftPAck\atmel-software-package-2.17\examples\getting_started\build\sama5d4-ek\sram\Obj\main.o
#        C:\work\AtmelSoftPAck\atmel-software-package-2.17\examples\getting_started\build\sama5d4-ek\sram\Obj\matrix.o
#        C:\work\AtmelSoftPAck\atmel-software-package-2.17\examples\getting_started\build\sama5d4-ek\sram\Obj\mmu_cp15.o
#        C:\work\AtmelSoftPAck\atmel-software-package-2.17\examples\getting_started\build\sama5d4-ek\sram\Obj\mpddrc.o
#        C:\work\AtmelSoftPAck\atmel-software-package-2.17\examples\getting_started\build\sama5d4-ek\sram\Obj\mutex.o
#        C:\work\AtmelSoftPAck\atmel-software-package-2.17\examples\getting_started\build\sama5d4-ek\sram\Obj\nfc.o
#        C:\work\AtmelSoftPAck\atmel-software-package-2.17\examples\getting_started\build\sama5d4-ek\sram\Obj\pio3.o
#        C:\work\AtmelSoftPAck\atmel-software-package-2.17\examples\getting_started\build\sama5d4-ek\sram\Obj\pit.o
#        C:\work\AtmelSoftPAck\atmel-software-package-2.17\examples\getting_started\build\sama5d4-ek\sram\Obj\pmc.o
#        C:\work\AtmelSoftPAck\atmel-software-package-2.17\examples\getting_started\build\sama5d4-ek\sram\Obj\pwmc.o
#        C:\work\AtmelSoftPAck\atmel-software-package-2.17\examples\getting_started\build\sama5d4-ek\sram\Obj\rand.o
#        C:\work\AtmelSoftPAck\atmel-software-package-2.17\examples\getting_started\build\sama5d4-ek\sram\Obj\rstc.o
#        C:\work\AtmelSoftPAck\atmel-software-package-2.17\examples\getting_started\build\sama5d4-ek\sram\Obj\rtc.o
#        C:\work\AtmelSoftPAck\atmel-software-package-2.17\examples\getting_started\build\sama5d4-ek\sram\Obj\seriald.o
#        C:\work\AtmelSoftPAck\atmel-software-package-2.17\examples\getting_started\build\sama5d4-ek\sram\Obj\sfc.o
#        C:\work\AtmelSoftPAck\atmel-software-package-2.17\examples\getting_started\build\sama5d4-ek\sram\Obj\shdwc.o
#        C:\work\AtmelSoftPAck\atmel-software-package-2.17\examples\getting_started\build\sama5d4-ek\sram\Obj\slowclock_sckc.o
#        C:\work\AtmelSoftPAck\atmel-software-package-2.17\examples\getting_started\build\sama5d4-ek\sram\Obj\smc.o
#        C:\work\AtmelSoftPAck\atmel-software-package-2.17\examples\getting_started\build\sama5d4-ek\sram\Obj\syscalls.o
#        C:\work\AtmelSoftPAck\atmel-software-package-2.17\examples\getting_started\build\sama5d4-ek\sram\Obj\tc.o
#        C:\work\AtmelSoftPAck\atmel-software-package-2.17\examples\getting_started\build\sama5d4-ek\sram\Obj\tcd.o
#        C:\work\AtmelSoftPAck\atmel-software-package-2.17\examples\getting_started\build\sama5d4-ek\sram\Obj\timer.o
#        C:\work\AtmelSoftPAck\atmel-software-package-2.17\examples\getting_started\build\sama5d4-ek\sram\Obj\trace.o
#        C:\work\AtmelSoftPAck\atmel-software-package-2.17\examples\getting_started\build\sama5d4-ek\sram\Obj\uart.o
#        C:\work\AtmelSoftPAck\atmel-software-package-2.17\examples\getting_started\build\sama5d4-ek\sram\Obj\usart.o
#        C:\work\AtmelSoftPAck\atmel-software-package-2.17\examples\getting_started\build\sama5d4-ek\sram\Obj\usartd.o
#        C:\work\AtmelSoftPAck\atmel-software-package-2.17\examples\getting_started\build\sama5d4-ek\sram\Obj\wdt.o
#        C:\work\AtmelSoftPAck\atmel-software-package-2.17\examples\getting_started\build\sama5d4-ek\sram\Obj\xdmac.o
#        --redirect _Printf=_PrintfSmallNoMb --redirect _Scanf=_ScanfSmallNoMb
#        --no_out_extension -o
#        C:\work\AtmelSoftPAck\atmel-software-package-2.17\examples\getting_started\build\sama5d4-ek\sram\Exe\getting-started.out
#        --map
#        C:\work\AtmelSoftPAck\atmel-software-package-2.17\examples\getting_started\build\sama5d4-ek\sram\List\getting-started.map
#        --config
#        C:\work\AtmelSoftPAck\atmel-software-package-2.17\examples\getting_started\..\..\target\sama5d4\toolchain\iar\sram.icf
#        --entry __iar_program_start --vfe --text_out locale)
#
###############################################################################

*******************************************************************************
*** RUNTIME MODEL ATTRIBUTES
***

CppFlavor       = *
__SystemLibrary = DLib
__dlib_version  = 6


*******************************************************************************
*** HEAP SELECTION
***

The basic heap was selected because no calls to memory allocation
functions were found in the application outside of system library
functions, and there are calls to deallocation functions in the
application.


*******************************************************************************
*** PLACEMENT SUMMARY
***

"A0":  place at start of [from 0x20'0000 to 0x21'ffff] { section .vectors };
"P1":  place in [from 0x20'0000 to 0x21'ffff] { section .cstartup };
"P2":  place in [from 0x20'0000 to 0x21'ffff] { ro };
"P3":  place in [from 0x20'0000 to 0x21'ffff] { rw };
define block CACHE_ALIGNED_CONST
   with alignment = 32 { section .region_cache_aligned_const };
"P4":  place in [from 0x20'0000 to 0x21'ffff] { block CACHE_ALIGNED_CONST };
"P5":  place in [from 0x20'0000 to 0x21'ffff] { zi };
define block CACHE_ALIGNED
   with alignment = 32 { section .region_cache_aligned };
"P6":  place in [from 0x20'0000 to 0x21'ffff] { block CACHE_ALIGNED };
define block SRAM { section .region_sram };
"P7":  place in [from 0x20'0000 to 0x21'ffff] { block SRAM };
define block HEAP with size = 512, alignment = 4 { };
"P8":  place in [from 0x20'0000 to 0x21'ffff] { block HEAP };
define block IRQ_STACK with size = 96, alignment = 8 { };
"P9":  place in [from 0x20'0000 to 0x21'ffff] { block IRQ_STACK };
define block FIQ_STACK with size = 96, alignment = 8 { };
"P10": place in [from 0x20'0000 to 0x21'ffff] { block FIQ_STACK };
define block ABT_STACK with size = 64, alignment = 8 { };
"P11": place in [from 0x20'0000 to 0x21'ffff] { block ABT_STACK };
define block UND_STACK with size = 64, alignment = 8 { };
"P12": place in [from 0x20'0000 to 0x21'ffff] { block UND_STACK };
define block SYS_STACK with size = 64, alignment = 8 { };
"P13": place in [from 0x20'0000 to 0x21'ffff] { block SYS_STACK };
define block CSTACK with size = 2K, alignment = 8 { };
"P14": place in [from 0x20'0000 to 0x21'ffff] { block CSTACK };
do not initialize { section .region_cache_aligned };

No sections matched the following patterns:

  section .region_cache_aligned_const  in block CACHE_ALIGNED_CONST
  section .region_ddr                  in block DDRAM
  section .region_ddr_cache_aligned    in block DDR_CACHE_ALIGNED
  section .region_nocache              in block NO_CACHE
  section .region_sram                 in block SRAM


  Section                 Kind       Address    Size  Object
  -------                 ----       -------    ----  ------
"A0":                                           0x3c
  .vectors                ro code  0x20'0000    0x3c  cstartup.o [1]
                                 - 0x20'003c    0x3c

"P1-P14", part 1 of 3:                        0x5ae0
  SOFTPACK                ro code  0x20'003c   0xa0c  pmc.o [1]
  .text                   ro code  0x20'0a48   0x1a8  I32DivMod.o [4]
  SOFTPACK                ro code  0x20'0bf0    0x1c  slowclock_sckc.o [1]
  .text                   ro code  0x20'0c0c    0x1e  assert.o [2]
  .text                   ro code  0x20'0c2a    0x2a  printf.o [2]
  SOFTPACK                ro code  0x20'0c54   0x114  chip.o [1]
  .text                   ro code  0x20'0d68     0x4  IntDivZer.o [4]
  Veneer                  ro code  0x20'0d6c     0x8  - Linker created -
  .text                   ro code  0x20'0d74     0x6  abort.o [2]
  .text                   ro code  0x20'0d7a   0x510  xprintfsmall_nomb.o [2]
  .text                   ro code  0x20'128a    0x3a  zero_init3.o [4]
  .text                   ro code  0x20'12c4    0x14  XXexit.o [4]
  .text                   ro code  0x20'12d8    0x20  strchr.o [4]
  .text                   ro code  0x20'12f8    0x2e  xfail_s.o [2]
  .text                   ro code  0x20'1328    0x54  strlen.o [4]
  .text                   ro code  0x20'137c    0x94  memchr.o [4]
  SOFTPACK                ro code  0x20'1410   0x9b4  pio3.o [1]
  SOFTPACK                ro code  0x20'1dc4   0x154  irq.o [1]
  SOFTPACK                ro code  0x20'1f18   0x130  aic5.o [1]
  SOFTPACK                ro code  0x20'2048   0x3ec  matrix.o [1]
  SOFTPACK                ro code  0x20'2434   0x188  l1cache_cp15.o [1]
  SOFTPACK                ro code  0x20'25bc    0x88  cache.o [1]
  SOFTPACK                ro code  0x20'2644   0x134  l2cache_l2cc.o [1]
  SOFTPACK                ro code  0x20'2778   0x5d0  board_support.o [1]
  SOFTPACK                ro code  0x20'2d48    0x18  wdt.o [1]
  SOFTPACK                ro code  0x20'2d60    0x14  board_timer.o [1]
  SOFTPACK                ro code  0x20'2d74   0x220  ddram.o [1]
  SOFTPACK                ro code  0x20'2f94    0x7c  mmu_cp15.o [1]
  .text                   ro code  0x20'3010     0x8  ABImemclr4.o [4]
  SOFTPACK                ro code  0x20'3018   0x1f4  timer.o [1]
  SOFTPACK                ro code  0x20'320c   0x4bc  mpddrc.o [1]
  .text                   ro code  0x20'36c8    0x38  ABImemset48.o [4]
  SOFTPACK                ro code  0x20'3700   0x3fc  tc.o [1]
  SOFTPACK                ro code  0x20'3afc    0xe0  chip_common.o [1]
  .text                   ro code  0x20'3bdc   0x130  I64DivMod.o [4]
  .text                   ro code  0x20'3d0c     0x4  I64DivZer.o [4]
  SOFTPACK                ro code  0x20'3d10   0x284  tcd.o [1]
  SOFTPACK                ro code  0x20'3f94    0x54  callback.o [1]
  SOFTPACK                ro code  0x20'3fe8    0x84  mutex.o [1]
  SOFTPACK                ro code  0x20'406c   0x280  main.o [1]
  SOFTPACK                ro code  0x20'42ec    0xf4  led.o [1]
  SOFTPACK                ro code  0x20'43e0   0x200  console.o [1]
  SOFTPACK                ro code  0x20'45e0   0x1f8  seriald.o [1]
  SOFTPACK                ro code  0x20'47d8    0xac  usart.o [1]
  SOFTPACK                ro code  0x20'4884   0x148  dma.o [1]
  SOFTPACK                ro code  0x20'49cc    0x7c  xdmac.o [1]
  .rodata                 const    0x20'4a48   0x114  main.o [1]
  .rodata                 const    0x20'4b5c   0x110  pio3.o [1]
  .rodata                 const    0x20'4c6c    0xd0  pmc.o [1]
  SOFTPACK                ro code  0x20'4d3c    0xd0  dma_xdmac.o [1]
  .rodata                 const    0x20'4e0c    0xcc  console.o [1]
  .cstartup               ro code  0x20'4ed8    0xbc  cstartup.o [1]
  .text                   ro code  0x20'4f94    0x30  data_init.o [4]
  .text                   ro code  0x20'4fc4    0x28  fpinit.o [3]
  SOFTPACK                ro code  0x20'4fec    0x2c  board_sama5d4-ek.o [1]
  SOFTPACK                ro code  0x20'5018    0x80  board_console.o [1]
  SOFTPACK                ro code  0x20'5098    0x10  board_led.o [1]
  .rodata                 const    0x20'50a8    0xbc  tc.o [1]
  .text                   ro code  0x20'5164    0xa4  cstartup.o [1]
  .rodata                 const    0x20'5208    0x9c  l2cache_l2cc.o [1]
  .rodata                 const    0x20'52a4    0x98  xdmac.o [1]
  .rodata                 const    0x20'533c    0x70  pmc.o [1]
  .rodata                 const    0x20'53ac    0x50  matrix.o [1]
  .rodata                 const    0x20'53fc    0x4c  ddram.o [1]
  .rodata                 const    0x20'5448    0x4c  l1cache_cp15.o [1]
  .rodata                 const    0x20'5494    0x4c  seriald.o [1]
  .rodata                 const    0x20'54e0    0x48  mmu_cp15.o [1]
  .rodata                 const    0x20'5528    0x44  irq.o [1]
  .rodata                 const    0x20'556c    0x44  pmc.o [1]
  .rodata                 const    0x20'55b0    0x38  pio3.o [1]
  .rodata                 const    0x20'55e8    0x28  xprintfsmall_nomb.o [2]
  .rodata                 const    0x20'5610    0x24  seriald.o [1]
  .iar.init_table         const    0x20'5634    0x10  - Linker created -
  .rodata                 const    0x20'5644    0x20  assert.o [2]
  .rodata                 const    0x20'5664    0x20  xfail_s.o [2]
  .rodata                 const    0x20'5684    0x18  board_support.o [1]
  SOFTPACK                ro code  0x20'569c    0x18  syscalls.o [1]
  .text                   ro code  0x20'56b4    0x16  xprout.o [2]
  SOFTPACK                ro code  0x20'56cc    0x10  fault_handlers.o [1]
  .rodata                 const    0x20'56dc     0xc  chip.o [1]
  .rodata                 const    0x20'56e8     0xc  chip.o [1]
  .rodata                 const    0x20'56f4     0xc  chip.o [1]
  .rodata                 const    0x20'5700     0xc  chip.o [1]
  .rodata                 const    0x20'570c     0x0  zero_init3.o [4]
  .data                   rw data  0x20'570c   0x39c  dma.o [1]
  .data                   rw data  0x20'5aa8    0x34  main.o [1]
  .data                   rw data  0x20'5adc    0x30  board_led.o [1]
  .data                   rw data  0x20'5b0c     0xc  pmc.o [1]
  .data                   rw data  0x20'5b18     0x4  trace.o [1]
                                 - 0x20'5b1c  0x5ae0

"P1-P14", part 2 of 3:                        0x6d90
  .bss                    zero     0x20'8000  0x4000  board_support.o [1]
  .bss                    zero     0x20'c000   0x774  irq.o [1]
  .bss                    zero     0x20'c774   0x104  pio3.o [1]
  .bss                    zero     0x20'c878    0x10  console.o [1]
  .bss                    zero     0x20'c888    0x10  timer.o [1]
  .bss                    zero     0x20'c898     0x8  led.o [1]
  .bss                    zero     0x20'c8a0     0x8  tcd.o [1]
  .bss                    zero     0x20'c8a8     0x4  xfail_s.o [2]
                                 - 0x20'c8ac  0x6d90

"P1-P14", part 3 of 3:                         0xd90
  CACHE_ALIGNED                    0x20'c8c0   0x410  <Block>
    .region_cache_aligned
                          uninit   0x20'c8c0   0x410  dma.o [1]
  IRQ_STACK                        0x20'ccd0    0x60  <Block>
    IRQ_STACK             uninit   0x20'ccd0    0x60  <Block tail>
  FIQ_STACK                        0x20'cd30    0x60  <Block>
    FIQ_STACK             uninit   0x20'cd30    0x60  <Block tail>
  ABT_STACK                        0x20'cd90    0x40  <Block>
    ABT_STACK             uninit   0x20'cd90    0x40  <Block tail>
  UND_STACK                        0x20'cdd0    0x40  <Block>
    UND_STACK             uninit   0x20'cdd0    0x40  <Block tail>
  SYS_STACK                        0x20'ce10    0x40  <Block>
    SYS_STACK             uninit   0x20'ce10    0x40  <Block tail>
  CSTACK                           0x20'ce50   0x800  <Block>
    CSTACK                uninit   0x20'ce50   0x800  <Block tail>
                                 - 0x20'd650   0xd90

Unused ranges:

       From         To      Size
       ----         --      ----
  0x20'c8ac  0x20'c8bf      0x14
  0x20'd650  0x21'ffff  0x1'29b0


*******************************************************************************
*** INIT TABLE
***

          Address    Size
          -------    ----
Zero (__iar_zero_init3)
    1 destination range, total size 0x48ac:
          0x20'8000  0x48ac



*******************************************************************************
*** MODULE SUMMARY
***

    Module               ro code  ro data  rw data
    ------               -------  -------  -------
command line/config:
    ----------------------------------------------
    Total:

C:\work\AtmelSoftPAck\atmel-software-package-2.17\examples\getting_started\build\sama5d4-ek\sram\Obj: [1]
    aic5.o                   304
    board_console.o          128
    board_led.o               16                48
    board_sama5d4-ek.o        44
    board_support.o        1'488       24   16'384
    board_timer.o             20
    cache.o                  136
    callback.o                84
    chip.o                   276       48
    chip_common.o            224
    console.o                512      204       16
    cstartup.o               412
    ddram.o                  544       76
    dma.o                    328             1'964
    dma_xdmac.o              208
    fault_handlers.o          16
    irq.o                    340       68    1'908
    l1cache_cp15.o           392       76
    l2cache_l2cc.o           308      156
    led.o                    244                 8
    main.o                   640      276       52
    matrix.o               1'004       80
    mmu_cp15.o               124       72
    mpddrc.o               1'212
    mutex.o                  132
    pio3.o                 2'484      328      260
    pmc.o                  2'572      388       12
    seriald.o                504      112
    slowclock_sckc.o          28
    syscalls.o                24
    tc.o                   1'020      188
    tcd.o                    644                 8
    timer.o                  500                16
    trace.o                                      4
    usart.o                  172
    wdt.o                     24
    xdmac.o                  124      152
    ----------------------------------------------
    Total:                17'232    2'248   20'680

dl7Sx_tln.a: [2]
    abort.o                    6
    assert.o                  30       32
    printf.o                  42
    xfail_s.o                 46       32        4
    xprintfsmall_nomb.o    1'296       40
    xprout.o                  22
    ----------------------------------------------
    Total:                 1'442      104        4

m7Sx_tlv.a: [3]
    fpinit.o                  40
    ----------------------------------------------
    Total:                    40

rt7Sx_tl.a: [4]
    ABImemclr4.o               8
    ABImemset48.o             56
    I32DivMod.o              424
    I64DivMod.o              304
    I64DivZer.o                4
    IntDivZer.o                4
    XXexit.o                  20
    data_init.o               48
    memchr.o                 148
    strchr.o                  32
    strlen.o                  84
    zero_init3.o              58
    ----------------------------------------------
    Total:                 1'190

    Gaps                       4             9'444
    Linker created             8       16    2'432
--------------------------------------------------
    Grand Total:          19'916    2'368   32'560


*******************************************************************************
*** ENTRY LIST
***

Entry                     Address    Size  Type      Object
-----                     -------    ----  ----      ------
.iar.init_table$$Base   0x20'5634           --   Gb  - Linker created -
.iar.init_table$$Limit  0x20'5644           --   Gb  - Linker created -
ABT_STACK$$Base         0x20'cd90           --   Gb  - Linker created -
ABT_STACK$$Limit        0x20'cdd0           --   Gb  - Linker created -
CACHE_ALIGNED$$Base     0x20'c8c0           --   Gb  - Linker created -
CACHE_ALIGNED$$Limit    0x20'ccd0           --   Gb  - Linker created -
CSTACK$$Base            0x20'ce50           --   Gb  - Linker created -
CSTACK$$Limit           0x20'd650           --   Gb  - Linker created -
FIQ_STACK$$Base         0x20'cd30           --   Gb  - Linker created -
FIQ_STACK$$Limit        0x20'cd90           --   Gb  - Linker created -
IRQ_STACK$$Base         0x20'ccd0           --   Gb  - Linker created -
IRQ_STACK$$Limit        0x20'cd30           --   Gb  - Linker created -
Region$$Table$$Base     0x20'5634           --   Gb  - Linker created -
Region$$Table$$Limit    0x20'5644           --   Gb  - Linker created -
SYS_STACK$$Base         0x20'ce10           --   Gb  - Linker created -
SYS_STACK$$Limit        0x20'ce50           --   Gb  - Linker created -
UND_STACK$$Base         0x20'cdd0           --   Gb  - Linker created -
UND_STACK$$Limit        0x20'ce10           --   Gb  - Linker created -
_LitobSmallNoMb         0x20'115b    0xe2  Code  Lc  xprintfsmall_nomb.o [2]
_PrintfSmallNoMb        0x20'0d7b   0x3da  Code  Gb  xprintfsmall_nomb.o [2]
_Prout                  0x20'56b5    0x16  Code  Gb  xprout.o [2]
_PutcharSmallNoMb       0x20'123d    0x20  Code  Lc  xprintfsmall_nomb.o [2]
_PutcharsSmallNoMb      0x20'125d    0x2e  Code  Lc  xprintfsmall_nomb.o [2]
__aeabi_assert          0x20'0c0d    0x1e  Code  Gb  assert.o [2]
__aeabi_idiv            0x20'0a48          Code  Gb  I32DivMod.o [4]
__aeabi_idiv0           0x20'0d68          Code  Gb  IntDivZer.o [4]
__aeabi_idivmod         0x20'0a48          Code  Gb  I32DivMod.o [4]
__aeabi_ldiv0           0x20'3d0c          Code  Gb  I64DivZer.o [4]
__aeabi_memclr4         0x20'3010          Code  Gb  ABImemclr4.o [4]
__aeabi_uidiv           0x20'0a74          Code  Gb  I32DivMod.o [4]
__aeabi_uidivmod        0x20'0a74          Code  Gb  I32DivMod.o [4]
__aeabi_uldivmod        0x20'3bdc          Code  Gb  I64DivMod.o [4]
__exit                  0x20'12c4          Code  Gb  XXexit.o [4]
__iar_Fail_s            0x20'12f9    0x2e  Code  Gb  xfail_s.o [2]
__iar_Memchr            0x20'137c          Code  Gb  memchr.o [4]
__iar_Memset4_word      0x20'36c8          Code  Gb  ABImemset48.o [4]
__iar_Memset8_word      0x20'36c8          Code  Gb  ABImemset48.o [4]
__iar_Strchr            0x20'12d8          Code  Gb  strchr.o [4]
__iar_data_init3        0x20'4f95    0x30  Code  Gb  data_init.o [4]
__iar_init_vfp          0x20'4fd8          Code  Gb  fpinit.o [3]
__iar_init_vfp_v6       0x20'4fc4          Code  Gb  fpinit.o [3]
__iar_program_start     0x20'4ed8          Code  Gb  cstartup.o [1]
__iar_zero_init3        0x20'128b    0x3a  Code  Gb  zero_init3.o [4]
_aic_initialize         0x20'1f2c    0x64  Code  Lc  aic5.o [1]
_default_irq_handler    0x20'1dc4    0x4c  Code  Lc  irq.o [1]
_dma_ctrl               0x20'570c   0x394  Data  Lc  dma.o [1]
_dma_sg_pool            0x20'c8c0   0x410  Data  Lc  dma.o [1]
_exid_names             0x20'0d3c    0x20  Data  Lc  chip.o [1]
_h64_peripherals        0x20'0d5c     0xc  Data  Lc  chip.o [1]
_handler_push::i        0x20'c874     0x4  Data  Lc  pio3.o [1]
_handlers               0x20'c774   0x100  Data  Lc  pio3.o [1]
_pio_handle_interrupt   0x20'1410    0x50  Code  Lc  pio3.o [1]
_pio_handler            0x20'1460    0xc0  Code  Lc  pio3.o [1]
_pmc_get_system_clock_bits
                        0x20'003c    0x80  Code  Lc  pmc.o [1]
_pmc_main_oscillators   0x20'5b0c     0x8  Data  Lc  pmc.o [1]
_pmc_mck                0x20'5b14     0x4  Data  Lc  pmc.o [1]
_pmc_measure_main_osc_freq
                        0x20'00bc    0x58  Code  Lc  pmc.o [1]
_reset_vector           0x20'0000          Data  Gb  cstartup.o [1]
_send_ddr_cmd           0x20'3308    0x28  Code  Lc  mpddrc.o [1]
_send_ext_lmr_cmd       0x20'3330    0x30  Code  Lc  mpddrc.o [1]
_set_ddr_timings        0x20'320c    0xfc  Code  Lc  mpddrc.o [1]
_tc_handler             0x20'40f0    0x54  Code  Lc  main.o [1]
_tcd_counter_handler    0x20'3d10    0x40  Code  Lc  tcd.o [1]
_timer                  0x20'c888    0x10  Data  Lc  timer.o [1]
_timer_get_tick         0x20'3058    0x3c  Code  Lc  timer.o [1]
abort                   0x20'0d75     0x6  Code  Gb  abort.o [2]
aic_enable              0x20'1fd8    0x50  Code  Gb  aic5.o [1]
aic_get_current_interrupt_source
                        0x20'2028     0xc  Code  Gb  aic5.o [1]
aic_initialize          0x20'1f90    0x48  Code  Gb  aic5.o [1]
arch_irq_disable        0x20'1f20     0x8  Code  Lc  aic5.o [1]
arch_irq_disable        0x20'3020     0x8  Code  Lc  timer.o [1]
arch_irq_enable         0x20'1f18     0x8  Code  Lc  aic5.o [1]
arch_irq_enable         0x20'3018     0x8  Code  Lc  timer.o [1]
board_cfg_clocks        0x20'2780    0x58  Code  Gb  board_support.o [1]
board_cfg_console       0x20'5018    0x60  Code  Gb  board_console.o [1]
board_cfg_console::rx_pin
                        0x20'5088    0x10  Data  Lc  board_console.o [1]
board_cfg_console::tx_pin
                        0x20'5078    0x10  Data  Lc  board_console.o [1]
board_cfg_led           0x20'5098    0x10  Code  Gb  board_led.o [1]
board_cfg_lowlevel      0x20'27d8    0x74  Code  Gb  board_support.o [1]
board_cfg_matrix_for_ddr
                        0x20'2af4   0x23c  Code  Gb  board_support.o [1]
board_cfg_mmu           0x20'284c   0x2a8  Code  Gb  board_support.o [1]
board_cfg_timer         0x20'2d60    0x14  Code  Gb  board_timer.o [1]
board_init              0x20'4fec    0x2c  Code  Wk  board_sama5d4-ek.o [1]
button_pins             0x20'42dc    0x10  Data  Lc  main.o [1]
cache_clean_region      0x20'2600    0x44  Code  Gb  cache.o [1]
cache_invalidate_region
                        0x20'25bc    0x44  Code  Gb  cache.o [1]
callback_call           0x20'3fc8    0x20  Code  Gb  callback.o [1]
callback_copy           0x20'3fa4    0x24  Code  Gb  callback.o [1]
callback_set            0x20'3f94    0x10  Code  Gb  callback.o [1]
console                 0x20'c878    0x10  Data  Lc  console.o [1]
console_configure       0x20'43e0    0x84  Code  Gb  console.o [1]
console_enable_rx_interrupt
                        0x20'4478     0x8  Code  Gb  console.o [1]
console_example_info    0x20'4480    0xfc  Code  Gb  console.o [1]
console_handler         0x20'4144    0x58  Code  Lc  main.o [1]
console_put_char        0x20'4464     0x8  Code  Gb  console.o [1]
console_set_rx_handler  0x20'446c     0xc  Code  Gb  console.o [1]
controllers             0x20'5aa0     0x8  Data  Lc  dma.o [1]
data_abort_irq_handler  0x20'56d4     0x4  Code  Gb  fault_handlers.o [1]
dcache_clean_region     0x20'254c    0x4c  Code  Gb  l1cache_cp15.o [1]
dcache_enable           0x20'2490    0x3c  Code  Gb  l1cache_cp15.o [1]
dcache_invalidate       0x20'24cc    0x34  Code  Gb  l1cache_cp15.o [1]
dcache_invalidate_region
                        0x20'2500    0x4c  Code  Gb  l1cache_cp15.o [1]
dcache_is_enabled       0x20'2478    0x18  Code  Gb  l1cache_cp15.o [1]
ddram_configure         0x20'2f18    0x34  Code  Gb  ddram.o [1]
ddram_init_descriptor   0x20'2d74   0x1a4  Code  Gb  ddram.o [1]
dma_initialize          0x20'4884   0x13c  Code  Gb  dma.o [1]
dma_irq_handler         0x20'4d3c    0xd0  Code  Gb  dma_xdmac.o [1]
fiqHandler              0x20'5164          Code  Gb  cstartup.o [1]
get_board_name          0x20'2778     0x8  Code  Gb  board_support.o [1]
get_chip_name           0x20'0c54    0x64  Code  Gb  chip.o [1]
get_peripheral_clock_matrix_div
                        0x20'0cec    0x3c  Code  Gb  chip.o [1]
get_peripheral_matrix   0x20'0cb8    0x34  Code  Gb  chip.o [1]
get_tc_id_from_addr     0x20'3b0c    0x40  Code  Gb  chip_common.o [1]
get_usart_id_from_addr  0x20'3b4c    0x68  Code  Gb  chip_common.o [1]
get_xdmac_addr_from_id  0x20'3bb4    0x20  Code  Gb  chip_common.o [1]
handlers                0x20'c664   0x110  Data  Lc  irq.o [1]
handlers_pool           0x20'c000   0x660  Data  Lc  irq.o [1]
icache_enable           0x20'2454    0x24  Code  Gb  l1cache_cp15.o [1]
icache_invalidate       0x20'2434    0x10  Code  Gb  l1cache_cp15.o [1]
icache_is_enabled       0x20'2444    0x10  Code  Gb  l1cache_cp15.o [1]
irqHandler              0x20'51a8          Code  Gb  cstartup.o [1]
irq_add_handler         0x20'1e68    0x90  Code  Gb  irq.o [1]
irq_enable              0x20'1f00     0x4  Code  Gb  irq.o [1]
irq_initialize          0x20'1e10    0x58  Code  Gb  irq.o [1]
l2cache_clean_region    0x20'26e0    0x88  Code  Gb  l2cache_l2cc.o [1]
l2cache_invalidate_region
                        0x20'2658    0x88  Code  Gb  l2cache_l2cc.o [1]
l2cache_is_enabled      0x20'2644    0x14  Code  Gb  l2cache_l2cc.o [1]
led_clear               0x20'4338    0x3c  Code  Gb  led.o [1]
led_configure           0x20'42ec    0x10  Code  Gb  led.o [1]
led_count               0x20'c89c     0x4  Data  Lc  led.o [1]
led_set                 0x20'42fc    0x3c  Code  Gb  led.o [1]
led_status              0x20'5aa8     0x4  Data  Gb  main.o [1]
led_toggle              0x20'4384    0x58  Code  Gb  led.o [1]
main                    0x20'41a4    0xf4  Code  Gb  main.o [1]
matrix_configure_slave_sec
                        0x20'20cc    0x18  Code  Gb  matrix.o [1]
matrix_is_peripheral_secured
                        0x20'21a0    0x24  Code  Gb  matrix.o [1]
matrix_master_priority_for_slave
                        0x20'2048    0x84  Code  Gb  matrix.o [1]
matrix_remap_ram        0x20'21d0    0x3c  Code  Gb  matrix.o [1]
matrix_remove_write_protection
                        0x20'21c4     0xc  Code  Gb  matrix.o [1]
matrix_set_default_config
                        0x20'221c   0x1f4  Code  Gb  matrix.o [1]
matrix_set_slave_region_size
                        0x20'212c    0x74  Code  Gb  matrix.o [1]
matrix_set_slave_split_addr
                        0x20'20e4    0x48  Code  Gb  matrix.o [1]
memchr                  0x20'137c          Code  Gb  memchr.o [4]
mmu_configure           0x20'2f94    0x40  Code  Gb  mmu_cp15.o [1]
mmu_enable              0x20'2fe4    0x18  Code  Gb  mmu_cp15.o [1]
mmu_is_enabled          0x20'2fd8     0xc  Code  Gb  mmu_cp15.o [1]
mpddrc_configure        0x20'3360   0x33c  Code  Gb  mpddrc.o [1]
msleep                  0x20'3130    0x20  Code  Gb  timer.o [1]
mutex_is_locked         0x20'4058    0x14  Code  Gb  mutex.o [1]
mutex_lock              0x20'3fe8    0x30  Code  Gb  mutex.o [1]
mutex_try_lock          0x20'4018    0x30  Code  Gb  mutex.o [1]
mutex_unlock            0x20'4048    0x10  Code  Gb  mutex.o [1]
next_free_handler       0x20'c660     0x4  Data  Lc  irq.o [1]
pins_leds               0x20'5adc    0x30  Data  Lc  board_led.o [1]
pins_leds               0x20'c898     0x4  Data  Lc  led.o [1]
pio_add_handler_to_group
                        0x20'1b20    0xcc  Code  Gb  pio3.o [1]
pio_clear               0x20'1978    0x60  Code  Gb  pio3.o [1]
pio_configure           0x20'1520   0x3f4  Code  Gb  pio3.o [1]
pio_enable_it           0x20'1ca8    0x80  Code  Gb  pio3.o [1]
pio_get_output_data_status
                        0x20'19e4    0x64  Code  Gb  pio3.o [1]
pio_handler             0x20'40b8    0x38  Code  Lc  main.o [1]
pio_reset_all_it        0x20'1bec    0xbc  Code  Gb  pio3.o [1]
pio_set                 0x20'1914    0x64  Code  Gb  pio3.o [1]
pio_set_debounce_filter
                        0x20'1a54    0xcc  Code  Gb  pio3.o [1]
pmc_configure_peripheral
                        0x20'08b4    0x44  Code  Gb  pmc.o [1]
pmc_configure_plla      0x20'07f0    0x54  Code  Gb  pmc.o [1]
pmc_disable_peripheral  0x20'0944    0x44  Code  Gb  pmc.o [1]
pmc_enable_external_osc
                        0x20'053c    0xc8  Code  Gb  pmc.o [1]
pmc_enable_peripheral   0x20'08f8    0x4c  Code  Gb  pmc.o [1]
pmc_enable_system_clock
                        0x20'0844    0x68  Code  Gb  pmc.o [1]
pmc_get_master_clock    0x20'02dc   0x148  Code  Gb  pmc.o [1]
pmc_get_peripheral_clock
                        0x20'09d0    0x40  Code  Gb  pmc.o [1]
pmc_get_processor_clock
                        0x20'042c    0x40  Code  Gb  pmc.o [1]
pmc_get_slow_clock      0x20'0424     0x8  Code  Gb  pmc.o [1]
pmc_is_peripheral_enabled
                        0x20'0988    0x48  Code  Gb  pmc.o [1]
pmc_select_external_osc
                        0x20'046c    0xd0  Code  Gb  pmc.o [1]
pmc_select_internal_osc
                        0x20'060c    0x64  Code  Gb  pmc.o [1]
pmc_set_main_oscillator_freq
                        0x20'0114   0x1c8  Code  Gb  pmc.o [1]
pmc_set_mck_divider     0x20'07a8    0x30  Code  Gb  pmc.o [1]
pmc_set_mck_h32mxdiv    0x20'0768    0x40  Code  Gb  pmc.o [1]
pmc_set_mck_plladiv2    0x20'0728    0x40  Code  Gb  pmc.o [1]
pmc_set_mck_prescaler   0x20'06f4    0x34  Code  Gb  pmc.o [1]
pmc_switch_mck_to_main  0x20'06c4    0x10  Code  Gb  pmc.o [1]
pmc_switch_mck_to_new_source
                        0x20'067c    0x34  Code  Gb  pmc.o [1]
pmc_switch_mck_to_pll   0x20'06b0    0x14  Code  Gb  pmc.o [1]
prefetch_abort_irq_handler
                        0x20'56d8     0x4  Code  Gb  fault_handlers.o [1]
printf                  0x20'0c2b    0x2a  Code  Gb  printf.o [2]
process_button_evt      0x20'406c    0x4c  Code  Lc  main.o [1]
putchar                 0x20'569c    0x18  Code  Wk  syscalls.o [1]
sec_hand                0x20'c8a8     0x4  Data  Lc  xfail_s.o [2]
seriald_configure       0x20'4614    0x7c  Code  Gb  seriald.o [1]
seriald_enable_rx_interrupt
                        0x20'4790    0x48  Code  Gb  seriald.o [1]
seriald_get_char        0x20'46fc    0x44  Code  Gb  seriald.o [1]
seriald_handler         0x20'45e0    0x34  Code  Lc  seriald.o [1]
seriald_is_rx_ready     0x20'474c    0x2c  Code  Gb  seriald.o [1]
seriald_ops_usart       0x20'5610    0x24  Data  Lc  seriald.o [1]
seriald_put_char        0x20'4690    0x28  Code  Gb  seriald.o [1]
seriald_put_string      0x20'46b8    0x44  Code  Gb  seriald.o [1]
seriald_set_rx_handler  0x20'4778    0x18  Code  Gb  seriald.o [1]
slowclock_get_clock     0x20'0bf0    0x18  Code  Gb  slowclock_sckc.o [1]
software_interrupt_irq_handler
                        0x20'56d0     0x4  Code  Gb  fault_handlers.o [1]
spurious_handler        0x20'1f28     0x4  Code  Lc  aic5.o [1]
strchr                  0x20'12d8          Code  Gb  strchr.o [4]
strlen                  0x20'1328          Code  Gb  strlen.o [4]
tc                      0x20'5aac    0x30  Data  Gb  main.o [1]
tc_configure            0x20'3700    0x4c  Code  Gb  tc.o [1]
tc_enable_it            0x20'37bc    0x38  Code  Gb  tc.o [1]
tc_find_best_clock_source
                        0x20'37f4    0xe8  Code  Gb  tc.o [1]
tc_find_best_clock_source::tcclks
                        0x20'3ae8    0x14  Data  Lc  tc.o [1]
tc_get_available_freq   0x20'3910    0x64  Code  Gb  tc.o [1]
tc_get_channel_freq     0x20'3974    0x44  Code  Gb  tc.o [1]
tc_get_cv               0x20'3ab0    0x34  Code  Gb  tc.o [1]
tc_get_ra_rb_rc         0x20'3a48    0x68  Code  Gb  tc.o [1]
tc_get_status           0x20'38dc    0x34  Code  Gb  tc.o [1]
tc_set_ra_rb_rc         0x20'39b8    0x90  Code  Gb  tc.o [1]
tc_start                0x20'374c    0x3c  Code  Gb  tc.o [1]
tc_stop                 0x20'3788    0x34  Code  Gb  tc.o [1]
tcd_configure_counter   0x20'3d54    0xd8  Code  Gb  tcd.o [1]
tcd_start               0x20'3e2c   0x134  Code  Gb  tcd.o [1]
tcd_stop                0x20'3f60    0x34  Code  Gb  tcd.o [1]
timer_configure         0x20'3094    0x9c  Code  Gb  timer.o [1]
timer_irq_handler       0x20'302c     0x4  Code  Lc  timer.o [1]
timer_update_upper_tick_counter
                        0x20'3028     0x4  Code  Lc  timer.o [1]
timetick                0x20'c8a0     0x8  Data  Gb  tcd.o [1]
tlb                     0x20'8000  0x4000  Data  Lc  board_support.o [1]
trace_level             0x20'5b18     0x4  Data  Gb  trace.o [1]
undefined_instruction_irq_handler
                        0x20'56cc     0x4  Code  Gb  fault_handlers.o [1]
usart_configure         0x20'47d8    0x58  Code  Gb  usart.o [1]
usart_disable_it        0x20'4838     0x8  Code  Gb  usart.o [1]
usart_enable_it         0x20'4830     0x8  Code  Gb  usart.o [1]
usart_get_char          0x20'4870    0x14  Code  Gb  usart.o [1]
usart_is_rx_ready       0x20'4840     0xc  Code  Gb  usart.o [1]
usart_is_tx_empty       0x20'484c     0x8  Code  Gb  usart.o [1]
usart_put_char          0x20'485c    0x14  Code  Gb  usart.o [1]
usleep                  0x20'31a0    0x64  Code  Gb  timer.o [1]
wdt_disable             0x20'2d48     0xc  Code  Gb  wdt.o [1]
xdmac_get_channel_isr   0x20'4a10    0x34  Code  Gb  xdmac.o [1]
xdmac_get_channel_it_mask
                        0x20'49dc    0x34  Code  Gb  xdmac.o [1]
xdmac_get_global_channel_status
                        0x20'49d4     0x8  Code  Gb  xdmac.o [1]
xdmac_get_global_isr    0x20'49cc     0x8  Code  Gb  xdmac.o [1]


[1] = C:\work\AtmelSoftPAck\atmel-software-package-2.17\examples\getting_started\build\sama5d4-ek\sram\Obj
[2] = dl7Sx_tln.a
[3] = m7Sx_tlv.a
[4] = rt7Sx_tl.a

  19'916 bytes of readonly  code memory
   2'368 bytes of readonly  data memory
  32'560 bytes of readwrite data memory

Errors: none
Warnings: none
